Archive member included to satisfy reference by file (symbol)

C:/SiliconLabs/SimplicityStudio/v4/developer/sdks/gecko_sdk_suite/v2.3//platform/radio/rail_lib/autogen/librail_release/librail_efr32xg1_gcc_release.a(rail_singleprotocol.o)
                              ./yes/yes_radio.o (RAIL_Init)
C:/SiliconLabs/SimplicityStudio/v4/developer/sdks/gecko_sdk_suite/v2.3//platform/radio/rail_lib/autogen/librail_release/librail_efr32xg1_gcc_release.a(rail_rf.o)
                              C:/SiliconLabs/SimplicityStudio/v4/developer/sdks/gecko_sdk_suite/v2.3//platform/radio/rail_lib/autogen/librail_release/librail_efr32xg1_gcc_release.a(rail_singleprotocol.o) (RAILCore_Init)
C:/SiliconLabs/SimplicityStudio/v4/developer/sdks/gecko_sdk_suite/v2.3//platform/radio/rail_lib/autogen/librail_release/librail_efr32xg1_gcc_release.a(rail_rx.o)
                              C:/SiliconLabs/SimplicityStudio/v4/developer/sdks/gecko_sdk_suite/v2.3//platform/radio/rail_lib/autogen/librail_release/librail_efr32xg1_gcc_release.a(rail_singleprotocol.o) (RAILCore_StartRx)
C:/SiliconLabs/SimplicityStudio/v4/developer/sdks/gecko_sdk_suite/v2.3//platform/radio/rail_lib/autogen/librail_release/librail_efr32xg1_gcc_release.a(rail_tx.o)
                              C:/SiliconLabs/SimplicityStudio/v4/developer/sdks/gecko_sdk_suite/v2.3//platform/radio/rail_lib/autogen/librail_release/librail_efr32xg1_gcc_release.a(rail_singleprotocol.o) (RAILCore_StartTxStream)
C:/SiliconLabs/SimplicityStudio/v4/developer/sdks/gecko_sdk_suite/v2.3//platform/radio/rail_lib/autogen/librail_release/librail_efr32xg1_gcc_release.a(rail_calibration.o)
                              ./yes/yes_radio.o (RAIL_ConfigCal)
C:/SiliconLabs/SimplicityStudio/v4/developer/sdks/gecko_sdk_suite/v2.3//platform/radio/rail_lib/autogen/librail_release/librail_efr32xg1_gcc_release.a(rail_data.o)
                              ./yes/yes_radio.o (RAIL_ConfigData)
C:/SiliconLabs/SimplicityStudio/v4/developer/sdks/gecko_sdk_suite/v2.3//platform/radio/rail_lib/autogen/librail_release/librail_efr32xg1_gcc_release.a(rail_assert.o)
                              ./pa-conversions/pa_conversions_efr32.o (RAILCb_AssertFailed)
C:/SiliconLabs/SimplicityStudio/v4/developer/sdks/gecko_sdk_suite/v2.3//platform/radio/rail_lib/autogen/librail_release/librail_efr32xg1_gcc_release.a(rail_pti.o)
                              ./hal-efr32/hal_efr.o (RAIL_ConfigPti)
C:/SiliconLabs/SimplicityStudio/v4/developer/sdks/gecko_sdk_suite/v2.3//platform/radio/rail_lib/autogen/librail_release/librail_efr32xg1_gcc_release.a(rail_rssi.o)
                              C:/SiliconLabs/SimplicityStudio/v4/developer/sdks/gecko_sdk_suite/v2.3//platform/radio/rail_lib/autogen/librail_release/librail_efr32xg1_gcc_release.a(rail_singleprotocol.o) (RAILCore_GetRssi)
C:/SiliconLabs/SimplicityStudio/v4/developer/sdks/gecko_sdk_suite/v2.3//platform/radio/rail_lib/autogen/librail_release/librail_efr32xg1_gcc_release.a(rail_timer.o)
                              ./app_hal.o (RAIL_GetTime)
C:/SiliconLabs/SimplicityStudio/v4/developer/sdks/gecko_sdk_suite/v2.3//platform/radio/rail_lib/autogen/librail_release/librail_efr32xg1_gcc_release.a(tmrdrv.o)
                              C:/SiliconLabs/SimplicityStudio/v4/developer/sdks/gecko_sdk_suite/v2.3//platform/radio/rail_lib/autogen/librail_release/librail_efr32xg1_gcc_release.a(rail_timer.o) (TMRDRV_SetupTimer)
C:/SiliconLabs/SimplicityStudio/v4/developer/sdks/gecko_sdk_suite/v2.3//platform/radio/rail_lib/autogen/librail_release/librail_efr32xg1_gcc_release.a(tmrdrv_config.o)
                              C:/SiliconLabs/SimplicityStudio/v4/developer/sdks/gecko_sdk_suite/v2.3//platform/radio/rail_lib/autogen/librail_release/librail_efr32xg1_gcc_release.a(tmrdrv.o) (TMRDRV_GetHwTime)
C:/SiliconLabs/SimplicityStudio/v4/developer/sdks/gecko_sdk_suite/v2.3//platform/radio/rail_lib/autogen/librail_release/librail_efr32xg1_gcc_release.a(rail_ieee802154.o)
                              ./yes/yes_radio.o (RAIL_IEEE802154_Init)
C:/SiliconLabs/SimplicityStudio/v4/developer/sdks/gecko_sdk_suite/v2.3//platform/radio/rail_lib/autogen/librail_release/librail_efr32xg1_gcc_release.a(rail_rf_hal.o)
                              C:/SiliconLabs/SimplicityStudio/v4/developer/sdks/gecko_sdk_suite/v2.3//platform/radio/rail_lib/autogen/librail_release/librail_efr32xg1_gcc_release.a(rail_rf.o) (RFHAL_SetFixedLength)
C:/SiliconLabs/SimplicityStudio/v4/developer/sdks/gecko_sdk_suite/v2.3//platform/radio/rail_lib/autogen/librail_release/librail_efr32xg1_gcc_release.a(rail_ieee802154_rf_hal.o)
                              C:/SiliconLabs/SimplicityStudio/v4/developer/sdks/gecko_sdk_suite/v2.3//platform/radio/rail_lib/autogen/librail_release/librail_efr32xg1_gcc_release.a(rail_ieee802154.o) (RFHAL_IEEE802154Disable)
C:/SiliconLabs/SimplicityStudio/v4/developer/sdks/gecko_sdk_suite/v2.3//platform/radio/rail_lib/autogen/librail_release/librail_efr32xg1_gcc_release.a(ieee802154_efr32xg1_configurator_out.o)
[...]
Memory Configuration

Name             Origin             Length             Attributes
FLASH            0x00000000         0x00040000         xr
RAM              0x20000000         0x00007c00         xrw
*default*        0x00000000         0xffffffff

Linker script and memory map

LOAD c:/siliconlabs/simplicitystudio/v4/developer/toolchains/gnu_arm/7.2_2017q4/bin/../lib/gcc/arm-none-eabi/7.2.1/thumb/v7e-m/fpv4-sp/softfp/crti.o
LOAD c:/siliconlabs/simplicitystudio/v4/developer/toolchains/gnu_arm/7.2_2017q4/bin/../lib/gcc/arm-none-eabi/7.2.1/thumb/v7e-m/fpv4-sp/softfp/crtbegin.o
LOAD c:/siliconlabs/simplicitystudio/v4/developer/toolchains/gnu_arm/7.2_2017q4/bin/../lib/gcc/arm-none-eabi/7.2.1/../../../../arm-none-eabi/lib/thumb/v7e-m/fpv4-sp/softfp/crt0.o
                0x00040000                FLASH_SIZE = 0x40000
                0x00008000                RAM_SIZE = 0x8000
                0x00000000                SIMEEPROM_SIZE = 0x0
                0x00000001                NULL_BTL = 0x1
START GROUP
LOAD ./app_hal.o
LOAD ./app_main.o
LOAD ./rail_config.o
LOAD ./buffer-pool-memory-manager/buffer_pool_allocator.o
LOAD ./circular-queue/circular_queue.o
LOAD ./command-interpreter-rail/command_interpreter.o
LOAD ./emdrv/dmadrv.o
LOAD ./emdrv/gpiointerrupt.o
LOAD ./emdrv/rtcdriver.o
LOAD ./emdrv/sleep.o
LOAD ./emdrv/tempdrv.o
LOAD ./emdrv/uartdrv.o
LOAD ./emdrv/ustimer.o
LOAD ./emlib/em_adc.o
LOAD ./emlib/em_cmu.o
LOAD ./emlib/em_core.o
LOAD ./emlib/em_emu.o
LOAD ./emlib/em_gpio.o
LOAD ./emlib/em_i2c.o
LOAD ./emlib/em_ldma.o
LOAD ./emlib/em_leuart.o
LOAD ./emlib/em_mpu.o
LOAD ./emlib/em_msc.o
LOAD ./emlib/em_prs.o
LOAD ./emlib/em_rmu.o
LOAD ./emlib/em_rtcc.o
LOAD ./emlib/em_system.o
LOAD ./emlib/em_timer.o
LOAD ./emlib/em_usart.o
LOAD ./emlib/em_wdog.o
LOAD ./emlib/system_efr32fg1p.o
LOAD ./hal-efr32/bsp_init.o
LOAD ./hal-efr32/bsp_stk.o
LOAD ./hal-efr32/bsp_stk_leds.o
LOAD ./hal-efr32/dmactrl.o
LOAD ./hal-efr32/em_assert.o
LOAD ./hal-efr32/em_rtc.o
LOAD ./hal-efr32/hal_common.o
LOAD ./hal-efr32/hal_efr.o
LOAD ./hal-efr32/i2cspm.o
LOAD ./hal-efr32/retargetio.o
LOAD ./hal-efr32/retargetserial.o
LOAD ./hal-efr32/udelay.o
LOAD ./pa-conversions/pa_conversions_efr32.o
LOAD ./rail-app-config/EFR32_F_1_1_P/gcc/startup_efr32fg1p.o
LOAD ./response-printf/response_print.o
LOAD ./user_data/user_data.o
LOAD ./yes/my_uart.o
LOAD ./yes/parameter_ci.o
LOAD ./yes/yes_radio.o
LOAD C:/SiliconLabs/SimplicityStudio/v4/developer/sdks/gecko_sdk_suite/v2.3//platform/radio/rail_lib/autogen/librail_release/librail_efr32xg1_gcc_release.a
LOAD c:/siliconlabs/simplicitystudio/v4/developer/toolchains/gnu_arm/7.2_2017q4/bin/../lib/gcc/arm-none-eabi/7.2.1/../../../../arm-none-eabi/lib/thumb/v7e-m/fpv4-sp/softfp\libm.a
END GROUP
START GROUP
LOAD c:/siliconlabs/simplicitystudio/v4/developer/toolchains/gnu_arm/7.2_2017q4/bin/../lib/gcc/arm-none-eabi/7.2.1/thumb/v7e-m/fpv4-sp/softfp\libgcc.a
LOAD c:/siliconlabs/simplicitystudio/v4/developer/toolchains/gnu_arm/7.2_2017q4/bin/../lib/gcc/arm-none-eabi/7.2.1/../../../../arm-none-eabi/lib/thumb/v7e-m/fpv4-sp/softfp\libc_nano.a
LOAD c:/siliconlabs/simplicitystudio/v4/developer/toolchains/gnu_arm/7.2_2017q4/bin/../lib/gcc/arm-none-eabi/7.2.1/../../../../arm-none-eabi/lib/thumb/v7e-m/fpv4-sp/softfp\libnosys.a
END GROUP
START GROUP
LOAD c:/siliconlabs/simplicitystudio/v4/developer/toolchains/gnu_arm/7.2_2017q4/bin/../lib/gcc/arm-none-eabi/7.2.1/thumb/v7e-m/fpv4-sp/softfp\libgcc.a
LOAD c:/siliconlabs/simplicitystudio/v4/developer/toolchains/gnu_arm/7.2_2017q4/bin/../lib/gcc/arm-none-eabi/7.2.1/../../../../arm-none-eabi/lib/thumb/v7e-m/fpv4-sp/softfp\libg_nano.a
LOAD c:/siliconlabs/simplicitystudio/v4/developer/toolchains/gnu_arm/7.2_2017q4/bin/../lib/gcc/arm-none-eabi/7.2.1/../../../../arm-none-eabi/lib/thumb/v7e-m/fpv4-sp/softfp\libc_nano.a
END GROUP
START GROUP
LOAD c:/siliconlabs/simplicitystudio/v4/developer/toolchains/gnu_arm/7.2_2017q4/bin/../lib/gcc/arm-none-eabi/7.2.1/thumb/v7e-m/fpv4-sp/softfp\libgcc.a
LOAD c:/siliconlabs/simplicitystudio/v4/developer/toolchains/gnu_arm/7.2_2017q4/bin/../lib/gcc/arm-none-eabi/7.2.1/../../../../arm-none-eabi/lib/thumb/v7e-m/fpv4-sp/softfp\libc_nano.a
END GROUP
LOAD c:/siliconlabs/simplicitystudio/v4/developer/toolchains/gnu_arm/7.2_2017q4/bin/../lib/gcc/arm-none-eabi/7.2.1/thumb/v7e-m/fpv4-sp/softfp/crtend.o
LOAD c:/siliconlabs/simplicitystudio/v4/developer/toolchains/gnu_arm/7.2_2017q4/bin/../lib/gcc/arm-none-eabi/7.2.1/thumb/v7e-m/fpv4-sp/softfp/crtn.o

.text           0x00000000     0xbd1c
 *(.vectors)
 .vectors       0x00000000       0xc8 ./rail-app-config/EFR32_F_1_1_P/gcc/startup_efr32fg1p.o
                0x00000000                __Vectors
                0x000000c8                __Vectors_End = .
                0x000000c8                __Vectors_Size = (__Vectors_End - __Vectors)
                0x000000c8                __end__ = .
 *(.text*)
 .text          0x000000c8       0x40 c:/siliconlabs/simplicitystudio/v4/developer/toolchains/gnu_arm/7.2_2017q4/bin/../lib/gcc/arm-none-eabi/7.2.1/thumb/v7e-m/fpv4-sp/softfp/crtbegin.o
 .text          0x00000108       0x74 c:/siliconlabs/simplicitystudio/v4/developer/toolchains/gnu_arm/7.2_2017q4/bin/../lib/gcc/arm-none-eabi/7.2.1/../../../../arm-none-eabi/lib/thumb/v7e-m/fpv4-sp/softfp/crt0.o
                0x00000108                _start
                0x00000108                _mainCRTStartup
 .text.appHalInit
                0x0000017c       0x1c ./app_hal.o
                0x0000017c                appHalInit
 .text.LedToggle
                0x00000198        0x4 ./app_hal.o
                0x00000198                LedToggle
 .text.Init_TimerExpired
                0x0000019c       0x30 ./app_main.o
                0x0000019c                Init_TimerExpired
 .text.processInputCharacters
                0x000001cc       0x64 ./app_main.o
                0x000001cc                processInputCharacters
 .text.startup.main
                0x00000230      0x13c ./app_main.o
                0x00000230                main
 .text.RAILCb_CalcBitRate
                0x0000036c        0x4 ./rail_config.o
                0x0000036c                RAILCb_CalcBitRate
 .text.RAILCb_ConfigFrameTypeLength
                0x00000370        0x2 ./rail_config.o
                0x00000370                RAILCb_ConfigFrameTypeLength
 *fill*         0x00000372        0x2 
 .text.memoryAllocate
                0x00000374       0x44 ./buffer-pool-memory-manager/buffer_pool_allocator.o
                0x00000374                memoryAllocate
 .text.memoryPtrFromHandle
                0x000003b8       0x30 ./buffer-pool-memory-manager/buffer_pool_allocator.o
                0x000003b8                memoryPtrFromHandle
 .text.memoryFree
                0x000003e8       0x30 ./buffer-pool-memory-manager/buffer_pool_allocator.o
                0x000003e8                memoryFree
 .text.memoryTakeReference
                0x00000418       0x30 ./buffer-pool-memory-manager/buffer_pool_allocator.o
                0x00000418                memoryTakeReference
 .text.queueInit
                0x00000448       0x22 ./circular-queue/circular_queue.o
                0x00000448                queueInit
 .text.queueAdd
                0x0000046a       0x48 ./circular-queue/circular_queue.o
                0x0000046a                queueAdd
 .text.queueRemove
                0x000004b2       0x38 ./circular-queue/circular_queue.o
                0x000004b2                queueRemove
 .text.queueIsEmpty
                0x000004ea       0x1e ./circular-queue/circular_queue.o
                0x000004ea                queueIsEmpty
 .text.validateInteger
                0x00000508       0x58 ./command-interpreter-rail/command_interpreter.o
 .text.ciErrorCallback
                0x00000560       0x2c ./command-interpreter-rail/command_interpreter.o
                0x00000560                ciErrorCallback
 .text.ciPrintHelp
                0x0000058c       0xb4 ./command-interpreter-rail/command_interpreter.o
                0x0000058c                ciPrintHelp
 .text.ciInitState
                0x00000640       0x18 ./command-interpreter-rail/command_interpreter.o
                0x00000640                ciInitState
 .text.ciProcessInput
                0x00000658      0x274 ./command-interpreter-rail/command_interpreter.o
                0x00000658                ciProcessInput
 .text.ciGetUnsigned
                0x000008cc        0x8 ./command-interpreter-rail/command_interpreter.o
                0x000008cc                ciGetUnsigned
 .text.ciGetSigned
                0x000008d4        0x8 ./command-interpreter-rail/command_interpreter.o
                0x000008d4                ciGetSigned
 .text.StartTransfer
                0x000008dc      0x180 ./emdrv/dmadrv.o
 .text.DMADRV_AllocateChannel
                0x00000a5c       0x58 ./emdrv/dmadrv.o
                0x00000a5c                DMADRV_AllocateChannel
 .text.DMADRV_Init
                0x00000ab4       0x6c ./emdrv/dmadrv.o
                0x00000ab4                DMADRV_Init
 .text.DMADRV_MemoryPeripheral
                0x00000b20       0x34 ./emdrv/dmadrv.o
                0x00000b20                DMADRV_MemoryPeripheral
 .text.DMADRV_PeripheralMemory
                0x00000b54       0x34 ./emdrv/dmadrv.o
                0x00000b54                DMADRV_PeripheralMemory
 .text.DMADRV_PauseTransfer
                0x00000b88       0x40 ./emdrv/dmadrv.o
                0x00000b88                DMADRV_PauseTransfer
 .text.DMADRV_ResumeTransfer
                0x00000bc8       0x40 ./emdrv/dmadrv.o
                0x00000bc8                DMADRV_ResumeTransfer
 .text.DMADRV_TransferActive
                0x00000c08       0x50 ./emdrv/dmadrv.o
                0x00000c08                DMADRV_TransferActive
 .text.LDMA_IRQHandler
                0x00000c58       0x70 ./emdrv/dmadrv.o
                0x00000c58                LDMA_IRQHandler
 .text.GPIOINT_IRQDispatcher
                0x00000cc8       0x2c ./emdrv/gpiointerrupt.o
 .text.GPIOINT_Init
                0x00000cf4       0x1c ./emdrv/gpiointerrupt.o
                0x00000cf4                GPIOINT_Init
 .text.GPIOINT_CallbackRegister
                0x00000d10       0x1c ./emdrv/gpiointerrupt.o
                0x00000d10                GPIOINT_CallbackRegister
 .text.GPIO_EVEN_IRQHandler
                0x00000d2c       0x24 ./emdrv/gpiointerrupt.o
                0x00000d2c                GPIO_EVEN_IRQHandler
 .text.GPIO_ODD_IRQHandler
                0x00000d50       0x24 ./emdrv/gpiointerrupt.o
                0x00000d50                GPIO_ODD_IRQHandler
 .text.checkAllTimers
                0x00000d74       0xac ./emdrv/rtcdriver.o
 .text.executeTimerCallbacks
                0x00000e20       0x24 ./emdrv/rtcdriver.o
 .text.rescheduleRtc
                0x00000e44       0x78 ./emdrv/rtcdriver.o
 .text.RTCC_IRQHandler
                0x00000ebc       0x94 ./emdrv/rtcdriver.o
                0x00000ebc                RTCC_IRQHandler
 .text.updateInterrupts
                0x00000f50       0xd0 ./emdrv/tempdrv.o
 .text.TEMPDRV_GetTemp
                0x00001020       0x28 ./emdrv/tempdrv.o
                0x00001020                TEMPDRV_GetTemp
 .text.TEMPDRV_IRQHandler
                0x00001048       0x60 ./emdrv/tempdrv.o
                0x00001048                TEMPDRV_IRQHandler
 .text.EMU_IRQHandler
                0x000010a8        0x4 ./emdrv/tempdrv.o
                0x000010a8                EMU_IRQHandler
 .text.CheckParams
                0x000010ac       0x24 ./emdrv/uartdrv.o
 .text.SetHandleIndex
                0x000010d0       0x44 ./emdrv/uartdrv.o
 .text.GetTailBuffer
                0x00001114       0x34 ./emdrv/uartdrv.o
 .text.DequeueBuffer
                0x00001148       0x4c ./emdrv/uartdrv.o
 .text.StartReceiveDma
                0x00001194       0x44 ./emdrv/uartdrv.o
 .text.StartTransmitDma
                0x000011d8       0x4c ./emdrv/uartdrv.o
 .text.TransmitDmaComplete
                0x00001224       0x64 ./emdrv/uartdrv.o
 .text.HwFcGetClearToSendPin.part.0
                0x00001288       0x1c ./emdrv/uartdrv.o
 .text.HwFcManageClearToSend
                0x000012a4       0x7c ./emdrv/uartdrv.o
 .text.EnableReceiver
                0x00001320       0x3c ./emdrv/uartdrv.o
 .text.DisableReceiver
                0x0000135c       0x30 ./emdrv/uartdrv.o
 .text.InitializeDma
                0x0000138c       0x2c ./emdrv/uartdrv.o
 .text.EnqueueBuffer.constprop.8
                0x000013b8       0x7c ./emdrv/uartdrv.o
 .text.ConfigGpio
                0x00001434       0xce ./emdrv/uartdrv.o
 .text.UARTDRV_ForceTransmit
                0x00001502       0xfa ./emdrv/uartdrv.o
                0x00001502                UARTDRV_ForceTransmit
 .text.UARTDRV_PauseTransmit
                0x000015fc       0x3c ./emdrv/uartdrv.o
                0x000015fc                UARTDRV_PauseTransmit
 .text.UARTDRV_ResumeTransmit
                0x00001638       0x4c ./emdrv/uartdrv.o
                0x00001638                UARTDRV_ResumeTransmit
 .text.FcApplyState
                0x00001684       0x6c ./emdrv/uartdrv.o
 .text.UARTDRV_Receive
                0x000016f0       0x58 ./emdrv/uartdrv.o
                0x000016f0                UARTDRV_Receive
 .text.ReceiveDmaComplete
                0x00001748       0xe8 ./emdrv/uartdrv.o
 .text.UARTDRV_InitUart
                0x00001830      0x4a4 ./emdrv/uartdrv.o
                0x00001830                UARTDRV_InitUart
 .text.UARTDRV_Transmit
                0x00001cd4       0x5c ./emdrv/uartdrv.o
                0x00001cd4                UARTDRV_Transmit
 .text.TIMER0_IRQHandler
                0x00001d30       0x1c ./emdrv/ustimer.o
                0x00001d30                TIMER0_IRQHandler
 .text.setHfLeConfig
                0x00001d4c       0x44 ./emlib/em_cmu.o
 .text.flashWaitStateControl.isra.0
                0x00001d90       0x38 ./emlib/em_cmu.o
 .text.flashWaitStateMax
                0x00001dc8       0x20 ./emlib/em_cmu.o
 .text.syncReg  0x00001de8       0x18 ./emlib/em_cmu.o
 .text.CMU_OscillatorTuningSet.part.3
                0x00001e00       0x3c ./emlib/em_cmu.o
 .text.CMU_UpdateWaitStates
                0x00001e3c       0x1c ./emlib/em_cmu.o
                0x00001e3c                CMU_UpdateWaitStates
 .text.CMU_ClockEnable
                0x00001e58       0x7c ./emlib/em_cmu.o
                0x00001e58                CMU_ClockEnable
 .text.CMU_ClockSelectGet
                0x00001ed4       0xbc ./emlib/em_cmu.o
                0x00001ed4                CMU_ClockSelectGet
 .text.lfClkGet
                0x00001f90       0x88 ./emlib/em_cmu.o
 .text.CMU_ClockFreqGet
                0x00002018      0x134 ./emlib/em_cmu.o
                0x00002018                CMU_ClockFreqGet
 .text.CMU_OscillatorTuningWait
                0x0000214c       0x44 ./emlib/em_cmu.o
                0x0000214c                CMU_OscillatorTuningWait
 .text.CMU_OscillatorTuningOptimize
                0x00002190       0x24 ./emlib/em_cmu.o
                0x00002190                CMU_OscillatorTuningOptimize
 .text.CMU_OscillatorEnable
                0x000021b4       0xe8 ./emlib/em_cmu.o
                0x000021b4                CMU_OscillatorEnable
 .text.CMU_ClockSelectSet
                0x0000229c      0x15c ./emlib/em_cmu.o
                0x0000229c                CMU_ClockSelectSet
 .text.CMU_HFXOInit
                0x000023f8       0x88 ./emlib/em_cmu.o
                0x000023f8                CMU_HFXOInit
 .text.CORE_EnterCritical
                0x00002480        0x8 ./emlib/em_core.o
                0x00002480                CORE_EnterCritical
 .text.CORE_ExitCritical
                0x00002488        0x6 ./emlib/em_core.o
                0x00002488                CORE_ExitCritical
 .text.CORE_EnterAtomic
                0x0000248e        0x8 ./emlib/em_core.o
                0x0000248e                CORE_EnterAtomic
 .text.CORE_ExitAtomic
                0x00002496        0x4 ./emlib/em_core.o
                0x00002496                CORE_ExitAtomic
 *fill*         0x0000249a        0x2 
 .text.CORE_NvicIRQDisabled
                0x0000249c       0x1c ./emlib/em_core.o
                0x0000249c                CORE_NvicIRQDisabled
 .text.CORE_IrqIsBlocked
                0x000024b8       0x80 ./emlib/em_core.o
                0x000024b8                CORE_IrqIsBlocked
 .text.currentLimitersUpdate
                0x00002538       0x70 ./emlib/em_emu.o
 .text.EMU_DCDCModeSet
                0x000025a8       0x5c ./emlib/em_emu.o
                0x000025a8                EMU_DCDCModeSet
 .text.EMU_DCDCOutputVoltageSet
                0x00002604      0x19c ./emlib/em_emu.o
                0x00002604                EMU_DCDCOutputVoltageSet
 .text.EMU_DCDCOptimizeSlice
                0x000027a0       0x6c ./emlib/em_emu.o
                0x000027a0                EMU_DCDCOptimizeSlice
 .text.EMU_DCDCLnRcoBandSet
                0x0000280c       0x24 ./emlib/em_emu.o
                0x0000280c                EMU_DCDCLnRcoBandSet
 .text.EMU_DCDCInit
                0x00002830      0x19c ./emlib/em_emu.o
                0x00002830                EMU_DCDCInit
 .text.GPIO_ExtIntConfig
                0x000029cc       0x98 ./emlib/em_gpio.o
                0x000029cc                GPIO_ExtIntConfig
 .text.GPIO_PinModeSet
                0x00002a64       0x84 ./emlib/em_gpio.o
                0x00002a64                GPIO_PinModeSet
 .text.LDMA_EnableChannelRequest
                0x00002ae8       0x14 ./emlib/em_ldma.o
                0x00002ae8                LDMA_EnableChannelRequest
 .text.LDMA_Init
                0x00002afc       0x58 ./emlib/em_ldma.o
                0x00002afc                LDMA_Init
 .text.LDMA_StartTransfer
                0x00002b54       0xa4 ./emlib/em_ldma.o
                0x00002b54                LDMA_StartTransfer
 .text.LEUART_Sync
                0x00002bf8        0xe ./emlib/em_leuart.o
 .text.LEUART_Tx
                0x00002c06       0x18 ./emlib/em_leuart.o
                0x00002c06                LEUART_Tx
 *fill*         0x00002c1e        0x2 
 .text.MSC_Init
                0x00002c20       0x18 ./emlib/em_msc.o
                0x00002c20                MSC_Init
 .text.MSC_Deinit
                0x00002c38       0x14 ./emlib/em_msc.o
                0x00002c38                MSC_Deinit
 .text.SYSTEM_ChipRevisionGet
                0x00002c4c       0x34 ./emlib/em_system.o
                0x00002c4c                SYSTEM_ChipRevisionGet
 .text.USART_BaudrateAsyncSet
                0x00002c80       0x64 ./emlib/em_usart.o
                0x00002c80                USART_BaudrateAsyncSet
 .text.USART_BaudrateSyncSet
                0x00002ce4       0x24 ./emlib/em_usart.o
                0x00002ce4                USART_BaudrateSyncSet
 .text.USART_Enable
                0x00002d08        0xe ./emlib/em_usart.o
                0x00002d08                USART_Enable
 *fill*         0x00002d16        0x2 
 .text.USART_Reset
                0x00002d18       0x44 ./emlib/em_usart.o
                0x00002d18                USART_Reset
 .text.USART_InitAsync
                0x00002d5c       0x70 ./emlib/em_usart.o
                0x00002d5c                USART_InitAsync
 .text.USART_InitSync
                0x00002dcc       0x82 ./emlib/em_usart.o
                0x00002dcc                USART_InitSync
 .text.USART_Rx
                0x00002e4e        0xc ./emlib/em_usart.o
                0x00002e4e                USART_Rx
 .text.USART_Tx
                0x00002e5a        0xa ./emlib/em_usart.o
                0x00002e5a                USART_Tx
 .text.SystemMaxCoreClockGet
                0x00002e64        0x8 ./emlib/system_efr32fg1p.o
                0x00002e64                SystemMaxCoreClockGet
 .text.SystemHFClockGet
                0x00002e6c       0x48 ./emlib/system_efr32fg1p.o
                0x00002e6c                SystemHFClockGet
 .text.SystemCoreClockGet
                0x00002eb4       0x24 ./emlib/system_efr32fg1p.o
                0x00002eb4                SystemCoreClockGet
 .text.SystemHFXOClockGet
                0x00002ed8        0xc ./emlib/system_efr32fg1p.o
                0x00002ed8                SystemHFXOClockGet
 .text.SystemHFXOClockSet
                0x00002ee4       0x20 ./emlib/system_efr32fg1p.o
                0x00002ee4                SystemHFXOClockSet
 .text.SystemInit
                0x00002f04       0x44 ./emlib/system_efr32fg1p.o
                0x00002f04                SystemInit
 .text.SystemLFRCOClockGet
                0x00002f48        0x6 ./emlib/system_efr32fg1p.o
                0x00002f48                SystemLFRCOClockGet
 .text.SystemULFRCOClockGet
                0x00002f4e        0x6 ./emlib/system_efr32fg1p.o
                0x00002f4e                SystemULFRCOClockGet
 .text.SystemLFXOClockGet
                0x00002f54        0xc ./emlib/system_efr32fg1p.o
                0x00002f54                SystemLFXOClockGet
 .text.BSP_initDcdc
                0x00002f60       0x2c ./hal-efr32/bsp_init.o
                0x00002f60                BSP_initDcdc
 .text.BSP_initClocks
                0x00002f8c       0x80 ./hal-efr32/bsp_init.o
                0x00002f8c                BSP_initClocks
 .text.BSP_initDevice
                0x0000300c       0x88 ./hal-efr32/bsp_init.o
                0x0000300c                BSP_initDevice
 .text.BSP_initBoard
                0x00003094       0x1c ./hal-efr32/bsp_init.o
                0x00003094                BSP_initBoard
 .text.BSP_Init
                0x000030b0        0x4 ./hal-efr32/bsp_stk.o
                0x000030b0                BSP_Init
 .text.BSP_LedsInit
                0x000030b4       0x44 ./hal-efr32/bsp_stk_leds.o
                0x000030b4                BSP_LedsInit
 .text.BSP_LedClear
                0x000030f8       0x30 ./hal-efr32/bsp_stk_leds.o
                0x000030f8                BSP_LedClear
 .text.BSP_LedSet
                0x00003128       0x30 ./hal-efr32/bsp_stk_leds.o
                0x00003128                BSP_LedSet
 .text.BSP_LedToggle
                0x00003158       0x30 ./hal-efr32/bsp_stk_leds.o
                0x00003158                BSP_LedToggle
 .text.halInit  0x00003188        0x8 ./hal-efr32/hal_common.o
                0x00003188                halInit
 .text.usecDelay
                0x00003190       0x24 ./hal-efr32/hal_efr.o
 .text.halInitChipSpecific
                0x000031b4      0x16c ./hal-efr32/hal_efr.o
                0x000031b4                halInitChipSpecific
 .text._close   0x00003320        0x4 ./hal-efr32/retargetio.o
                0x00003320                _close
 .text._exit    0x00003324        0x2 ./hal-efr32/retargetio.o
                0x00003324                _exit
 .text._fstat   0x00003326        0xa ./hal-efr32/retargetio.o
                0x00003326                _fstat
 .text._isatty  0x00003330        0x4 ./hal-efr32/retargetio.o
                0x00003330                _isatty
 .text._lseek   0x00003334        0x4 ./hal-efr32/retargetio.o
                0x00003334                _lseek
 .text._read    0x00003338       0x2a ./hal-efr32/retargetio.o
                0x00003338                _read
 *fill*         0x00003362        0x2 
 .text._sbrk    0x00003364       0x1c ./hal-efr32/retargetio.o
                0x00003364                _sbrk
 .text._write   0x00003380       0x1c ./hal-efr32/retargetio.o
                0x00003380                _write
 .text.USART0_RX_IRQHandler
                0x0000339c       0x50 ./hal-efr32/retargetserial.o
                0x0000339c                USART0_RX_IRQHandler
 .text.RETARGET_SerialInit
                0x000033ec       0xc4 ./hal-efr32/retargetserial.o
                0x000033ec                RETARGET_SerialInit
 .text.RETARGET_ReadChar
                0x000034b0       0x64 ./hal-efr32/retargetserial.o
                0x000034b0                RETARGET_ReadChar
 .text.RETARGET_WriteChar
                0x00003514       0x48 ./hal-efr32/retargetserial.o
                0x00003514                RETARGET_WriteChar
 .text.RAIL_GetTxPowerCurve
                0x0000355c       0x14 ./pa-conversions/pa_conversions_efr32.o
                0x0000355c                RAIL_GetTxPowerCurve
 .text.RAIL_InitTxPowerCurves
                0x00003570       0x2c ./pa-conversions/pa_conversions_efr32.o
                0x00003570                RAIL_InitTxPowerCurves
 .text.RAIL_ConvertDbmToRaw
                0x0000359c       0xd8 ./pa-conversions/pa_conversions_efr32.o
                0x0000359c                RAIL_ConvertDbmToRaw
 .text.RAIL_ConvertRawToDbm
                0x00003674       0xb8 ./pa-conversions/pa_conversions_efr32.o
                0x00003674                RAIL_ConvertRawToDbm
 .text          0x0000372c       0x30 ./rail-app-config/EFR32_F_1_1_P/gcc/startup_efr32fg1p.o
                0x0000372c                Reset_Handler
                0x00003758                USART0_TX_IRQHandler
                0x00003758                I2C0_IRQHandler
                0x00003758                HardFault_Handler
                0x00003758                SysTick_Handler
                0x00003758                USART1_RX_IRQHandler
                0x00003758                PendSV_Handler
                0x00003758                NMI_Handler
                0x00003758                WDOG0_IRQHandler
                0x00003758                USART1_TX_IRQHandler
                0x00003758                MSC_IRQHandler
                0x00003758                ADC0_IRQHandler
                0x00003758                UsageFault_Handler
                0x00003758                LEUART0_IRQHandler
                0x00003758                FPUEH_IRQHandler
                0x00003758                DebugMon_Handler
                0x00003758                LETIMER0_IRQHandler
                0x00003758                TIMER1_IRQHandler
                0x00003758                Default_Handler
                0x00003758                CRYOTIMER_IRQHandler
                0x00003758                PCNT0_IRQHandler
                0x00003758                ACMP0_IRQHandler
                0x00003758                MemManage_Handler
                0x00003758                SVC_Handler
                0x00003758                CRYPTO_IRQHandler
                0x00003758                CMU_IRQHandler
                0x00003758                BusFault_Handler
                0x00003758                IDAC0_IRQHandler
 .text.responsePrintInternal
                0x0000375c      0x12c ./response-printf/response_print.o
 .text.responsePrintStart
                0x00003888       0x1c ./response-printf/response_print.o
                0x00003888                responsePrintStart
 .text.responsePrint
                0x000038a4       0x34 ./response-printf/response_print.o
                0x000038a4                responsePrint
 .text.responsePrintError
                0x000038d8       0x60 ./response-printf/response_print.o
                0x000038d8                responsePrintError
 .text.InitUserDataInfo
                0x00003938      0x10c ./user_data/user_data.o
                0x00003938                InitUserDataInfo
 .text.User_page_update
                0x00003a44       0x90 ./user_data/user_data.o
                0x00003a44                User_page_update
 .text.transmit_callback
                0x00003ad4        0x6 ./yes/my_uart.o
                0x00003ad4                transmit_callback
 *fill*         0x00003ada        0x2 
 .text.UART_Rx_cb
                0x00003adc       0x40 ./yes/my_uart.o
                0x00003adc                UART_Rx_cb
 .text.B2B_UART_Rx_cb
                0x00003b1c       0x40 ./yes/my_uart.o
                0x00003b1c                B2B_UART_Rx_cb
 .text.initUart
                0x00003b5c       0x40 ./yes/my_uart.o
                0x00003b5c                initUart
 .text.initB2BUart
                0x00003b9c       0x4c ./yes/my_uart.o
                0x00003b9c                initB2BUart
 .text.SendB2BUart
                0x00003be8       0x2c ./yes/my_uart.o
                0x00003be8                SendB2BUart
 .text.UART_process
                0x00003c14      0x19c ./yes/my_uart.o
                0x00003c14                UART_process
 .text.resetChip
                0x00003db0       0x24 ./yes/parameter_ci.o
                0x00003db0                resetChip
 .text.getNodeId
                0x00003dd4       0x18 ./yes/parameter_ci.o
                0x00003dd4                getNodeId
 .text.setNodeId
                0x00003dec       0x30 ./yes/parameter_ci.o
                0x00003dec                setNodeId
 .text.getChannel
                0x00003e1c       0x40 ./yes/parameter_ci.o
                0x00003e1c                getChannel
 .text.setChannel
                0x00003e5c       0x44 ./yes/parameter_ci.o
                0x00003e5c                setChannel
 .text.getChannelSubG
                0x00003ea0       0x40 ./yes/parameter_ci.o
                0x00003ea0                getChannelSubG
 .text.setChannelSubG
                0x00003ee0       0x44 ./yes/parameter_ci.o
                0x00003ee0                setChannelSubG
 .text.getPower
                0x00003f24       0x2c ./yes/parameter_ci.o
                0x00003f24                getPower
 .text.setPower
                0x00003f50       0x80 ./yes/parameter_ci.o
                0x00003f50                setPower
 .text.getPowerSubG
                0x00003fd0       0x2c ./yes/parameter_ci.o
                0x00003fd0                getPowerSubG
 .text.setPowerSubG
                0x00003ffc       0x88 ./yes/parameter_ci.o
                0x00003ffc                setPowerSubG
 .text.getRetxCount802154
                0x00004084       0x18 ./yes/parameter_ci.o
                0x00004084                getRetxCount802154
 .text.setRetxCount802154
                0x0000409c       0x28 ./yes/parameter_ci.o
                0x0000409c                setRetxCount802154
 .text.getRetxCountSubG
                0x000040c4       0x18 ./yes/parameter_ci.o
                0x000040c4                getRetxCountSubG
 .text.setRetxCountSubG
                0x000040dc       0x28 ./yes/parameter_ci.o
                0x000040dc                setRetxCountSubG
 .text.lightOff
                0x00004104       0x58 ./yes/parameter_ci.o
                0x00004104                lightOff
 .text.rgbTest  0x0000415c       0x2c ./yes/parameter_ci.o
                0x0000415c                rgbTest
 .text.RAILCb_RfReadySubG
                0x00004188        0xc ./yes/yes_radio.o
 .text.ReTxSubG_TimerExpired
                0x00004194       0x94 ./yes/yes_radio.o
                0x00004194                ReTxSubG_TimerExpired
 .text.RAILCb_GenericSubG
                0x00004228      0x128 ./yes/yes_radio.o
                0x00004228                RAILCb_GenericSubG
 .text.QueueInit
                0x00004350       0x34 ./yes/yes_radio.o
                0x00004350                QueueInit
 .text.TxSubGPending
                0x00004384       0x5c ./yes/yes_radio.o
                0x00004384                TxSubGPending
 .text.SendMessageSubGiga
                0x000043e0      0x128 ./yes/yes_radio.o
                0x000043e0                SendMessageSubGiga
 .text.RgbTest_TimerExpired
                0x00004508       0x48 ./yes/yes_radio.o
                0x00004508                RgbTest_TimerExpired
 .text.SubGigaRx
                0x00004550       0x48 ./yes/yes_radio.o
                0x00004550                SubGigaRx
 .text.yes_subGiga_message_allocate
                0x00004598        0x6 ./yes/yes_radio.o
                0x00004598                yes_subGiga_message_allocate
 *fill*         0x0000459e        0x2 
 .text.MakeSubGPacket
                0x000045a0       0x44 ./yes/yes_radio.o
                0x000045a0                MakeSubGPacket
 .text.changeNodeId
                0x000045e4       0x14 ./yes/yes_radio.o
                0x000045e4                changeNodeId
 .text.changeChannel
                0x000045f8       0x2c ./yes/yes_radio.o
                0x000045f8                changeChannel
 .text.changeChannelSubG
                0x00004624       0x2c ./yes/yes_radio.o
                0x00004624                changeChannelSubG
 .text.changePowerSubG
                0x00004650       0x14 ./yes/yes_radio.o
                0x00004650                changePowerSubG
 .text.ReceiveForwardPacket
                0x00004664       0x8c ./yes/yes_radio.o
                0x00004664                ReceiveForwardPacket
 .text.initRadioSubGiga
                0x000046f0       0x8c ./yes/yes_radio.o
                0x000046f0                initRadioSubGiga
 .text.SetRfConfig
                0x0000477c       0x64 ./yes/yes_radio.o
                0x0000477c                SetRfConfig
 .text.changeRetxCount802154
                0x000047e0       0x14 ./yes/yes_radio.o
                0x000047e0                changeRetxCount802154
 .text.changeRetxCountSubG
                0x000047f4       0x14 ./yes/yes_radio.o
                0x000047f4                changeRetxCountSubG
 .text.setRgbTest
                0x00004808       0x24 ./yes/yes_radio.o
                0x00004808                setRgbTest
 .text.setMultiTimer
                0x0000482c        0x4 C:/SiliconLabs/SimplicityStudio/v4/developer/sdks/gecko_sdk_suite/v2.3//platform/radio/rail_lib/autogen/librail_release/librail_efr32xg1_gcc_release.a(rail_singleprotocol.o)
 .text.cancelMultiTimer
                0x00004830        0x4 C:/SiliconLabs/SimplicityStudio/v4/developer/sdks/gecko_sdk_suite/v2.3//platform/radio/rail_lib/autogen/librail_release/librail_efr32xg1_gcc_release.a(rail_singleprotocol.o)
 .text.isMultiTimerExpired
                0x00004834        0x4 C:/SiliconLabs/SimplicityStudio/v4/developer/sdks/gecko_sdk_suite/v2.3//platform/radio/rail_lib/autogen/librail_release/librail_efr32xg1_gcc_release.a(rail_singleprotocol.o)
 .text.getMultiTimer
                0x00004838        0x4 C:/SiliconLabs/SimplicityStudio/v4/developer/sdks/gecko_sdk_suite/v2.3//platform/radio/rail_lib/autogen/librail_release/librail_efr32xg1_gcc_release.a(rail_singleprotocol.o)
 .text.getActiveTimerCb
                0x0000483c       0x18 C:/SiliconLabs/SimplicityStudio/v4/developer/sdks/gecko_sdk_suite/v2.3//platform/radio/rail_lib/autogen/librail_release/librail_efr32xg1_gcc_release.a(rail_singleprotocol.o)
 .text.isMultiTimerRunning
                0x00004854        0x4 C:/SiliconLabs/SimplicityStudio/v4/developer/sdks/gecko_sdk_suite/v2.3//platform/radio/rail_lib/autogen/librail_release/librail_efr32xg1_gcc_release.a(rail_singleprotocol.o)
 .text.RAIL_Init
                0x00004858       0x20 C:/SiliconLabs/SimplicityStudio/v4/developer/sdks/gecko_sdk_suite/v2.3//platform/radio/rail_lib/autogen/librail_release/librail_efr32xg1_gcc_release.a(rail_singleprotocol.o)
                0x00004858                RAIL_Init
 .text.RAIL_GetRadioState
                0x00004878        0x4 C:/SiliconLabs/SimplicityStudio/v4/developer/sdks/gecko_sdk_suite/v2.3//platform/radio/rail_lib/autogen/librail_release/librail_efr32xg1_gcc_release.a(rail_singleprotocol.o)
                0x00004878                RAIL_GetRadioState
 .text.RAIL_Idle
                0x0000487c        0x8 C:/SiliconLabs/SimplicityStudio/v4/developer/sdks/gecko_sdk_suite/v2.3//platform/radio/rail_lib/autogen/librail_release/librail_efr32xg1_gcc_release.a(rail_singleprotocol.o)
                0x0000487c                RAIL_Idle
 .text.RAIL_SetTimer
                0x00004884       0x1c C:/SiliconLabs/SimplicityStudio/v4/developer/sdks/gecko_sdk_suite/v2.3//platform/radio/rail_lib/autogen/librail_release/librail_efr32xg1_gcc_release.a(rail_singleprotocol.o)
                0x00004884                RAIL_SetTimer
 .text.RAIL_CancelTimer
                0x000048a0        0xe C:/SiliconLabs/SimplicityStudio/v4/developer/sdks/gecko_sdk_suite/v2.3//platform/radio/rail_lib/autogen/librail_release/librail_efr32xg1_gcc_release.a(rail_singleprotocol.o)
                0x000048a0                RAIL_CancelTimer
 .text.RAIL_StartTx
                0x000048ae        0x6 C:/SiliconLabs/SimplicityStudio/v4/developer/sdks/gecko_sdk_suite/v2.3//platform/radio/rail_lib/autogen/librail_release/librail_efr32xg1_gcc_release.a(rail_singleprotocol.o)
                0x000048ae                RAIL_StartTx
 .text.RAIL_StartRx
                0x000048b4        0x6 C:/SiliconLabs/SimplicityStudio/v4/developer/sdks/gecko_sdk_suite/v2.3//platform/radio/rail_lib/autogen/librail_release/librail_efr32xg1_gcc_release.a(rail_singleprotocol.o)
                0x000048b4                RAIL_StartRx
 .text.radioConfigChangedDefault
                0x000048ba        0x2 C:/SiliconLabs/SimplicityStudio/v4/developer/sdks/gecko_sdk_suite/v2.3//platform/radio/rail_lib/autogen/librail_release/librail_efr32xg1_gcc_release.a(rail_rf.o)
 .text.RAILCore_Init
                0x000048bc       0x12 C:/SiliconLabs/SimplicityStudio/v4/developer/sdks/gecko_sdk_suite/v2.3//platform/radio/rail_lib/autogen/librail_release/librail_efr32xg1_gcc_release.a(rail_rf.o)
                0x000048bc                RAILCore_Init
 *fill*         0x000048ce        0x2 
 .text.RAILInt_SetCallbackConfig
                0x000048d0       0x20 C:/SiliconLabs/SimplicityStudio/v4/developer/sdks/gecko_sdk_suite/v2.3//platform/radio/rail_lib/autogen/librail_release/librail_efr32xg1_gcc_release.a(rail_rf.o)
                0x000048d0                RAILInt_SetCallbackConfig
 .text.RAILCore_Idle
                0x000048f0       0x14 C:/SiliconLabs/SimplicityStudio/v4/developer/sdks/gecko_sdk_suite/v2.3//platform/radio/rail_lib/autogen/librail_release/librail_efr32xg1_gcc_release.a(rail_rf.o)
                0x000048f0                RAILCore_Idle
 .text.RAIL_IsValidChannel
                0x00004904       0x2c C:/SiliconLabs/SimplicityStudio/v4/developer/sdks/gecko_sdk_suite/v2.3//platform/radio/rail_lib/autogen/librail_release/librail_efr32xg1_gcc_release.a(rail_rf.o)
                0x00004904                RAIL_IsValidChannel
 .text.RAILInt_IsPowerInRange
                0x00004930       0x3c C:/SiliconLabs/SimplicityStudio/v4/developer/sdks/gecko_sdk_suite/v2.3//platform/radio/rail_lib/autogen/librail_release/librail_efr32xg1_gcc_release.a(rail_rf.o)
                0x00004930                RAILInt_IsPowerInRange
 .text.RAILInt_SetChannel
                0x0000496c      0x1c0 C:/SiliconLabs/SimplicityStudio/v4/developer/sdks/gecko_sdk_suite/v2.3//platform/radio/rail_lib/autogen/librail_release/librail_efr32xg1_gcc_release.a(rail_rf.o)
                0x0000496c                RAILInt_SetChannel
 .text.RAILCore_ConfigChannels
                0x00004b2c       0x60 C:/SiliconLabs/SimplicityStudio/v4/developer/sdks/gecko_sdk_suite/v2.3//platform/radio/rail_lib/autogen/librail_release/librail_efr32xg1_gcc_release.a(rail_rf.o)
                0x00004b2c                RAILCore_ConfigChannels
 .text.RAIL_ConfigChannels
                0x00004b8c       0x1c C:/SiliconLabs/SimplicityStudio/v4/developer/sdks/gecko_sdk_suite/v2.3//platform/radio/rail_lib/autogen/librail_release/librail_efr32xg1_gcc_release.a(rail_rf.o)
                0x00004b8c                RAIL_ConfigChannels
 .text.RAILInt_GetChannel
                0x00004ba8        0x4 C:/SiliconLabs/SimplicityStudio/v4/developer/sdks/gecko_sdk_suite/v2.3//platform/radio/rail_lib/autogen/librail_release/librail_efr32xg1_gcc_release.a(rail_rf.o)
                0x00004ba8                RAILInt_GetChannel
 .text.RAIL_GetDebugMode
                0x00004bac        0x4 C:/SiliconLabs/SimplicityStudio/v4/developer/sdks/gecko_sdk_suite/v2.3//platform/radio/rail_lib/autogen/librail_release/librail_efr32xg1_gcc_release.a(rail_rf.o)
                0x00004bac                RAIL_GetDebugMode
 .text.RAIL_ConfigEvents
                0x00004bb0        0x6 C:/SiliconLabs/SimplicityStudio/v4/developer/sdks/gecko_sdk_suite/v2.3//platform/radio/rail_lib/autogen/librail_release/librail_efr32xg1_gcc_release.a(rail_rf.o)
                0x00004bb0                RAIL_ConfigEvents
 .text.RAILCore_StartRx
                0x00004bb6       0x1a C:/SiliconLabs/SimplicityStudio/v4/developer/sdks/gecko_sdk_suite/v2.3//platform/radio/rail_lib/autogen/librail_release/librail_efr32xg1_gcc_release.a(rail_rx.o)
                0x00004bb6                RAILCore_StartRx
 .text.RAIL_SetTxPower
                0x00004bd0        0x6 C:/SiliconLabs/SimplicityStudio/v4/developer/sdks/gecko_sdk_suite/v2.3//platform/radio/rail_lib/autogen/librail_release/librail_efr32xg1_gcc_release.a(rail_tx.o)
                0x00004bd0                RAIL_SetTxPower
 .text.RAIL_GetTxPower
                0x00004bd6        0x6 C:/SiliconLabs/SimplicityStudio/v4/developer/sdks/gecko_sdk_suite/v2.3//platform/radio/rail_lib/autogen/librail_release/librail_efr32xg1_gcc_release.a(rail_tx.o)
                0x00004bd6                RAIL_GetTxPower
 .text.RAIL_ConfigTxPower
                0x00004bdc       0x1c C:/SiliconLabs/SimplicityStudio/v4/developer/sdks/gecko_sdk_suite/v2.3//platform/radio/rail_lib/autogen/librail_release/librail_efr32xg1_gcc_release.a(rail_tx.o)
                0x00004bdc                RAIL_ConfigTxPower
 .text.RAIL_GetTxPowerConfig
                0x00004bf8        0x6 C:/SiliconLabs/SimplicityStudio/v4/developer/sdks/gecko_sdk_suite/v2.3//platform/radio/rail_lib/autogen/librail_release/librail_efr32xg1_gcc_release.a(rail_tx.o)
                0x00004bf8                RAIL_GetTxPowerConfig
 .text.RAIL_SetTxPowerDbm
                0x00004bfe       0x28 C:/SiliconLabs/SimplicityStudio/v4/developer/sdks/gecko_sdk_suite/v2.3//platform/radio/rail_lib/autogen/librail_release/librail_efr32xg1_gcc_release.a(rail_tx.o)
                0x00004bfe                RAIL_SetTxPowerDbm
 .text.RAIL_GetTxPowerDbm
                0x00004c26       0x24 C:/SiliconLabs/SimplicityStudio/v4/developer/sdks/gecko_sdk_suite/v2.3//platform/radio/rail_lib/autogen/librail_release/librail_efr32xg1_gcc_release.a(rail_tx.o)
                0x00004c26                RAIL_GetTxPowerDbm
 .text.RAILInt_EnableCal
                0x00004c4a       0x18 C:/SiliconLabs/SimplicityStudio/v4/developer/sdks/gecko_sdk_suite/v2.3//platform/radio/rail_lib/autogen/librail_release/librail_efr32xg1_gcc_release.a(rail_calibration.o)
                0x00004c4a                RAILInt_EnableCal
 .text.RAILInt_PendCal
                0x00004c62       0x24 C:/SiliconLabs/SimplicityStudio/v4/developer/sdks/gecko_sdk_suite/v2.3//platform/radio/rail_lib/autogen/librail_release/librail_efr32xg1_gcc_release.a(rail_calibration.o)
                0x00004c62                RAILInt_PendCal
 .text.RAIL_ConfigCal
                0x00004c86       0x10 C:/SiliconLabs/SimplicityStudio/v4/developer/sdks/gecko_sdk_suite/v2.3//platform/radio/rail_lib/autogen/librail_release/librail_efr32xg1_gcc_release.a(rail_calibration.o)
                0x00004c86                RAIL_ConfigCal
 .text.RAIL_SetTxFifo
                0x00004c96        0x6 C:/SiliconLabs/SimplicityStudio/v4/developer/sdks/gecko_sdk_suite/v2.3//platform/radio/rail_lib/autogen/librail_release/librail_efr32xg1_gcc_release.a(rail_data.o)
                0x00004c96                RAIL_SetTxFifo
 .text.RAIL_SetRxFifo
                0x00004c9c        0x6 C:/SiliconLabs/SimplicityStudio/v4/developer/sdks/gecko_sdk_suite/v2.3//platform/radio/rail_lib/autogen/librail_release/librail_efr32xg1_gcc_release.a(rail_data.o)
                0x00004c9c                RAIL_SetRxFifo
 *fill*         0x00004ca2        0x2 
 .text.RAILCb_SetupRxFifo
                0x00004ca4       0x30 C:/SiliconLabs/SimplicityStudio/v4/developer/sdks/gecko_sdk_suite/v2.3//platform/radio/rail_lib/autogen/librail_release/librail_efr32xg1_gcc_release.a(rail_data.o)
                0x00004ca4                RAILCb_SetupRxFifo
 .text.RAIL_GetRxPacketInfo
                0x00004cd4        0x8 C:/SiliconLabs/SimplicityStudio/v4/developer/sdks/gecko_sdk_suite/v2.3//platform/radio/rail_lib/autogen/librail_release/librail_efr32xg1_gcc_release.a(rail_data.o)
                0x00004cd4                RAIL_GetRxPacketInfo
 .text.RAIL_GetRxPacketDetails
                0x00004cdc        0x6 C:/SiliconLabs/SimplicityStudio/v4/developer/sdks/gecko_sdk_suite/v2.3//platform/radio/rail_lib/autogen/librail_release/librail_efr32xg1_gcc_release.a(rail_data.o)
                0x00004cdc                RAIL_GetRxPacketDetails
 *fill*         0x00004ce2        0x2 
 .text.RAILCb_AssertFailed
                0x00004ce4       0x14 C:/SiliconLabs/SimplicityStudio/v4/developer/sdks/gecko_sdk_suite/v2.3//platform/radio/rail_lib/autogen/librail_release/librail_efr32xg1_gcc_release.a(rail_assert.o)
                0x00004ce4                RAILCb_AssertFailed
 .text.RAILInt_Assert
                0x00004cf8       0x1c C:/SiliconLabs/SimplicityStudio/v4/developer/sdks/gecko_sdk_suite/v2.3//platform/radio/rail_lib/autogen/librail_release/librail_efr32xg1_gcc_release.a(rail_assert.o)
                0x00004cf8                RAILInt_Assert
 .text.RAIL_ConfigPti
                0x00004d14        0x6 C:/SiliconLabs/SimplicityStudio/v4/developer/sdks/gecko_sdk_suite/v2.3//platform/radio/rail_lib/autogen/librail_release/librail_efr32xg1_gcc_release.a(rail_pti.o)
                0x00004d14                RAIL_ConfigPti
 .text.eventDefault
                0x00004d1a        0x2 C:/SiliconLabs/SimplicityStudio/v4/developer/sdks/gecko_sdk_suite/v2.3//platform/radio/rail_lib/autogen/librail_release/librail_efr32xg1_gcc_release.a(rail_rf_hal.o)
 .text.setRssiPeriod
                0x00004d1c       0x18 C:/SiliconLabs/SimplicityStudio/v4/developer/sdks/gecko_sdk_suite/v2.3//platform/radio/rail_lib/autogen/librail_release/librail_efr32xg1_gcc_release.a(rail_rf_hal.o)
 .text.RFHAL_NotifyUserOfIrCal
                0x00004d34       0x78 C:/SiliconLabs/SimplicityStudio/v4/developer/sdks/gecko_sdk_suite/v2.3//platform/radio/rail_lib/autogen/librail_release/librail_efr32xg1_gcc_release.a(rail_rf_hal.o)
 *fill*         0x00004dac        0x4 
 .text.GENERIC_PHY_EventCallback
                0x00004db0      0x19c C:/SiliconLabs/SimplicityStudio/v4/developer/sdks/gecko_sdk_suite/v2.3//platform/radio/rail_lib/autogen/librail_release/librail_efr32xg1_gcc_release.a(rail_rf_hal.o)
                0x00004db0                GENERIC_PHY_EventCallback
 .text.RFHAL_IntEnable
                0x00004f4c       0x58 C:/SiliconLabs/SimplicityStudio/v4/developer/sdks/gecko_sdk_suite/v2.3//platform/radio/rail_lib/autogen/librail_release/librail_efr32xg1_gcc_release.a(rail_rf_hal.o)
                0x00004f4c                RFHAL_IntEnable
 .text.RFHAL_SetEventCallback
                0x00004fa4       0x18 C:/SiliconLabs/SimplicityStudio/v4/developer/sdks/gecko_sdk_suite/v2.3//platform/radio/rail_lib/autogen/librail_release/librail_efr32xg1_gcc_release.a(rail_rf_hal.o)
                0x00004fa4                RFHAL_SetEventCallback
 .text.RFHAL_Idle
                0x00004fbc       0x40 C:/SiliconLabs/SimplicityStudio/v4/developer/sdks/gecko_sdk_suite/v2.3//platform/radio/rail_lib/autogen/librail_release/librail_efr32xg1_gcc_release.a(rail_rf_hal.o)
                0x00004fbc                RFHAL_Idle
 .text.RFHAL_GetRadioState
                0x00004ffc       0x48 C:/SiliconLabs/SimplicityStudio/v4/developer/sdks/gecko_sdk_suite/v2.3//platform/radio/rail_lib/autogen/librail_release/librail_efr32xg1_gcc_release.a(rail_rf_hal.o)
                0x00004ffc                RFHAL_GetRadioState
 .text.RFHAL_OkToTransmit
                0x00005044       0x18 C:/SiliconLabs/SimplicityStudio/v4/developer/sdks/gecko_sdk_suite/v2.3//platform/radio/rail_lib/autogen/librail_release/librail_efr32xg1_gcc_release.a(rail_rf_hal.o)
                0x00005044                RFHAL_OkToTransmit
 .text.RFHAL_StartRx
                0x0000505c        0xc C:/SiliconLabs/SimplicityStudio/v4/developer/sdks/gecko_sdk_suite/v2.3//platform/radio/rail_lib/autogen/librail_release/librail_efr32xg1_gcc_release.a(rail_rf_hal.o)
                0x0000505c                RFHAL_StartRx
 .text.RFHAL_EnableRxRawCapture
                0x00005068       0x58 C:/SiliconLabs/SimplicityStudio/v4/developer/sdks/gecko_sdk_suite/v2.3//platform/radio/rail_lib/autogen/librail_release/librail_efr32xg1_gcc_release.a(rail_rf_hal.o)
                0x00005068                RFHAL_EnableRxRawCapture
 .text.RFHAL_DisableRxRawCapture
                0x000050c0       0x50 C:/SiliconLabs/SimplicityStudio/v4/developer/sdks/gecko_sdk_suite/v2.3//platform/radio/rail_lib/autogen/librail_release/librail_efr32xg1_gcc_release.a(rail_rf_hal.o)
                0x000050c0                RFHAL_DisableRxRawCapture
 .text.RFHAL_AcceptCrcErrors
                0x00005110       0x18 C:/SiliconLabs/SimplicityStudio/v4/developer/sdks/gecko_sdk_suite/v2.3//platform/radio/rail_lib/autogen/librail_release/librail_efr32xg1_gcc_release.a(rail_rf_hal.o)
                0x00005110                RFHAL_AcceptCrcErrors
 .text.RFHAL_ConfigRxOptions
                0x00005128       0xe0 C:/SiliconLabs/SimplicityStudio/v4/developer/sdks/gecko_sdk_suite/v2.3//platform/radio/rail_lib/autogen/librail_release/librail_efr32xg1_gcc_release.a(rail_rf_hal.o)
                0x00005128                RFHAL_ConfigRxOptions
 .text.RFHAL_GetTimer
                0x00005208        0x6 C:/SiliconLabs/SimplicityStudio/v4/developer/sdks/gecko_sdk_suite/v2.3//platform/radio/rail_lib/autogen/librail_release/librail_efr32xg1_gcc_release.a(rail_rf_hal.o)
                0x00005208                RFHAL_GetTimer
 *fill*         0x0000520e        0x2 
 .text.RFHAL_CancelTimer
                0x00005210       0x28 C:/SiliconLabs/SimplicityStudio/v4/developer/sdks/gecko_sdk_suite/v2.3//platform/radio/rail_lib/autogen/librail_release/librail_efr32xg1_gcc_release.a(rail_rf_hal.o)
                0x00005210                RFHAL_CancelTimer
 .text.RFHAL_SetTimer
                0x00005238       0x7c C:/SiliconLabs/SimplicityStudio/v4/developer/sdks/gecko_sdk_suite/v2.3//platform/radio/rail_lib/autogen/librail_release/librail_efr32xg1_gcc_release.a(rail_rf_hal.o)
                0x00005238                RFHAL_SetTimer
 .text.RFHAL_IsTimerExpired
                0x000052b4       0x1c C:/SiliconLabs/SimplicityStudio/v4/developer/sdks/gecko_sdk_suite/v2.3//platform/radio/rail_lib/autogen/librail_release/librail_efr32xg1_gcc_release.a(rail_rf_hal.o)
                0x000052b4                RFHAL_IsTimerExpired
 .text.RFHAL_IsTimerRunning
                0x000052d0        0x6 C:/SiliconLabs/SimplicityStudio/v4/developer/sdks/gecko_sdk_suite/v2.3//platform/radio/rail_lib/autogen/librail_release/librail_efr32xg1_gcc_release.a(rail_rf_hal.o)
                0x000052d0                RFHAL_IsTimerRunning
 .text.RFHAL_GetBitRate
                0x000052d6       0x22 C:/SiliconLabs/SimplicityStudio/v4/developer/sdks/gecko_sdk_suite/v2.3//platform/radio/rail_lib/autogen/librail_release/librail_efr32xg1_gcc_release.a(rail_rf_hal.o)
                0x000052d6                RFHAL_GetBitRate
 .text.RFHAL_ConfigTxPower
                0x000052f8        0xc C:/SiliconLabs/SimplicityStudio/v4/developer/sdks/gecko_sdk_suite/v2.3//platform/radio/rail_lib/autogen/librail_release/librail_efr32xg1_gcc_release.a(rail_rf_hal.o)
                0x000052f8                RFHAL_ConfigTxPower
 .text.RFHAL_SetTxPowerUnchecked
                0x00005304       0x18 C:/SiliconLabs/SimplicityStudio/v4/developer/sdks/gecko_sdk_suite/v2.3//platform/radio/rail_lib/autogen/librail_release/librail_efr32xg1_gcc_release.a(rail_rf_hal.o)
                0x00005304                RFHAL_SetTxPowerUnchecked
 .text.RFHAL_SetTxPower
                0x0000531c       0x40 C:/SiliconLabs/SimplicityStudio/v4/developer/sdks/gecko_sdk_suite/v2.3//platform/radio/rail_lib/autogen/librail_release/librail_efr32xg1_gcc_release.a(rail_rf_hal.o)
                0x0000531c                RFHAL_SetTxPower
 .text.RFHAL_GetTxPowerConfig
                0x0000535c        0xc C:/SiliconLabs/SimplicityStudio/v4/developer/sdks/gecko_sdk_suite/v2.3//platform/radio/rail_lib/autogen/librail_release/librail_efr32xg1_gcc_release.a(rail_rf_hal.o)
                0x0000535c                RFHAL_GetTxPowerConfig
 .text.RFHAL_GetTxPower
                0x00005368        0x4 C:/SiliconLabs/SimplicityStudio/v4/developer/sdks/gecko_sdk_suite/v2.3//platform/radio/rail_lib/autogen/librail_release/librail_efr32xg1_gcc_release.a(rail_rf_hal.o)
                0x00005368                RFHAL_GetTxPower
 .text.RFHAL_SetChannel
                0x0000536c       0xc4 C:/SiliconLabs/SimplicityStudio/v4/developer/sdks/gecko_sdk_suite/v2.3//platform/radio/rail_lib/autogen/librail_release/librail_efr32xg1_gcc_release.a(rail_rf_hal.o)
                0x0000536c                RFHAL_SetChannel
 .text.RFHAL_IsAutoAckEnabled
                0x00005430        0x6 C:/SiliconLabs/SimplicityStudio/v4/developer/sdks/gecko_sdk_suite/v2.3//platform/radio/rail_lib/autogen/librail_release/librail_efr32xg1_gcc_release.a(rail_rf_hal.o)
                0x00005430                RFHAL_IsAutoAckEnabled
 *fill*         0x00005436        0x2 
 .text.RFHAL_AutoAckWaitForAck
                0x00005438       0x18 C:/SiliconLabs/SimplicityStudio/v4/developer/sdks/gecko_sdk_suite/v2.3//platform/radio/rail_lib/autogen/librail_release/librail_efr32xg1_gcc_release.a(rail_rf_hal.o)
                0x00005438                RFHAL_AutoAckWaitForAck
 .text.preTxOps
                0x00005450       0xd0 C:/SiliconLabs/SimplicityStudio/v4/developer/sdks/gecko_sdk_suite/v2.3//platform/radio/rail_lib/autogen/librail_release/librail_efr32xg1_gcc_release.a(rail_rf_hal.o)
 .text.RFHAL_StartTx
                0x00005520       0x12 C:/SiliconLabs/SimplicityStudio/v4/developer/sdks/gecko_sdk_suite/v2.3//platform/radio/rail_lib/autogen/librail_release/librail_efr32xg1_gcc_release.a(rail_rf_hal.o)
                0x00005520                RFHAL_StartTx
 *fill*         0x00005532        0x2 
 .text.RFHAL_GetRxPacketInfo
                0x00005534       0x48 C:/SiliconLabs/SimplicityStudio/v4/developer/sdks/gecko_sdk_suite/v2.3//platform/radio/rail_lib/autogen/librail_release/librail_efr32xg1_gcc_release.a(rail_rf_hal.o)
                0x00005534                RFHAL_GetRxPacketInfo
 .text.RFHAL_GetRxPacketDetailsAlt
                0x0000557c       0x98 C:/SiliconLabs/SimplicityStudio/v4/developer/sdks/gecko_sdk_suite/v2.3//platform/radio/rail_lib/autogen/librail_release/librail_efr32xg1_gcc_release.a(rail_rf_hal.o)
                0x0000557c                RFHAL_GetRxPacketDetailsAlt
 .text.RFHAL_GetRxPacketDetails
                0x00005614       0x22 C:/SiliconLabs/SimplicityStudio/v4/developer/sdks/gecko_sdk_suite/v2.3//platform/radio/rail_lib/autogen/librail_release/librail_efr32xg1_gcc_release.a(rail_rf_hal.o)
                0x00005614                RFHAL_GetRxPacketDetails
 .text.RFHAL_SetTxBuffer
                0x00005636       0x34 C:/SiliconLabs/SimplicityStudio/v4/developer/sdks/gecko_sdk_suite/v2.3//platform/radio/rail_lib/autogen/librail_release/librail_efr32xg1_gcc_release.a(rail_rf_hal.o)
                0x00005636                RFHAL_SetTxBuffer
 .text.RFHAL_SetRxBuffer
                0x0000566a       0x2c C:/SiliconLabs/SimplicityStudio/v4/developer/sdks/gecko_sdk_suite/v2.3//platform/radio/rail_lib/autogen/librail_release/librail_efr32xg1_gcc_release.a(rail_rf_hal.o)
                0x0000566a                RFHAL_SetRxBuffer
 *fill*         0x00005696        0x2 
 .text.RFHAL_ResetTxFifo
                0x00005698       0x2c C:/SiliconLabs/SimplicityStudio/v4/developer/sdks/gecko_sdk_suite/v2.3//platform/radio/rail_lib/autogen/librail_release/librail_efr32xg1_gcc_release.a(rail_rf_hal.o)
                0x00005698                RFHAL_ResetTxFifo
 .text.RFHAL_ResetRxFifo
                0x000056c4       0x40 C:/SiliconLabs/SimplicityStudio/v4/developer/sdks/gecko_sdk_suite/v2.3//platform/radio/rail_lib/autogen/librail_release/librail_efr32xg1_gcc_release.a(rail_rf_hal.o)
                0x000056c4                RFHAL_ResetRxFifo
 .text.RFHAL_ConfigData
                0x00005704       0x7c C:/SiliconLabs/SimplicityStudio/v4/developer/sdks/gecko_sdk_suite/v2.3//platform/radio/rail_lib/autogen/librail_release/librail_efr32xg1_gcc_release.a(rail_rf_hal.o)
                0x00005704                RFHAL_ConfigData
 .text.RFHAL_ConfigRadio
                0x00005780       0xbc C:/SiliconLabs/SimplicityStudio/v4/developer/sdks/gecko_sdk_suite/v2.3//platform/radio/rail_lib/autogen/librail_release/librail_efr32xg1_gcc_release.a(rail_rf_hal.o)
                0x00005780                RFHAL_ConfigRadio
 .text.RFHAL_ResetAddressFilter
                0x0000583c       0x10 C:/SiliconLabs/SimplicityStudio/v4/developer/sdks/gecko_sdk_suite/v2.3//platform/radio/rail_lib/autogen/librail_release/librail_efr32xg1_gcc_release.a(rail_rf_hal.o)
                0x0000583c                RFHAL_ResetAddressFilter
 .text.RFHAL_Init
                0x0000584c       0x98 C:/SiliconLabs/SimplicityStudio/v4/developer/sdks/gecko_sdk_suite/v2.3//platform/radio/rail_lib/autogen/librail_release/librail_efr32xg1_gcc_release.a(rail_rf_hal.o)
                0x0000584c                RFHAL_Init
 .text.RFHAL_ConfigPti
                0x000058e4        0x4 C:/SiliconLabs/SimplicityStudio/v4/developer/sdks/gecko_sdk_suite/v2.3//platform/radio/rail_lib/autogen/librail_release/librail_efr32xg1_gcc_release.a(rail_rf_hal.o)
                0x000058e4                RFHAL_ConfigPti
 .text.RFHAL_IEEE802154IsEnabled
                0x000058e8        0x6 C:/SiliconLabs/SimplicityStudio/v4/developer/sdks/gecko_sdk_suite/v2.3//platform/radio/rail_lib/autogen/librail_release/librail_efr32xg1_gcc_release.a(rail_ieee802154_rf_hal.o)
                0x000058e8                RFHAL_IEEE802154IsEnabled
 *fill*         0x000058ee        0x2 
 .text.checkAndAddRxLenOverflowEntry.part.0
                0x000058f0       0x2c C:/SiliconLabs/SimplicityStudio/v4/developer/sdks/gecko_sdk_suite/v2.3//platform/radio/rail_lib/autogen/librail_release/librail_efr32xg1_gcc_release.a(bufc.o)
 .text.BUFC_ReadHelper
                0x0000591c       0x7a C:/SiliconLabs/SimplicityStudio/v4/developer/sdks/gecko_sdk_suite/v2.3//platform/radio/rail_lib/autogen/librail_release/librail_efr32xg1_gcc_release.a(bufc.o)
 *fill*         0x00005996        0x2 
 .text.BUFC_SetTxBuffer
                0x00005998       0x38 C:/SiliconLabs/SimplicityStudio/v4/developer/sdks/gecko_sdk_suite/v2.3//platform/radio/rail_lib/autogen/librail_release/librail_efr32xg1_gcc_release.a(bufc.o)
                0x00005998                BUFC_SetTxBuffer
 .text.BUFC_SetRxBuffer
                0x000059d0       0x1c C:/SiliconLabs/SimplicityStudio/v4/developer/sdks/gecko_sdk_suite/v2.3//platform/radio/rail_lib/autogen/librail_release/librail_efr32xg1_gcc_release.a(bufc.o)
                0x000059d0                BUFC_SetRxBuffer
 .text.BUFC_WriteBuffer
                0x000059ec       0xb0 C:/SiliconLabs/SimplicityStudio/v4/developer/sdks/gecko_sdk_suite/v2.3//platform/radio/rail_lib/autogen/librail_release/librail_efr32xg1_gcc_release.a(bufc.o)
                0x000059ec                BUFC_WriteBuffer
 .text.BUFC_Peek
                0x00005a9c       0x12 C:/SiliconLabs/SimplicityStudio/v4/developer/sdks/gecko_sdk_suite/v2.3//platform/radio/rail_lib/autogen/librail_release/librail_efr32xg1_gcc_release.a(bufc.o)
                0x00005a9c                BUFC_Peek
 .text.BUFC_PeekByte
                0x00005aae       0x46 C:/SiliconLabs/SimplicityStudio/v4/developer/sdks/gecko_sdk_suite/v2.3//platform/radio/rail_lib/autogen/librail_release/librail_efr32xg1_gcc_release.a(bufc.o)
                0x00005aae                BUFC_PeekByte
 .text.BUFC_GetBytesAvailable
                0x00005af4       0x14 C:/SiliconLabs/SimplicityStudio/v4/developer/sdks/gecko_sdk_suite/v2.3//platform/radio/rail_lib/autogen/librail_release/librail_efr32xg1_gcc_release.a(bufc.o)
                0x00005af4                BUFC_GetBytesAvailable
 .text.BUFC_TxAckBufferSet
                0x00005b08       0x2c C:/SiliconLabs/SimplicityStudio/v4/developer/sdks/gecko_sdk_suite/v2.3//platform/radio/rail_lib/autogen/librail_release/librail_efr32xg1_gcc_release.a(bufc.o)
                0x00005b08                BUFC_TxAckBufferSet
 .text.BUFC_RxBufferReset
                0x00005b34       0x5c C:/SiliconLabs/SimplicityStudio/v4/developer/sdks/gecko_sdk_suite/v2.3//platform/radio/rail_lib/autogen/librail_release/librail_efr32xg1_gcc_release.a(bufc.o)
                0x00005b34                BUFC_RxBufferReset
 .text.BUFC_Init
                0x00005b90       0x50 C:/SiliconLabs/SimplicityStudio/v4/developer/sdks/gecko_sdk_suite/v2.3//platform/radio/rail_lib/autogen/librail_release/librail_efr32xg1_gcc_release.a(bufc.o)
                0x00005b90                BUFC_Init
 .text.BUFC_ReleaseRxPacket
                0x00005be0      0x118 C:/SiliconLabs/SimplicityStudio/v4/developer/sdks/gecko_sdk_suite/v2.3//platform/radio/rail_lib/autogen/librail_release/librail_efr32xg1_gcc_release.a(bufc.o)
                0x00005be0                BUFC_ReleaseRxPacket
 .text.BUFC_StartRxLenThrEvent
                0x00005cf8       0x98 C:/SiliconLabs/SimplicityStudio/v4/developer/sdks/gecko_sdk_suite/v2.3//platform/radio/rail_lib/autogen/librail_release/librail_efr32xg1_gcc_release.a(bufc.o)
                0x00005cf8                BUFC_StartRxLenThrEvent
 .text.BUFC_EndRxLenThrEvent
                0x00005d90       0x1c C:/SiliconLabs/SimplicityStudio/v4/developer/sdks/gecko_sdk_suite/v2.3//platform/radio/rail_lib/autogen/librail_release/librail_efr32xg1_gcc_release.a(bufc.o)
                0x00005d90                BUFC_EndRxLenThrEvent
 .text.BUFC_HandleRxLenOvfEvent
                0x00005dac       0x30 C:/SiliconLabs/SimplicityStudio/v4/developer/sdks/gecko_sdk_suite/v2.3//platform/radio/rail_lib/autogen/librail_release/librail_efr32xg1_gcc_release.a(bufc.o)
                0x00005dac                BUFC_HandleRxLenOvfEvent
 .text.BUFC_GetRxPacketInfo
                0x00005ddc      0x168 C:/SiliconLabs/SimplicityStudio/v4/developer/sdks/gecko_sdk_suite/v2.3//platform/radio/rail_lib/autogen/librail_release/librail_efr32xg1_gcc_release.a(bufc.o)
                0x00005ddc                BUFC_GetRxPacketInfo
 .text.IRCAL_Set
                0x00005f44       0x1c C:/SiliconLabs/SimplicityStudio/v4/developer/sdks/gecko_sdk_suite/v2.3//platform/radio/rail_lib/autogen/librail_release/librail_efr32xg1_gcc_release.a(ir_cal.o)
                0x00005f44                IRCAL_Set
 .text.getRampTimeFromLevelAndRate
                0x00005f60       0x20 C:/SiliconLabs/SimplicityStudio/v4/developer/sdks/gecko_sdk_suite/v2.3//platform/radio/rail_lib/autogen/librail_release/librail_efr32xg1_gcc_release.a(pa.o)
 .text.PA_ProtectPa
                0x00005f80       0xa0 C:/SiliconLabs/SimplicityStudio/v4/developer/sdks/gecko_sdk_suite/v2.3//platform/radio/rail_lib/autogen/librail_release/librail_efr32xg1_gcc_release.a(pa.o)
 .text.PA_GetTxPowerConfig
                0x00006020       0x14 C:/SiliconLabs/SimplicityStudio/v4/developer/sdks/gecko_sdk_suite/v2.3//platform/radio/rail_lib/autogen/librail_release/librail_efr32xg1_gcc_release.a(pa.o)
                0x00006020                PA_GetTxPowerConfig
 .text.PA_GetPowerLevel
                0x00006034        0xc C:/SiliconLabs/SimplicityStudio/v4/developer/sdks/gecko_sdk_suite/v2.3//platform/radio/rail_lib/autogen/librail_release/librail_efr32xg1_gcc_release.a(pa.o)
                0x00006034                PA_GetPowerLevel
 .text.PA_SetPowerLevel
                0x00006040      0x15c C:/SiliconLabs/SimplicityStudio/v4/developer/sdks/gecko_sdk_suite/v2.3//platform/radio/rail_lib/autogen/librail_release/librail_efr32xg1_gcc_release.a(pa.o)
                0x00006040                PA_SetPowerLevel
 .text.PA_RunPeakDetectorHigh
                0x0000619c       0x40 C:/SiliconLabs/SimplicityStudio/v4/developer/sdks/gecko_sdk_suite/v2.3//platform/radio/rail_lib/autogen/librail_release/librail_efr32xg1_gcc_release.a(pa.o)
                0x0000619c                PA_RunPeakDetectorHigh
 .text.PA_RunPeakDetectorLow
                0x000061dc        0x2 C:/SiliconLabs/SimplicityStudio/v4/developer/sdks/gecko_sdk_suite/v2.3//platform/radio/rail_lib/autogen/librail_release/librail_efr32xg1_gcc_release.a(pa.o)
                0x000061dc                PA_RunPeakDetectorLow
 *fill*         0x000061de        0x2 
 .text.PA_RunBatHigh
                0x000061e0       0x2c C:/SiliconLabs/SimplicityStudio/v4/developer/sdks/gecko_sdk_suite/v2.3//platform/radio/rail_lib/autogen/librail_release/librail_efr32xg1_gcc_release.a(pa.o)
                0x000061e0                PA_RunBatHigh
 .text.PA_GetRampTime
                0x0000620c        0xc C:/SiliconLabs/SimplicityStudio/v4/developer/sdks/gecko_sdk_suite/v2.3//platform/radio/rail_lib/autogen/librail_release/librail_efr32xg1_gcc_release.a(pa.o)
                0x0000620c                PA_GetRampTime
 .text.PA_CalcRampTime
                0x00006218       0x38 C:/SiliconLabs/SimplicityStudio/v4/developer/sdks/gecko_sdk_suite/v2.3//platform/radio/rail_lib/autogen/librail_release/librail_efr32xg1_gcc_release.a(pa.o)
                0x00006218                PA_CalcRampTime
 .text.PA_SetRampTime
                0x00006250      0x100 C:/SiliconLabs/SimplicityStudio/v4/developer/sdks/gecko_sdk_suite/v2.3//platform/radio/rail_lib/autogen/librail_release/librail_efr32xg1_gcc_release.a(pa.o)
                0x00006250                PA_SetRampTime
 .text.PA_SetCTune
                0x00006350       0x24 C:/SiliconLabs/SimplicityStudio/v4/developer/sdks/gecko_sdk_suite/v2.3//platform/radio/rail_lib/autogen/librail_release/librail_efr32xg1_gcc_release.a(pa.o)
                0x00006350                PA_SetCTune
 .text.PA_SelectBand
                0x00006374       0x38 C:/SiliconLabs/SimplicityStudio/v4/developer/sdks/gecko_sdk_suite/v2.3//platform/radio/rail_lib/autogen/librail_release/librail_efr32xg1_gcc_release.a(pa.o)
                0x00006374                PA_SelectBand
 .text.PA_Config
                0x000063ac      0x140 C:/SiliconLabs/SimplicityStudio/v4/developer/sdks/gecko_sdk_suite/v2.3//platform/radio/rail_lib/autogen/librail_release/librail_efr32xg1_gcc_release.a(pa.o)
                0x000063ac                PA_Config
 .text.PA_UpdateConfig
                0x000064ec       0x38 C:/SiliconLabs/SimplicityStudio/v4/developer/sdks/gecko_sdk_suite/v2.3//platform/radio/rail_lib/autogen/librail_release/librail_efr32xg1_gcc_release.a(pa.o)
                0x000064ec                PA_UpdateConfig
 .text.PROTIMER_Init
                0x00006524       0xd4 C:/SiliconLabs/SimplicityStudio/v4/developer/sdks/gecko_sdk_suite/v2.3//platform/radio/rail_lib/autogen/librail_release/librail_efr32xg1_gcc_release.a(protimer.o)
                0x00006524                PROTIMER_Init
 .text.PROTIMER_Start
                0x000065f8       0x1c C:/SiliconLabs/SimplicityStudio/v4/developer/sdks/gecko_sdk_suite/v2.3//platform/radio/rail_lib/autogen/librail_release/librail_efr32xg1_gcc_release.a(protimer.o)
                0x000065f8                PROTIMER_Start
 .text.PROTIMER_CCTimerStop
                0x00006614       0x20 C:/SiliconLabs/SimplicityStudio/v4/developer/sdks/gecko_sdk_suite/v2.3//platform/radio/rail_lib/autogen/librail_release/librail_efr32xg1_gcc_release.a(protimer.o)
                0x00006614                PROTIMER_CCTimerStop
 .text.PROTIMER_CCTimerIsEnabled
                0x00006634       0x10 C:/SiliconLabs/SimplicityStudio/v4/developer/sdks/gecko_sdk_suite/v2.3//platform/radio/rail_lib/autogen/librail_release/librail_efr32xg1_gcc_release.a(protimer.o)
                0x00006634                PROTIMER_CCTimerIsEnabled
 .text.PROTIMER_CCTimerCapture
                0x00006644       0x14 C:/SiliconLabs/SimplicityStudio/v4/developer/sdks/gecko_sdk_suite/v2.3//platform/radio/rail_lib/autogen/librail_release/librail_efr32xg1_gcc_release.a(protimer.o)
                0x00006644                PROTIMER_CCTimerCapture
 .text.PROTIMER_ClearRxEnable
                0x00006658       0x10 C:/SiliconLabs/SimplicityStudio/v4/developer/sdks/gecko_sdk_suite/v2.3//platform/radio/rail_lib/autogen/librail_release/librail_efr32xg1_gcc_release.a(protimer.o)
                0x00006658                PROTIMER_ClearRxEnable
 .text.PROTIMER_LBTStop
                0x00006668       0x18 C:/SiliconLabs/SimplicityStudio/v4/developer/sdks/gecko_sdk_suite/v2.3//platform/radio/rail_lib/autogen/librail_release/librail_efr32xg1_gcc_release.a(protimer.o)
                0x00006668                PROTIMER_LBTStop
 .text.PROTIMER_PrecntOverflowToUs
                0x00006680       0x24 C:/SiliconLabs/SimplicityStudio/v4/developer/sdks/gecko_sdk_suite/v2.3//platform/radio/rail_lib/autogen/librail_release/librail_efr32xg1_gcc_release.a(protimer.o)
                0x00006680                PROTIMER_PrecntOverflowToUs
 .text.PROTIMER_GetUsTime
                0x000066a4        0xc C:/SiliconLabs/SimplicityStudio/v4/developer/sdks/gecko_sdk_suite/v2.3//platform/radio/rail_lib/autogen/librail_release/librail_efr32xg1_gcc_release.a(protimer.o)
                0x000066a4                PROTIMER_GetUsTime
 .text.PROTIMER_GetCCTimeUs
                0x000066b0       0x12 C:/SiliconLabs/SimplicityStudio/v4/developer/sdks/gecko_sdk_suite/v2.3//platform/radio/rail_lib/autogen/librail_release/librail_efr32xg1_gcc_release.a(protimer.o)
                0x000066b0                PROTIMER_GetCCTimeUs
 .text.PROTIMER_GetUsFromRawWrap
                0x000066c2        0x4 C:/SiliconLabs/SimplicityStudio/v4/developer/sdks/gecko_sdk_suite/v2.3//platform/radio/rail_lib/autogen/librail_release/librail_efr32xg1_gcc_release.a(protimer.o)
                0x000066c2                PROTIMER_GetUsFromRawWrap
 *fill*         0x000066c6        0x2 
 .text.PROTIMER_UsToPrecntOverflow
                0x000066c8       0x30 C:/SiliconLabs/SimplicityStudio/v4/developer/sdks/gecko_sdk_suite/v2.3//platform/radio/rail_lib/autogen/librail_release/librail_efr32xg1_gcc_release.a(protimer.o)
                0x000066c8                PROTIMER_UsToPrecntOverflow
 .text.PROTIMER_CCTimerStart
                0x000066f8      0x128 C:/SiliconLabs/SimplicityStudio/v4/developer/sdks/gecko_sdk_suite/v2.3//platform/radio/rail_lib/autogen/librail_release/librail_efr32xg1_gcc_release.a(protimer.o)
                0x000066f8                PROTIMER_CCTimerStart
 .text.PROTIMER_DelayUs
                0x00006820       0x16 C:/SiliconLabs/SimplicityStudio/v4/developer/sdks/gecko_sdk_suite/v2.3//platform/radio/rail_lib/autogen/librail_release/librail_efr32xg1_gcc_release.a(protimer.o)
                0x00006820                PROTIMER_DelayUs
 *fill*         0x00006836        0x2 
 .text.PROTIMER_CheckCcaReallyFailed
                0x00006838       0xbc C:/SiliconLabs/SimplicityStudio/v4/developer/sdks/gecko_sdk_suite/v2.3//platform/radio/rail_lib/autogen/librail_release/librail_efr32xg1_gcc_release.a(protimer.o)
                0x00006838                PROTIMER_CheckCcaReallyFailed
 .text.PTI_Config
                0x000068f4       0xc0 C:/SiliconLabs/SimplicityStudio/v4/developer/sdks/gecko_sdk_suite/v2.3//platform/radio/rail_lib/autogen/librail_release/librail_efr32xg1_gcc_release.a(pti.o)
                0x000068f4                PTI_Config
 .text.PTI_EnableAppendedInfo
                0x000069b4       0x18 C:/SiliconLabs/SimplicityStudio/v4/developer/sdks/gecko_sdk_suite/v2.3//platform/radio/rail_lib/autogen/librail_release/librail_efr32xg1_gcc_release.a(pti.o)
                0x000069b4                PTI_EnableAppendedInfo
 .text.PTI_Enable
                0x000069cc       0x50 C:/SiliconLabs/SimplicityStudio/v4/developer/sdks/gecko_sdk_suite/v2.3//platform/radio/rail_lib/autogen/librail_release/librail_efr32xg1_gcc_release.a(pti.o)
                0x000069cc                PTI_Enable
 .text.PTI_AuxdataOutput
                0x00006a1c       0x1c C:/SiliconLabs/SimplicityStudio/v4/developer/sdks/gecko_sdk_suite/v2.3//platform/radio/rail_lib/autogen/librail_release/librail_efr32xg1_gcc_release.a(pti.o)
                0x00006a1c                PTI_AuxdataOutput
 .text.RADIO_SetAndForgetWrite
                0x00006a38       0x8c C:/SiliconLabs/SimplicityStudio/v4/developer/sdks/gecko_sdk_suite/v2.3//platform/radio/rail_lib/autogen/librail_release/librail_efr32xg1_gcc_release.a(radio.o)
                0x00006a38                RADIO_SetAndForgetWrite
 .text.RADIO_Init
                0x00006ac4       0x54 C:/SiliconLabs/SimplicityStudio/v4/developer/sdks/gecko_sdk_suite/v2.3//platform/radio/rail_lib/autogen/librail_release/librail_efr32xg1_gcc_release.a(radio.o)
                0x00006ac4                RADIO_Init
 .text.RADIO_SeqInit
                0x00006b18       0x64 C:/SiliconLabs/SimplicityStudio/v4/developer/sdks/gecko_sdk_suite/v2.3//platform/radio/rail_lib/autogen/librail_release/librail_efr32xg1_gcc_release.a(radio.o)
                0x00006b18                RADIO_SeqInit
 .text.RADIO_ClockEnable
                0x00006b7c       0x10 C:/SiliconLabs/SimplicityStudio/v4/developer/sdks/gecko_sdk_suite/v2.3//platform/radio/rail_lib/autogen/librail_release/librail_efr32xg1_gcc_release.a(radio.o)
                0x00006b7c                RADIO_ClockEnable
 .text.RADIO_ClockPrescGet
                0x00006b8c       0x10 C:/SiliconLabs/SimplicityStudio/v4/developer/sdks/gecko_sdk_suite/v2.3//platform/radio/rail_lib/autogen/librail_release/librail_efr32xg1_gcc_release.a(radio.o)
                0x00006b8c                RADIO_ClockPrescGet
 .text.RADIO_ClockFreqGet
                0x00006b9c       0x14 C:/SiliconLabs/SimplicityStudio/v4/developer/sdks/gecko_sdk_suite/v2.3//platform/radio/rail_lib/autogen/librail_release/librail_efr32xg1_gcc_release.a(radio.o)
                0x00006b9c                RADIO_ClockFreqGet
 .text.RADIO_Config
                0x00006bb0       0x9c C:/SiliconLabs/SimplicityStudio/v4/developer/sdks/gecko_sdk_suite/v2.3//platform/radio/rail_lib/autogen/librail_release/librail_efr32xg1_gcc_release.a(radio.o)
                0x00006bb0                RADIO_Config
 .text.RADIO_IsRxOnForRssi
                0x00006c4c       0x18 C:/SiliconLabs/SimplicityStudio/v4/developer/sdks/gecko_sdk_suite/v2.3//platform/radio/rail_lib/autogen/librail_release/librail_efr32xg1_gcc_release.a(radio.o)
                0x00006c4c                RADIO_IsRxOnForRssi
 .text.RADIO_RxTrailDataLength
                0x00006c64       0x3c C:/SiliconLabs/SimplicityStudio/v4/developer/sdks/gecko_sdk_suite/v2.3//platform/radio/rail_lib/autogen/librail_release/librail_efr32xg1_gcc_release.a(radio.o)
                0x00006c64                RADIO_RxTrailDataLength
 .text.RADIO_GetRssi
                0x00006ca0       0x64 C:/SiliconLabs/SimplicityStudio/v4/developer/sdks/gecko_sdk_suite/v2.3//platform/radio/rail_lib/autogen/librail_release/librail_efr32xg1_gcc_release.a(radio.o)
                0x00006ca0                RADIO_GetRssi
 .text.RADIO_RACClearRxOverflow
                0x00006d04       0x20 C:/SiliconLabs/SimplicityStudio/v4/developer/sdks/gecko_sdk_suite/v2.3//platform/radio/rail_lib/autogen/librail_release/librail_efr32xg1_gcc_release.a(radio.o)
                0x00006d04                RADIO_RACClearRxOverflow
 .text.RFSENSE_IRQHandler
                0x00006d24       0x10 C:/SiliconLabs/SimplicityStudio/v4/developer/sdks/gecko_sdk_suite/v2.3//platform/radio/rail_lib/autogen/librail_release/librail_efr32xg1_gcc_release.a(rfsense.o)
                0x00006d24                RFSENSE_IRQHandler
 .text.SYNTH_RfFreqGet
                0x00006d34        0xc C:/SiliconLabs/SimplicityStudio/v4/developer/sdks/gecko_sdk_suite/v2.3//platform/radio/rail_lib/autogen/librail_release/librail_efr32xg1_gcc_release.a(synth.o)
                0x00006d34                SYNTH_RfFreqGet
 .text.SYNTH_ChSpacingGet
                0x00006d40        0xc C:/SiliconLabs/SimplicityStudio/v4/developer/sdks/gecko_sdk_suite/v2.3//platform/radio/rail_lib/autogen/librail_release/librail_efr32xg1_gcc_release.a(synth.o)
                0x00006d40                SYNTH_ChSpacingGet
 .text.SYNTH_LoDivGet
                0x00006d4c       0x20 C:/SiliconLabs/SimplicityStudio/v4/developer/sdks/gecko_sdk_suite/v2.3//platform/radio/rail_lib/autogen/librail_release/librail_efr32xg1_gcc_release.a(synth.o)
                0x00006d4c                SYNTH_LoDivGet
 .text.SYNTH_Is2p4GHz
                0x00006d6c       0x14 C:/SiliconLabs/SimplicityStudio/v4/developer/sdks/gecko_sdk_suite/v2.3//platform/radio/rail_lib/autogen/librail_release/librail_efr32xg1_gcc_release.a(synth.o)
                0x00006d6c                SYNTH_Is2p4GHz
 .text.SYNTH_VcoRangeIsValid
                0x00006d80       0x30 C:/SiliconLabs/SimplicityStudio/v4/developer/sdks/gecko_sdk_suite/v2.3//platform/radio/rail_lib/autogen/librail_release/librail_efr32xg1_gcc_release.a(synth.o)
                0x00006d80                SYNTH_VcoRangeIsValid
 .text.SYNTH_RetimeLimitsConfig
                0x00006db0       0x64 C:/SiliconLabs/SimplicityStudio/v4/developer/sdks/gecko_sdk_suite/v2.3//platform/radio/rail_lib/autogen/librail_release/librail_efr32xg1_gcc_release.a(synth.o)
                0x00006db0                SYNTH_RetimeLimitsConfig
 .text.SYNTH_RetimeClkConfig
                0x00006e14       0xb4 C:/SiliconLabs/SimplicityStudio/v4/developer/sdks/gecko_sdk_suite/v2.3//platform/radio/rail_lib/autogen/librail_release/librail_efr32xg1_gcc_release.a(synth.o)
                0x00006e14                SYNTH_RetimeClkConfig
 .text.SYNTH_Config
                0x00006ec8      0x104 C:/SiliconLabs/SimplicityStudio/v4/developer/sdks/gecko_sdk_suite/v2.3//platform/radio/rail_lib/autogen/librail_release/librail_efr32xg1_gcc_release.a(synth.o)
                0x00006ec8                SYNTH_Config
 .text.SYNTH_ChannelSet
                0x00006fcc       0x40 C:/SiliconLabs/SimplicityStudio/v4/developer/sdks/gecko_sdk_suite/v2.3//platform/radio/rail_lib/autogen/librail_release/librail_efr32xg1_gcc_release.a(synth.o)
                0x00006fcc                SYNTH_ChannelSet
 .text.SYNTH_DCDCRetimeClkSet
                0x0000700c       0x68 C:/SiliconLabs/SimplicityStudio/v4/developer/sdks/gecko_sdk_suite/v2.3//platform/radio/rail_lib/autogen/librail_release/librail_efr32xg1_gcc_release.a(synth.o)
                0x0000700c                SYNTH_DCDCRetimeClkSet
 .text.SYNTH_DCDCRetimeEnable
                0x00007074       0x18 C:/SiliconLabs/SimplicityStudio/v4/developer/sdks/gecko_sdk_suite/v2.3//platform/radio/rail_lib/autogen/librail_release/librail_efr32xg1_gcc_release.a(synth.o)
                0x00007074                SYNTH_DCDCRetimeEnable
 .text.SYNTH_DCDCRetimeDisable
                0x0000708c       0x18 C:/SiliconLabs/SimplicityStudio/v4/developer/sdks/gecko_sdk_suite/v2.3//platform/radio/rail_lib/autogen/librail_release/librail_efr32xg1_gcc_release.a(synth.o)
                0x0000708c                SYNTH_DCDCRetimeDisable
 .text.SYNTH_KvnFreqCompensationEnable
                0x000070a4        0xc C:/SiliconLabs/SimplicityStudio/v4/developer/sdks/gecko_sdk_suite/v2.3//platform/radio/rail_lib/autogen/librail_release/librail_efr32xg1_gcc_release.a(synth.o)
                0x000070a4                SYNTH_KvnFreqCompensationEnable
 .text.TEMPCAL_Init
                0x000070b0       0x38 C:/SiliconLabs/SimplicityStudio/v4/developer/sdks/gecko_sdk_suite/v2.3//platform/radio/rail_lib/autogen/librail_release/librail_efr32xg1_gcc_release.a(tempcal.o)
                0x000070b0                TEMPCAL_Init
 .text.TIMING_NsToStimerTickCalc
                0x000070e8       0x2c C:/SiliconLabs/SimplicityStudio/v4/developer/sdks/gecko_sdk_suite/v2.3//platform/radio/rail_lib/autogen/librail_release/librail_efr32xg1_gcc_release.a(timings.o)
 .text.TIMING_Recalculate
                0x00007114      0x17c C:/SiliconLabs/SimplicityStudio/v4/developer/sdks/gecko_sdk_suite/v2.3//platform/radio/rail_lib/autogen/librail_release/librail_efr32xg1_gcc_release.a(timings.o)
 .text.TIMING_InitStimer
                0x00007290       0x5c C:/SiliconLabs/SimplicityStudio/v4/developer/sdks/gecko_sdk_suite/v2.3//platform/radio/rail_lib/autogen/librail_release/librail_efr32xg1_gcc_release.a(timings.o)
                0x00007290                TIMING_InitStimer
 .text.TIMING_SeqTimingInit
                0x000072ec        0x2 C:/SiliconLabs/SimplicityStudio/v4/developer/sdks/gecko_sdk_suite/v2.3//platform/radio/rail_lib/autogen/librail_release/librail_efr32xg1_gcc_release.a(timings.o)
                0x000072ec                TIMING_SeqTimingInit
 .text.TIMING_RecalculateAll
                0x000072ee        0x6 C:/SiliconLabs/SimplicityStudio/v4/developer/sdks/gecko_sdk_suite/v2.3//platform/radio/rail_lib/autogen/librail_release/librail_efr32xg1_gcc_release.a(timings.o)
                0x000072ee                TIMING_RecalculateAll
 .text.TIMING_RecalculatePaRampChanged
                0x000072f4        0x6 C:/SiliconLabs/SimplicityStudio/v4/developer/sdks/gecko_sdk_suite/v2.3//platform/radio/rail_lib/autogen/librail_release/librail_efr32xg1_gcc_release.a(timings.o)
                0x000072f4                TIMING_RecalculatePaRampChanged
 .text.TIMING_SetChainDelays
                0x000072fa        0x8 C:/SiliconLabs/SimplicityStudio/v4/developer/sdks/gecko_sdk_suite/v2.3//platform/radio/rail_lib/autogen/librail_release/librail_efr32xg1_gcc_release.a(timings.o)
                0x000072fa                TIMING_SetChainDelays
 .text.TIMING_SetRxDoneDelay
                0x00007302        0x6 C:/SiliconLabs/SimplicityStudio/v4/developer/sdks/gecko_sdk_suite/v2.3//platform/radio/rail_lib/autogen/librail_release/librail_efr32xg1_gcc_release.a(timings.o)
                0x00007302                TIMING_SetRxDoneDelay
 .text.TIMING_CalcAdjustUs
                0x00007308       0x20 C:/SiliconLabs/SimplicityStudio/v4/developer/sdks/gecko_sdk_suite/v2.3//platform/radio/rail_lib/autogen/librail_release/librail_efr32xg1_gcc_release.a(timings.o)
                0x00007308                TIMING_CalcAdjustUs
 .text.TIMING_PreambleSyncBits
                0x00007328       0x2c C:/SiliconLabs/SimplicityStudio/v4/developer/sdks/gecko_sdk_suite/v2.3//platform/radio/rail_lib/autogen/librail_release/librail_efr32xg1_gcc_release.a(timings.o)
                0x00007328                TIMING_PreambleSyncBits
 .text.TIMING_CalcRxTimeStampUs
                0x00007354       0x62 C:/SiliconLabs/SimplicityStudio/v4/developer/sdks/gecko_sdk_suite/v2.3//platform/radio/rail_lib/autogen/librail_release/librail_efr32xg1_gcc_release.a(timings.o)
                0x00007354                TIMING_CalcRxTimeStampUs
 .text.TIMING_AdjustRxTimeStampUs
                0x000073b6       0x1c C:/SiliconLabs/SimplicityStudio/v4/developer/sdks/gecko_sdk_suite/v2.3//platform/radio/rail_lib/autogen/librail_release/librail_efr32xg1_gcc_release.a(timings.o)
                0x000073b6                TIMING_AdjustRxTimeStampUs
 *fill*         0x000073d2        0x2 
 .text.RFRAND_GetRadioEntropy
                0x000073d4      0x100 C:/SiliconLabs/SimplicityStudio/v4/developer/sdks/gecko_sdk_suite/v2.3//platform/radio/rail_lib/autogen/librail_release/librail_efr32xg1_gcc_release.a(rf_rand.o)
                0x000073d4                RFRAND_GetRadioEntropy
 .text.RFRAND_SeedProtimerRandom
                0x000074d4       0x3c C:/SiliconLabs/SimplicityStudio/v4/developer/sdks/gecko_sdk_suite/v2.3//platform/radio/rail_lib/autogen/librail_release/librail_efr32xg1_gcc_release.a(rf_rand.o)
                0x000074d4                RFRAND_SeedProtimerRandom
 .text.RADIO_RACStateGet
                0x00007510       0x10 C:/SiliconLabs/SimplicityStudio/v4/developer/sdks/gecko_sdk_suite/v2.3//platform/radio/rail_lib/autogen/librail_release/librail_efr32xg1_gcc_release.a(generic_phy.o)
 .text.GENERIC_PHY_EnableDisableInt
                0x00007520       0x22 C:/SiliconLabs/SimplicityStudio/v4/developer/sdks/gecko_sdk_suite/v2.3//platform/radio/rail_lib/autogen/librail_release/librail_efr32xg1_gcc_release.a(generic_phy.o)
 *fill*         0x00007542        0x2 
 .text.GENERIC_PHY_DisableRadioIrqs
                0x00007544       0x50 C:/SiliconLabs/SimplicityStudio/v4/developer/sdks/gecko_sdk_suite/v2.3//platform/radio/rail_lib/autogen/librail_release/librail_efr32xg1_gcc_release.a(generic_phy.o)
 .text.GENERIC_PHY_ConfigureRollbackReporting
                0x00007594       0x68 C:/SiliconLabs/SimplicityStudio/v4/developer/sdks/gecko_sdk_suite/v2.3//platform/radio/rail_lib/autogen/librail_release/librail_efr32xg1_gcc_release.a(generic_phy.o)
 .text.GENERIC_PHY_ClearPendedRxWindowEnd
                0x000075fc       0x1c C:/SiliconLabs/SimplicityStudio/v4/developer/sdks/gecko_sdk_suite/v2.3//platform/radio/rail_lib/autogen/librail_release/librail_efr32xg1_gcc_release.a(generic_phy.o)
 .text.RADIO_RACRxAbort
                0x00007618       0x38 C:/SiliconLabs/SimplicityStudio/v4/developer/sdks/gecko_sdk_suite/v2.3//platform/radio/rail_lib/autogen/librail_release/librail_efr32xg1_gcc_release.a(generic_phy.o)
 .text.GENERIC_PHY_RxOverflowHook
                0x00007650       0x34 C:/SiliconLabs/SimplicityStudio/v4/developer/sdks/gecko_sdk_suite/v2.3//platform/radio/rail_lib/autogen/librail_release/librail_efr32xg1_gcc_release.a(generic_phy.o)
 .text.GENERIC_PHY_CheckPendedRxWindowEnd
                0x00007684       0x44 C:/SiliconLabs/SimplicityStudio/v4/developer/sdks/gecko_sdk_suite/v2.3//platform/radio/rail_lib/autogen/librail_release/librail_efr32xg1_gcc_release.a(generic_phy.o)
 .text.GENERIC_PHY_ConfigureEvents
                0x000076c8      0x2b8 C:/SiliconLabs/SimplicityStudio/v4/developer/sdks/gecko_sdk_suite/v2.3//platform/radio/rail_lib/autogen/librail_release/librail_efr32xg1_gcc_release.a(generic_phy.o)
                0x000076c8                GENERIC_PHY_ConfigureEvents
 .text.GENERIC_PHY_PacketTxCommon
                0x00007980       0x38 C:/SiliconLabs/SimplicityStudio/v4/developer/sdks/gecko_sdk_suite/v2.3//platform/radio/rail_lib/autogen/librail_release/librail_efr32xg1_gcc_release.a(generic_phy.o)
                0x00007980                GENERIC_PHY_PacketTxCommon
 .text.GENERIC_PHY_PacketTx
                0x000079b8       0x40 C:/SiliconLabs/SimplicityStudio/v4/developer/sdks/gecko_sdk_suite/v2.3//platform/radio/rail_lib/autogen/librail_release/librail_efr32xg1_gcc_release.a(generic_phy.o)
                0x000079b8                GENERIC_PHY_PacketTx
 .text.GENERIC_PHY_StartRx
                0x000079f8       0x30 C:/SiliconLabs/SimplicityStudio/v4/developer/sdks/gecko_sdk_suite/v2.3//platform/radio/rail_lib/autogen/librail_release/librail_efr32xg1_gcc_release.a(generic_phy.o)
                0x000079f8                GENERIC_PHY_StartRx
 .text.GENERIC_PHY_SeqAtomicLock
                0x00007a28       0x30 C:/SiliconLabs/SimplicityStudio/v4/developer/sdks/gecko_sdk_suite/v2.3//platform/radio/rail_lib/autogen/librail_release/librail_efr32xg1_gcc_release.a(generic_phy.o)
                0x00007a28                GENERIC_PHY_SeqAtomicLock
 .text.GENERIC_PHY_RACConfig
                0x00007a58       0x78 C:/SiliconLabs/SimplicityStudio/v4/developer/sdks/gecko_sdk_suite/v2.3//platform/radio/rail_lib/autogen/librail_release/librail_efr32xg1_gcc_release.a(generic_phy.o)
                0x00007a58                GENERIC_PHY_RACConfig
 .text.GENERIC_PHY_Init
                0x00007ad0       0x70 C:/SiliconLabs/SimplicityStudio/v4/developer/sdks/gecko_sdk_suite/v2.3//platform/radio/rail_lib/autogen/librail_release/librail_efr32xg1_gcc_release.a(generic_phy.o)
                0x00007ad0                GENERIC_PHY_Init
 .text.GENERIC_PHY_ResetRxFifo
                0x00007b40       0x30 C:/SiliconLabs/SimplicityStudio/v4/developer/sdks/gecko_sdk_suite/v2.3//platform/radio/rail_lib/autogen/librail_release/librail_efr32xg1_gcc_release.a(generic_phy.o)
                0x00007b40                GENERIC_PHY_ResetRxFifo
 .text.GENERIC_PHY_RadioIdle
                0x00007b70      0x174 C:/SiliconLabs/SimplicityStudio/v4/developer/sdks/gecko_sdk_suite/v2.3//platform/radio/rail_lib/autogen/librail_release/librail_efr32xg1_gcc_release.a(generic_phy.o)
                0x00007b70                GENERIC_PHY_RadioIdle
 .text.FRC_IRQHandler
                0x00007ce4      0x458 C:/SiliconLabs/SimplicityStudio/v4/developer/sdks/gecko_sdk_suite/v2.3//platform/radio/rail_lib/autogen/librail_release/librail_efr32xg1_gcc_release.a(generic_phy.o)
                0x00007ce4                FRC_IRQHandler
 .text.FRC_PRI_IRQHandler
                0x0000813c        0x4 C:/SiliconLabs/SimplicityStudio/v4/developer/sdks/gecko_sdk_suite/v2.3//platform/radio/rail_lib/autogen/librail_release/librail_efr32xg1_gcc_release.a(generic_phy.o)
                0x0000813c                FRC_PRI_IRQHandler
 .text.BUFC_IRQHandler
                0x00008140        0x4 C:/SiliconLabs/SimplicityStudio/v4/developer/sdks/gecko_sdk_suite/v2.3//platform/radio/rail_lib/autogen/librail_release/librail_efr32xg1_gcc_release.a(generic_phy.o)
                0x00008140                BUFC_IRQHandler
 .text.PROTIMER_IRQHandler
                0x00008144        0x4 C:/SiliconLabs/SimplicityStudio/v4/developer/sdks/gecko_sdk_suite/v2.3//platform/radio/rail_lib/autogen/librail_release/librail_efr32xg1_gcc_release.a(generic_phy.o)
                0x00008144                PROTIMER_IRQHandler
 .text.RAC_SEQ_IRQHandler
                0x00008148        0x4 C:/SiliconLabs/SimplicityStudio/v4/developer/sdks/gecko_sdk_suite/v2.3//platform/radio/rail_lib/autogen/librail_release/librail_efr32xg1_gcc_release.a(generic_phy.o)
                0x00008148                RAC_SEQ_IRQHandler
 .text.RAILCb_RadioStateChanged
                0x0000814c       0x14 C:/SiliconLabs/SimplicityStudio/v4/developer/sdks/gecko_sdk_suite/v2.3//platform/radio/rail_lib/autogen/librail_release/librail_efr32xg1_gcc_release.a(generic_phy.o)
                0x0000814c                RAILCb_RadioStateChanged
 .text.RAC_RSM_IRQHandler
                0x00008160       0x48 C:/SiliconLabs/SimplicityStudio/v4/developer/sdks/gecko_sdk_suite/v2.3//platform/radio/rail_lib/autogen/librail_release/librail_efr32xg1_gcc_release.a(generic_phy.o)
                0x00008160                RAC_RSM_IRQHandler
 .text.MODEM_IRQHandler
                0x000081a8        0x4 C:/SiliconLabs/SimplicityStudio/v4/developer/sdks/gecko_sdk_suite/v2.3//platform/radio/rail_lib/autogen/librail_release/librail_efr32xg1_gcc_release.a(generic_phy.o)
                0x000081a8                MODEM_IRQHandler
 .text.AGC_IRQHandler
                0x000081ac       0x40 C:/SiliconLabs/SimplicityStudio/v4/developer/sdks/gecko_sdk_suite/v2.3//platform/radio/rail_lib/autogen/librail_release/librail_efr32xg1_gcc_release.a(generic_phy.o)
                0x000081ac                AGC_IRQHandler
 .text.SYNTH_IRQHandler
                0x000081ec       0x10 C:/SiliconLabs/SimplicityStudio/v4/developer/sdks/gecko_sdk_suite/v2.3//platform/radio/rail_lib/autogen/librail_release/librail_efr32xg1_gcc_release.a(generic_phy.o)
                0x000081ec                SYNTH_IRQHandler
 .text.GENERIC_PHY_IsFeatureEnabled
                0x000081fc       0x14 C:/SiliconLabs/SimplicityStudio/v4/developer/sdks/gecko_sdk_suite/v2.3//platform/radio/rail_lib/autogen/librail_release/librail_efr32xg1_gcc_release.a(generic_phy.o)
                0x000081fc                GENERIC_PHY_IsFeatureEnabled
 .text          0x00008210       0x30 c:/siliconlabs/simplicitystudio/v4/developer/toolchains/gnu_arm/7.2_2017q4/bin/../lib/gcc/arm-none-eabi/7.2.1/thumb/v7e-m/fpv4-sp/softfp\libgcc.a(_aeabi_uldivmod.o)
                0x00008210                __aeabi_uldivmod
 .text          0x00008240      0x2cc c:/siliconlabs/simplicitystudio/v4/developer/toolchains/gnu_arm/7.2_2017q4/bin/../lib/gcc/arm-none-eabi/7.2.1/thumb/v7e-m/fpv4-sp/softfp\libgcc.a(_udivmoddi4.o)
                0x00008240                __udivmoddi4
 .text          0x0000850c        0x4 c:/siliconlabs/simplicitystudio/v4/developer/toolchains/gnu_arm/7.2_2017q4/bin/../lib/gcc/arm-none-eabi/7.2.1/thumb/v7e-m/fpv4-sp/softfp\libgcc.a(_dvmd_tls.o)
                0x0000850c                __aeabi_idiv0
                0x0000850c                __aeabi_ldiv0
 .text.__errno  0x00008510        0xc c:/siliconlabs/simplicitystudio/v4/developer/toolchains/gnu_arm/7.2_2017q4/bin/../lib/gcc/arm-none-eabi/7.2.1/../../../../arm-none-eabi/lib/thumb/v7e-m/fpv4-sp/softfp\libc_nano.a(lib_a-errno.o)
                0x00008510                __errno
 .text.exit     0x0000851c       0x28 c:/siliconlabs/simplicitystudio/v4/developer/toolchains/gnu_arm/7.2_2017q4/bin/../lib/gcc/arm-none-eabi/7.2.1/../../../../arm-none-eabi/lib/thumb/v7e-m/fpv4-sp/softfp\libc_nano.a(lib_a-exit.o)
                0x0000851c                exit
 .text.getchar  0x00008544       0x24 c:/siliconlabs/simplicitystudio/v4/developer/toolchains/gnu_arm/7.2_2017q4/bin/../lib/gcc/arm-none-eabi/7.2.1/../../../../arm-none-eabi/lib/thumb/v7e-m/fpv4-sp/softfp\libc_nano.a(lib_a-getchar.o)
                0x00008544                getchar
 .text.__libc_init_array
                0x00008568       0x48 c:/siliconlabs/simplicitystudio/v4/developer/toolchains/gnu_arm/7.2_2017q4/bin/../lib/gcc/arm-none-eabi/7.2.1/../../../../arm-none-eabi/lib/thumb/v7e-m/fpv4-sp/softfp\libc_nano.a(lib_a-init.o)
                0x00008568                __libc_init_array
 .text.malloc   0x000085b0       0x10 c:/siliconlabs/simplicitystudio/v4/developer/toolchains/gnu_arm/7.2_2017q4/bin/../lib/gcc/arm-none-eabi/7.2.1/../../../../arm-none-eabi/lib/thumb/v7e-m/fpv4-sp/softfp\libc_nano.a(lib_a-malloc.o)
                0x000085b0                malloc
 .text.memcmp   0x000085c0       0x1e c:/siliconlabs/simplicitystudio/v4/developer/toolchains/gnu_arm/7.2_2017q4/bin/../lib/gcc/arm-none-eabi/7.2.1/../../../../arm-none-eabi/lib/thumb/v7e-m/fpv4-sp/softfp\libc_nano.a(lib_a-memcmp.o)
                0x000085c0                memcmp
 .text.memcpy   0x000085de       0x16 c:/siliconlabs/simplicitystudio/v4/developer/toolchains/gnu_arm/7.2_2017q4/bin/../lib/gcc/arm-none-eabi/7.2.1/../../../../arm-none-eabi/lib/thumb/v7e-m/fpv4-sp/softfp\libc_nano.a(lib_a-memcpy-stub.o)
                0x000085de                memcpy
 .text.memmove  0x000085f4       0x32 c:/siliconlabs/simplicitystudio/v4/developer/toolchains/gnu_arm/7.2_2017q4/bin/../lib/gcc/arm-none-eabi/7.2.1/../../../../arm-none-eabi/lib/thumb/v7e-m/fpv4-sp/softfp\libc_nano.a(lib_a-memmove.o)