Archive member included to satisfy reference by file (symbol)

C:/SiliconLabs/SimplicityStudio/v4/developer/sdks/gecko_sdk_suite/v2.3//platform/radio/rail_lib/autogen/librail_release/librail_efr32xg1_gcc_release.a(rail_singleprotocol.o)
                              ./yes/yes_radio.o (RAIL_Init)
C:/SiliconLabs/SimplicityStudio/v4/developer/sdks/gecko_sdk_suite/v2.3//platform/radio/rail_lib/autogen/librail_release/librail_efr32xg1_gcc_release.a(rail_rf.o)
                              C:/SiliconLabs/SimplicityStudio/v4/developer/sdks/gecko_sdk_suite/v2.3//platform/radio/rail_lib/autogen/librail_release/librail_efr32xg1_gcc_release.a(rail_singleprotocol.o) (RAILCore_Init)
C:/SiliconLabs/SimplicityStudio/v4/developer/sdks/gecko_sdk_suite/v2.3//platform/radio/rail_lib/autogen/librail_release/librail_efr32xg1_gcc_release.a(rail_rx.o)
                              C:/SiliconLabs/SimplicityStudio/v4/developer/sdks/gecko_sdk_suite/v2.3//platform/radio/rail_lib/autogen/librail_release/librail_efr32xg1_gcc_release.a(rail_singleprotocol.o) (RAILCore_StartRx)
C:/SiliconLabs/SimplicityStudio/v4/developer/sdks/gecko_sdk_suite/v2.3//platform/radio/rail_lib/autogen/librail_release/librail_efr32xg1_gcc_release.a(rail_tx.o)
                              C:/SiliconLabs/SimplicityStudio/v4/developer/sdks/gecko_sdk_suite/v2.3//platform/radio/rail_lib/autogen/librail_release/librail_efr32xg1_gcc_release.a(rail_singleprotocol.o) (RAILCore_StartTxStream)
C:/SiliconLabs/SimplicityStudio/v4/developer/sdks/gecko_sdk_suite/v2.3//platform/radio/rail_lib/autogen/librail_release/librail_efr32xg1_gcc_release.a(rail_calibration.o)
                              ./yes/yes_radio.o (RAIL_ConfigCal)
C:/SiliconLabs/SimplicityStudio/v4/developer/sdks/gecko_sdk_suite/v2.3//platform/radio/rail_lib/autogen/librail_release/librail_efr32xg1_gcc_release.a(rail_data.o)
                              ./yes/yes_radio.o (RAIL_ConfigData)
C:/SiliconLabs/SimplicityStudio/v4/developer/sdks/gecko_sdk_suite/v2.3//platform/radio/rail_lib/autogen/librail_release/librail_efr32xg1_gcc_release.a(rail_assert.o)
                              ./pa-conversions/pa_conversions_efr32.o (RAILCb_AssertFailed)
C:/SiliconLabs/SimplicityStudio/v4/developer/sdks/gecko_sdk_suite/v2.3//platform/radio/rail_lib/autogen/librail_release/librail_efr32xg1_gcc_release.a(rail_pti.o)
                              ./hal-efr32/hal_efr.o (RAIL_ConfigPti)
C:/SiliconLabs/SimplicityStudio/v4/developer/sdks/gecko_sdk_suite/v2.3//platform/radio/rail_lib/autogen/librail_release/librail_efr32xg1_gcc_release.a(rail_rssi.o)
                              C:/SiliconLabs/SimplicityStudio/v4/developer/sdks/gecko_sdk_suite/v2.3//platform/radio/rail_lib/autogen/librail_release/librail_efr32xg1_gcc_release.a(rail_singleprotocol.o) (RAILCore_GetRssi)
C:/SiliconLabs/SimplicityStudio/v4/developer/sdks/gecko_sdk_suite/v2.3//platform/radio/rail_lib/autogen/librail_release/librail_efr32xg1_gcc_release.a(rail_timer.o)
                              ./app_hal.o (RAIL_GetTime)
C:/SiliconLabs/SimplicityStudio/v4/developer/sdks/gecko_sdk_suite/v2.3//platform/radio/rail_lib/autogen/librail_release/librail_efr32xg1_gcc_release.a(tmrdrv.o)
                              C:/SiliconLabs/SimplicityStudio/v4/developer/sdks/gecko_sdk_suite/v2.3//platform/radio/rail_lib/autogen/librail_release/librail_efr32xg1_gcc_release.a(rail_timer.o) (TMRDRV_SetupTimer)
C:/SiliconLabs/SimplicityStudio/v4/developer/sdks/gecko_sdk_suite/v2.3//platform/radio/rail_lib/autogen/librail_release/librail_efr32xg1_gcc_release.a(tmrdrv_config.o)
                              C:/SiliconLabs/SimplicityStudio/v4/developer/sdks/gecko_sdk_suite/v2.3//platform/radio/rail_lib/autogen/librail_release/librail_efr32xg1_gcc_release.a(tmrdrv.o) (TMRDRV_GetHwTime)
C:/SiliconLabs/SimplicityStudio/v4/developer/sdks/gecko_sdk_suite/v2.3//platform/radio/rail_lib/autogen/librail_release/librail_efr32xg1_gcc_release.a(rail_ieee802154.o)
                              ./yes/yes_radio.o (RAIL_IEEE802154_Init)
C:/SiliconLabs/SimplicityStudio/v4/developer/sdks/gecko_sdk_suite/v2.3//platform/radio/rail_lib/autogen/librail_release/librail_efr32xg1_gcc_release.a(rail_rf_hal.o)
                              C:/SiliconLabs/SimplicityStudio/v4/developer/sdks/gecko_sdk_suite/v2.3//platform/radio/rail_lib/autogen/librail_release/librail_efr32xg1_gcc_release.a(rail_rf.o) (RFHAL_SetFixedLength)
C:/SiliconLabs/SimplicityStudio/v4/developer/sdks/gecko_sdk_suite/v2.3//platform/radio/rail_lib/autogen/librail_release/librail_efr32xg1_gcc_release.a(rail_ieee802154_rf_hal.o)
                              C:/SiliconLabs/SimplicityStudio/v4/developer/sdks/gecko_sdk_suite/v2.3//platform/radio/rail_lib/autogen/librail_release/librail_efr32xg1_gcc_release.a(rail_ieee802154.o) (RFHAL_IEEE802154Disable)
C:/SiliconLabs/SimplicityStudio/v4/developer/sdks/gecko_sdk_suite/v2.3//platform/radio/rail_lib/autogen/librail_release/librail_efr32xg1_gcc_release.a(ieee802154_efr32xg1_configurator_out.o)
[...]
Memory Configuration

Name             Origin             Length             Attributes
FLASH            0x00000000         0x00040000         xr
RAM              0x20000000         0x00007c00         xrw
*default*        0x00000000         0xffffffff

Linker script and memory map

LOAD c:/siliconlabs/simplicitystudio/v4/developer/toolchains/gnu_arm/7.2_2017q4/bin/../lib/gcc/arm-none-eabi/7.2.1/thumb/v7e-m/fpv4-sp/softfp/crti.o
LOAD c:/siliconlabs/simplicitystudio/v4/developer/toolchains/gnu_arm/7.2_2017q4/bin/../lib/gcc/arm-none-eabi/7.2.1/thumb/v7e-m/fpv4-sp/softfp/crtbegin.o
LOAD c:/siliconlabs/simplicitystudio/v4/developer/toolchains/gnu_arm/7.2_2017q4/bin/../lib/gcc/arm-none-eabi/7.2.1/../../../../arm-none-eabi/lib/thumb/v7e-m/fpv4-sp/softfp/crt0.o
                0x00040000                FLASH_SIZE = 0x40000
                0x00008000                RAM_SIZE = 0x8000
                0x00000000                SIMEEPROM_SIZE = 0x0
                0x00000001                NULL_BTL = 0x1
START GROUP
LOAD ./app_hal.o
LOAD ./app_main.o
LOAD ./rail_config.o
LOAD ./buffer-pool-memory-manager/buffer_pool_allocator.o
LOAD ./circular-queue/circular_queue.o
LOAD ./command-interpreter-rail/command_interpreter.o
LOAD ./emdrv/dmadrv.o
LOAD ./emdrv/gpiointerrupt.o
LOAD ./emdrv/rtcdriver.o
LOAD ./emdrv/sleep.o
LOAD ./emdrv/tempdrv.o
LOAD ./emdrv/uartdrv.o
LOAD ./emdrv/ustimer.o
LOAD ./emlib/em_adc.o
LOAD ./emlib/em_cmu.o
LOAD ./emlib/em_core.o
LOAD ./emlib/em_emu.o
LOAD ./emlib/em_gpio.o
LOAD ./emlib/em_i2c.o
LOAD ./emlib/em_ldma.o
LOAD ./emlib/em_leuart.o
LOAD ./emlib/em_mpu.o
LOAD ./emlib/em_msc.o
LOAD ./emlib/em_prs.o
LOAD ./emlib/em_rmu.o
LOAD ./emlib/em_rtcc.o
LOAD ./emlib/em_system.o
LOAD ./emlib/em_timer.o
LOAD ./emlib/em_usart.o
LOAD ./emlib/em_wdog.o
LOAD ./emlib/system_efr32fg1p.o
LOAD ./hal-efr32/bsp_init.o
LOAD ./hal-efr32/bsp_stk.o
LOAD ./hal-efr32/bsp_stk_leds.o
LOAD ./hal-efr32/dmactrl.o
LOAD ./hal-efr32/em_assert.o
LOAD ./hal-efr32/em_rtc.o
LOAD ./hal-efr32/hal_common.o
LOAD ./hal-efr32/hal_efr.o
LOAD ./hal-efr32/i2cspm.o
LOAD ./hal-efr32/retargetio.o
LOAD ./hal-efr32/retargetserial.o
LOAD ./hal-efr32/udelay.o
LOAD ./pa-conversions/pa_conversions_efr32.o
LOAD ./rail-app-config/EFR32_F_1_1_P/gcc/startup_efr32fg1p.o
LOAD ./response-printf/response_print.o
LOAD ./user_data/user_data.o
LOAD ./yes/my_uart.o
LOAD ./yes/parameter_ci.o
LOAD ./yes/yes_radio.o
LOAD C:/SiliconLabs/SimplicityStudio/v4/developer/sdks/gecko_sdk_suite/v2.3//platform/radio/rail_lib/autogen/librail_release/librail_efr32xg1_gcc_release.a
LOAD c:/siliconlabs/simplicitystudio/v4/developer/toolchains/gnu_arm/7.2_2017q4/bin/../lib/gcc/arm-none-eabi/7.2.1/../../../../arm-none-eabi/lib/thumb/v7e-m/fpv4-sp/softfp\libm.a
END GROUP
START GROUP
LOAD c:/siliconlabs/simplicitystudio/v4/developer/toolchains/gnu_arm/7.2_2017q4/bin/../lib/gcc/arm-none-eabi/7.2.1/thumb/v7e-m/fpv4-sp/softfp\libgcc.a
LOAD c:/siliconlabs/simplicitystudio/v4/developer/toolchains/gnu_arm/7.2_2017q4/bin/../lib/gcc/arm-none-eabi/7.2.1/../../../../arm-none-eabi/lib/thumb/v7e-m/fpv4-sp/softfp\libc_nano.a
LOAD c:/siliconlabs/simplicitystudio/v4/developer/toolchains/gnu_arm/7.2_2017q4/bin/../lib/gcc/arm-none-eabi/7.2.1/../../../../arm-none-eabi/lib/thumb/v7e-m/fpv4-sp/softfp\libnosys.a
END GROUP
START GROUP
LOAD c:/siliconlabs/simplicitystudio/v4/developer/toolchains/gnu_arm/7.2_2017q4/bin/../lib/gcc/arm-none-eabi/7.2.1/thumb/v7e-m/fpv4-sp/softfp\libgcc.a
LOAD c:/siliconlabs/simplicitystudio/v4/developer/toolchains/gnu_arm/7.2_2017q4/bin/../lib/gcc/arm-none-eabi/7.2.1/../../../../arm-none-eabi/lib/thumb/v7e-m/fpv4-sp/softfp\libg_nano.a
LOAD c:/siliconlabs/simplicitystudio/v4/developer/toolchains/gnu_arm/7.2_2017q4/bin/../lib/gcc/arm-none-eabi/7.2.1/../../../../arm-none-eabi/lib/thumb/v7e-m/fpv4-sp/softfp\libc_nano.a
END GROUP
START GROUP
LOAD c:/siliconlabs/simplicitystudio/v4/developer/toolchains/gnu_arm/7.2_2017q4/bin/../lib/gcc/arm-none-eabi/7.2.1/thumb/v7e-m/fpv4-sp/softfp\libgcc.a
LOAD c:/siliconlabs/simplicitystudio/v4/developer/toolchains/gnu_arm/7.2_2017q4/bin/../lib/gcc/arm-none-eabi/7.2.1/../../../../arm-none-eabi/lib/thumb/v7e-m/fpv4-sp/softfp\libc_nano.a
END GROUP
LOAD c:/siliconlabs/simplicitystudio/v4/developer/toolchains/gnu_arm/7.2_2017q4/bin/../lib/gcc/arm-none-eabi/7.2.1/thumb/v7e-m/fpv4-sp/softfp/crtend.o
LOAD c:/siliconlabs/simplicitystudio/v4/developer/toolchains/gnu_arm/7.2_2017q4/bin/../lib/gcc/arm-none-eabi/7.2.1/thumb/v7e-m/fpv4-sp/softfp/crtn.o

.text           0x00000000     0xc158
 *(.vectors)
 .vectors       0x00000000       0xc8 ./rail-app-config/EFR32_F_1_1_P/gcc/startup_efr32fg1p.o
                0x00000000                __Vectors
                0x000000c8                __Vectors_End = .
                0x000000c8                __Vectors_Size = (__Vectors_End - __Vectors)
                0x000000c8                __end__ = .
 *(.text*)
 .text          0x000000c8       0x40 c:/siliconlabs/simplicitystudio/v4/developer/toolchains/gnu_arm/7.2_2017q4/bin/../lib/gcc/arm-none-eabi/7.2.1/thumb/v7e-m/fpv4-sp/softfp/crtbegin.o
 .text          0x00000108       0x74 c:/siliconlabs/simplicitystudio/v4/developer/toolchains/gnu_arm/7.2_2017q4/bin/../lib/gcc/arm-none-eabi/7.2.1/../../../../arm-none-eabi/lib/thumb/v7e-m/fpv4-sp/softfp/crt0.o
                0x00000108                _start
                0x00000108                _mainCRTStartup
 .text.gpioCallback
                0x0000017c        0xc ./app_hal.o
                0x0000017c                gpioCallback
 .text.initButtons
                0x00000188       0x5c ./app_hal.o
                0x00000188                initButtons
 .text.appHalInit
                0x000001e4       0x20 ./app_hal.o
                0x000001e4                appHalInit
 .text.usDelay  0x00000204       0x16 ./app_hal.o
                0x00000204                usDelay
 *fill*         0x0000021a        0x2 
 .text.Init_TimerExpired
                0x0000021c       0x2c ./app_main.o
                0x0000021c                Init_TimerExpired
 .text.processInputCharacters
                0x00000248       0x64 ./app_main.o
                0x00000248                processInputCharacters
 .text.changeChannel2p4
                0x000002ac       0x24 ./app_main.o
                0x000002ac                changeChannel2p4
 .text.startup.main
                0x000002d0      0x11c ./app_main.o
                0x000002d0                main
 .text.RAILCb_CalcBitRate
                0x000003ec        0x4 ./rail_config.o
                0x000003ec                RAILCb_CalcBitRate
 .text.RAILCb_ConfigFrameTypeLength
                0x000003f0        0x2 ./rail_config.o
                0x000003f0                RAILCb_ConfigFrameTypeLength
 *fill*         0x000003f2        0x2 
 .text.memoryAllocate
                0x000003f4       0x3c ./buffer-pool-memory-manager/buffer_pool_allocator.o
                0x000003f4                memoryAllocate
 .text.memoryPtrFromHandle
                0x00000430       0x30 ./buffer-pool-memory-manager/buffer_pool_allocator.o
                0x00000430                memoryPtrFromHandle
 .text.memoryFree
                0x00000460       0x2c ./buffer-pool-memory-manager/buffer_pool_allocator.o
                0x00000460                memoryFree
 .text.memoryTakeReference
                0x0000048c       0x2c ./buffer-pool-memory-manager/buffer_pool_allocator.o
                0x0000048c                memoryTakeReference
 .text.queueInit
                0x000004b8       0x22 ./circular-queue/circular_queue.o
                0x000004b8                queueInit
 .text.queueAdd
                0x000004da       0x48 ./circular-queue/circular_queue.o
                0x000004da                queueAdd
 .text.queueRemove
                0x00000522       0x38 ./circular-queue/circular_queue.o
                0x00000522                queueRemove
 .text.queueIsEmpty
                0x0000055a       0x1e ./circular-queue/circular_queue.o
                0x0000055a                queueIsEmpty
 .text.validateInteger
                0x00000578       0x58 ./command-interpreter-rail/command_interpreter.o
 .text.ciErrorCallback
                0x000005d0       0x2c ./command-interpreter-rail/command_interpreter.o
                0x000005d0                ciErrorCallback
 .text.ciPrintHelp
                0x000005fc       0xb4 ./command-interpreter-rail/command_interpreter.o
                0x000005fc                ciPrintHelp
 .text.ciInitState
                0x000006b0       0x18 ./command-interpreter-rail/command_interpreter.o
                0x000006b0                ciInitState
 .text.ciProcessInput
                0x000006c8      0x274 ./command-interpreter-rail/command_interpreter.o
                0x000006c8                ciProcessInput
 .text.ciGetUnsigned
                0x0000093c        0x8 ./command-interpreter-rail/command_interpreter.o
                0x0000093c                ciGetUnsigned
 .text.ciGetSigned
                0x00000944        0x8 ./command-interpreter-rail/command_interpreter.o
                0x00000944                ciGetSigned
 .text.StartTransfer
                0x0000094c      0x180 ./emdrv/dmadrv.o
 .text.DMADRV_AllocateChannel
                0x00000acc       0x58 ./emdrv/dmadrv.o
                0x00000acc                DMADRV_AllocateChannel
 .text.DMADRV_Init
                0x00000b24       0x6c ./emdrv/dmadrv.o
                0x00000b24                DMADRV_Init
 .text.DMADRV_PeripheralMemory
                0x00000b90       0x34 ./emdrv/dmadrv.o
                0x00000b90                DMADRV_PeripheralMemory
 .text.DMADRV_PauseTransfer
                0x00000bc4       0x40 ./emdrv/dmadrv.o
                0x00000bc4                DMADRV_PauseTransfer
 .text.DMADRV_ResumeTransfer
                0x00000c04       0x40 ./emdrv/dmadrv.o
                0x00000c04                DMADRV_ResumeTransfer
 .text.DMADRV_TransferActive
                0x00000c44       0x50 ./emdrv/dmadrv.o
                0x00000c44                DMADRV_TransferActive
 .text.LDMA_IRQHandler
                0x00000c94       0x70 ./emdrv/dmadrv.o
                0x00000c94                LDMA_IRQHandler
 .text.GPIOINT_IRQDispatcher
                0x00000d04       0x2c ./emdrv/gpiointerrupt.o
 .text.GPIOINT_Init
                0x00000d30       0x1c ./emdrv/gpiointerrupt.o
                0x00000d30                GPIOINT_Init
 .text.GPIOINT_CallbackRegister
                0x00000d4c       0x1c ./emdrv/gpiointerrupt.o
                0x00000d4c                GPIOINT_CallbackRegister
 .text.GPIO_EVEN_IRQHandler
                0x00000d68       0x24 ./emdrv/gpiointerrupt.o
                0x00000d68                GPIO_EVEN_IRQHandler
 .text.GPIO_ODD_IRQHandler
                0x00000d8c       0x24 ./emdrv/gpiointerrupt.o
                0x00000d8c                GPIO_ODD_IRQHandler
 .text.checkAllTimers
                0x00000db0       0xac ./emdrv/rtcdriver.o
 .text.executeTimerCallbacks
                0x00000e5c       0x24 ./emdrv/rtcdriver.o
 .text.rescheduleRtc
                0x00000e80       0x78 ./emdrv/rtcdriver.o
 .text.RTCC_IRQHandler
                0x00000ef8       0x94 ./emdrv/rtcdriver.o
                0x00000ef8                RTCC_IRQHandler
 .text.updateInterrupts
                0x00000f8c       0xd0 ./emdrv/tempdrv.o
 .text.TEMPDRV_GetTemp
                0x0000105c       0x28 ./emdrv/tempdrv.o
                0x0000105c                TEMPDRV_GetTemp
 .text.TEMPDRV_IRQHandler
                0x00001084       0x60 ./emdrv/tempdrv.o
                0x00001084                TEMPDRV_IRQHandler
 .text.EMU_IRQHandler
                0x000010e4        0x4 ./emdrv/tempdrv.o
                0x000010e4                EMU_IRQHandler
 .text.CheckParams
                0x000010e8       0x24 ./emdrv/uartdrv.o
 .text.SetHandleIndex
                0x0000110c       0x44 ./emdrv/uartdrv.o
 .text.GetTailBuffer
                0x00001150       0x34 ./emdrv/uartdrv.o
 .text.DequeueBuffer
                0x00001184       0x4c ./emdrv/uartdrv.o
 .text.StartReceiveDma
                0x000011d0       0x44 ./emdrv/uartdrv.o
 .text.HwFcGetClearToSendPin.part.0
                0x00001214       0x1c ./emdrv/uartdrv.o
 .text.HwFcManageClearToSend
                0x00001230       0x7c ./emdrv/uartdrv.o
 .text.EnableReceiver
                0x000012ac       0x3c ./emdrv/uartdrv.o
 .text.DisableReceiver
                0x000012e8       0x30 ./emdrv/uartdrv.o
 .text.InitializeDma
                0x00001318       0x2c ./emdrv/uartdrv.o
 .text.EnqueueBuffer.constprop.8
                0x00001344       0x7c ./emdrv/uartdrv.o
 .text.ConfigGpio
                0x000013c0       0xce ./emdrv/uartdrv.o
 .text.UARTDRV_ForceTransmit
                0x0000148e       0xfa ./emdrv/uartdrv.o
                0x0000148e                UARTDRV_ForceTransmit
 .text.UARTDRV_PauseTransmit
                0x00001588       0x3c ./emdrv/uartdrv.o
                0x00001588                UARTDRV_PauseTransmit
 .text.UARTDRV_ResumeTransmit
                0x000015c4       0x4c ./emdrv/uartdrv.o
                0x000015c4                UARTDRV_ResumeTransmit
 .text.FcApplyState
                0x00001610       0x6c ./emdrv/uartdrv.o
 .text.UARTDRV_Receive
                0x0000167c       0x58 ./emdrv/uartdrv.o
                0x0000167c                UARTDRV_Receive
 .text.ReceiveDmaComplete
                0x000016d4       0xe8 ./emdrv/uartdrv.o
 .text.UARTDRV_InitUart
                0x000017bc      0x4a4 ./emdrv/uartdrv.o
                0x000017bc                UARTDRV_InitUart
 .text.TIMER0_IRQHandler
                0x00001c60       0x1c ./emdrv/ustimer.o
                0x00001c60                TIMER0_IRQHandler
 .text.setHfLeConfig
                0x00001c7c       0x44 ./emlib/em_cmu.o
 .text.flashWaitStateControl.isra.0
                0x00001cc0       0x38 ./emlib/em_cmu.o
 .text.flashWaitStateMax
                0x00001cf8       0x20 ./emlib/em_cmu.o
 .text.syncReg  0x00001d18       0x18 ./emlib/em_cmu.o
 .text.CMU_OscillatorTuningSet.part.3
                0x00001d30       0x3c ./emlib/em_cmu.o
 .text.CMU_UpdateWaitStates
                0x00001d6c       0x1c ./emlib/em_cmu.o
                0x00001d6c                CMU_UpdateWaitStates
 .text.CMU_ClockEnable
                0x00001d88       0x7c ./emlib/em_cmu.o
                0x00001d88                CMU_ClockEnable
 .text.CMU_ClockSelectGet
                0x00001e04       0xbc ./emlib/em_cmu.o
                0x00001e04                CMU_ClockSelectGet
 .text.lfClkGet
                0x00001ec0       0x88 ./emlib/em_cmu.o
 .text.CMU_ClockFreqGet
                0x00001f48      0x134 ./emlib/em_cmu.o
                0x00001f48                CMU_ClockFreqGet
 .text.CMU_OscillatorTuningWait
                0x0000207c       0x44 ./emlib/em_cmu.o
                0x0000207c                CMU_OscillatorTuningWait
 .text.CMU_OscillatorTuningOptimize
                0x000020c0       0x24 ./emlib/em_cmu.o
                0x000020c0                CMU_OscillatorTuningOptimize
 .text.CMU_OscillatorEnable
                0x000020e4       0xe8 ./emlib/em_cmu.o
                0x000020e4                CMU_OscillatorEnable
 .text.CMU_ClockSelectSet
                0x000021cc      0x15c ./emlib/em_cmu.o
                0x000021cc                CMU_ClockSelectSet
 .text.CMU_HFXOInit
                0x00002328       0x88 ./emlib/em_cmu.o
                0x00002328                CMU_HFXOInit
 .text.CORE_EnterCritical
                0x000023b0        0x8 ./emlib/em_core.o
                0x000023b0                CORE_EnterCritical
 .text.CORE_ExitCritical
                0x000023b8        0x6 ./emlib/em_core.o
                0x000023b8                CORE_ExitCritical
 .text.CORE_EnterAtomic
                0x000023be        0x8 ./emlib/em_core.o
                0x000023be                CORE_EnterAtomic
 .text.CORE_ExitAtomic
                0x000023c6        0x4 ./emlib/em_core.o
                0x000023c6                CORE_ExitAtomic
 *fill*         0x000023ca        0x2 
 .text.CORE_NvicIRQDisabled
                0x000023cc       0x1c ./emlib/em_core.o
                0x000023cc                CORE_NvicIRQDisabled
 .text.CORE_IrqIsBlocked
                0x000023e8       0x80 ./emlib/em_core.o
                0x000023e8                CORE_IrqIsBlocked
 .text.currentLimitersUpdate
                0x00002468       0x70 ./emlib/em_emu.o
 .text.EMU_DCDCModeSet
                0x000024d8       0x5c ./emlib/em_emu.o
                0x000024d8                EMU_DCDCModeSet
 .text.EMU_DCDCOutputVoltageSet
                0x00002534      0x19c ./emlib/em_emu.o
                0x00002534                EMU_DCDCOutputVoltageSet
 .text.EMU_DCDCOptimizeSlice
                0x000026d0       0x6c ./emlib/em_emu.o
                0x000026d0                EMU_DCDCOptimizeSlice
 .text.EMU_DCDCLnRcoBandSet
                0x0000273c       0x24 ./emlib/em_emu.o
                0x0000273c                EMU_DCDCLnRcoBandSet
 .text.EMU_DCDCInit
                0x00002760      0x19c ./emlib/em_emu.o
                0x00002760                EMU_DCDCInit
 .text.GPIO_ExtIntConfig
                0x000028fc       0x98 ./emlib/em_gpio.o
                0x000028fc                GPIO_ExtIntConfig
 .text.GPIO_PinModeSet
                0x00002994       0x84 ./emlib/em_gpio.o
                0x00002994                GPIO_PinModeSet
 .text.LDMA_EnableChannelRequest
                0x00002a18       0x14 ./emlib/em_ldma.o
                0x00002a18                LDMA_EnableChannelRequest
 .text.LDMA_Init
                0x00002a2c       0x58 ./emlib/em_ldma.o
                0x00002a2c                LDMA_Init
 .text.LDMA_StartTransfer
                0x00002a84       0xa4 ./emlib/em_ldma.o
                0x00002a84                LDMA_StartTransfer
 .text.LEUART_Sync
                0x00002b28        0xe ./emlib/em_leuart.o
 .text.LEUART_Tx
                0x00002b36       0x18 ./emlib/em_leuart.o
                0x00002b36                LEUART_Tx
 *fill*         0x00002b4e        0x2 
 .text.MSC_Init
                0x00002b50       0x18 ./emlib/em_msc.o
                0x00002b50                MSC_Init
 .text.MSC_Deinit
                0x00002b68       0x14 ./emlib/em_msc.o
                0x00002b68                MSC_Deinit
 .text.SYSTEM_ChipRevisionGet
                0x00002b7c       0x34 ./emlib/em_system.o
                0x00002b7c                SYSTEM_ChipRevisionGet
 .text.USART_BaudrateAsyncSet
                0x00002bb0       0x64 ./emlib/em_usart.o
                0x00002bb0                USART_BaudrateAsyncSet
 .text.USART_BaudrateSyncSet
                0x00002c14       0x24 ./emlib/em_usart.o
                0x00002c14                USART_BaudrateSyncSet
 .text.USART_Enable
                0x00002c38        0xe ./emlib/em_usart.o
                0x00002c38                USART_Enable
 *fill*         0x00002c46        0x2 
 .text.USART_Reset
                0x00002c48       0x44 ./emlib/em_usart.o
                0x00002c48                USART_Reset
 .text.USART_InitAsync
                0x00002c8c       0x70 ./emlib/em_usart.o
                0x00002c8c                USART_InitAsync
 .text.USART_InitSync
                0x00002cfc       0x82 ./emlib/em_usart.o
                0x00002cfc                USART_InitSync
 .text.USART_Rx
                0x00002d7e        0xc ./emlib/em_usart.o
                0x00002d7e                USART_Rx
 .text.USART_Tx
                0x00002d8a        0xa ./emlib/em_usart.o
                0x00002d8a                USART_Tx
 .text.SystemMaxCoreClockGet
                0x00002d94        0x8 ./emlib/system_efr32fg1p.o
                0x00002d94                SystemMaxCoreClockGet
 .text.SystemHFClockGet
                0x00002d9c       0x48 ./emlib/system_efr32fg1p.o
                0x00002d9c                SystemHFClockGet
 .text.SystemCoreClockGet
                0x00002de4       0x24 ./emlib/system_efr32fg1p.o
                0x00002de4                SystemCoreClockGet
 .text.SystemHFXOClockGet
                0x00002e08        0xc ./emlib/system_efr32fg1p.o
                0x00002e08                SystemHFXOClockGet
 .text.SystemHFXOClockSet
                0x00002e14       0x20 ./emlib/system_efr32fg1p.o
                0x00002e14                SystemHFXOClockSet
 .text.SystemInit
                0x00002e34       0x44 ./emlib/system_efr32fg1p.o
                0x00002e34                SystemInit
 .text.SystemLFRCOClockGet
                0x00002e78        0x6 ./emlib/system_efr32fg1p.o
                0x00002e78                SystemLFRCOClockGet
 .text.SystemULFRCOClockGet
                0x00002e7e        0x6 ./emlib/system_efr32fg1p.o
                0x00002e7e                SystemULFRCOClockGet
 .text.SystemLFXOClockGet
                0x00002e84        0xc ./emlib/system_efr32fg1p.o
                0x00002e84                SystemLFXOClockGet
 .text.BSP_initDcdc
                0x00002e90       0x2c ./hal-efr32/bsp_init.o
                0x00002e90                BSP_initDcdc
 .text.BSP_initClocks
                0x00002ebc       0x80 ./hal-efr32/bsp_init.o
                0x00002ebc                BSP_initClocks
 .text.BSP_initDevice
                0x00002f3c       0x88 ./hal-efr32/bsp_init.o
                0x00002f3c                BSP_initDevice
 .text.BSP_initBoard
                0x00002fc4       0x1c ./hal-efr32/bsp_init.o
                0x00002fc4                BSP_initBoard
 .text.BSP_Init
                0x00002fe0        0x4 ./hal-efr32/bsp_stk.o
                0x00002fe0                BSP_Init
 .text.BSP_LedsInit
                0x00002fe4       0x44 ./hal-efr32/bsp_stk_leds.o
                0x00002fe4                BSP_LedsInit
 .text.BSP_LedClear
                0x00003028       0x30 ./hal-efr32/bsp_stk_leds.o
                0x00003028                BSP_LedClear
 .text.BSP_LedSet
                0x00003058       0x30 ./hal-efr32/bsp_stk_leds.o
                0x00003058                BSP_LedSet
 .text.halInit  0x00003088        0x8 ./hal-efr32/hal_common.o
                0x00003088                halInit
 .text.usecDelay
                0x00003090       0x24 ./hal-efr32/hal_efr.o
 .text.halInitChipSpecific
                0x000030b4      0x16c ./hal-efr32/hal_efr.o
                0x000030b4                halInitChipSpecific
 .text._close   0x00003220        0x4 ./hal-efr32/retargetio.o
                0x00003220                _close
 .text._exit    0x00003224        0x2 ./hal-efr32/retargetio.o
                0x00003224                _exit
 .text._fstat   0x00003226        0xa ./hal-efr32/retargetio.o
                0x00003226                _fstat
 .text._getpid  0x00003230        0x4 ./hal-efr32/retargetio.o
                0x00003230                _getpid
 .text._isatty  0x00003234        0x4 ./hal-efr32/retargetio.o
                0x00003234                _isatty
 .text._kill    0x00003238        0x6 ./hal-efr32/retargetio.o
                0x00003238                _kill
 .text._lseek   0x0000323e        0x4 ./hal-efr32/retargetio.o
                0x0000323e                _lseek
 .text._read    0x00003242       0x2a ./hal-efr32/retargetio.o
                0x00003242                _read
 .text._sbrk    0x0000326c       0x1c ./hal-efr32/retargetio.o
                0x0000326c                _sbrk
 .text._write   0x00003288       0x1c ./hal-efr32/retargetio.o
                0x00003288                _write
 .text.USART0_RX_IRQHandler
                0x000032a4       0x50 ./hal-efr32/retargetserial.o
                0x000032a4                USART0_RX_IRQHandler
 .text.RETARGET_SerialInit
                0x000032f4       0xc4 ./hal-efr32/retargetserial.o
                0x000032f4                RETARGET_SerialInit
 .text.RETARGET_ReadChar
                0x000033b8       0x64 ./hal-efr32/retargetserial.o
                0x000033b8                RETARGET_ReadChar
 .text.RETARGET_WriteChar
                0x0000341c       0x48 ./hal-efr32/retargetserial.o
                0x0000341c                RETARGET_WriteChar
 .text.RAIL_GetTxPowerCurve
                0x00003464       0x14 ./pa-conversions/pa_conversions_efr32.o
                0x00003464                RAIL_GetTxPowerCurve
 .text.RAIL_InitTxPowerCurves
                0x00003478       0x2c ./pa-conversions/pa_conversions_efr32.o
                0x00003478                RAIL_InitTxPowerCurves
 .text.RAIL_ConvertDbmToRaw
                0x000034a4       0xd8 ./pa-conversions/pa_conversions_efr32.o
                0x000034a4                RAIL_ConvertDbmToRaw
 .text.RAIL_ConvertRawToDbm
                0x0000357c       0xb8 ./pa-conversions/pa_conversions_efr32.o
                0x0000357c                RAIL_ConvertRawToDbm
 .text          0x00003634       0x30 ./rail-app-config/EFR32_F_1_1_P/gcc/startup_efr32fg1p.o
                0x00003634                Reset_Handler
                0x00003660                USART0_TX_IRQHandler
                0x00003660                I2C0_IRQHandler
                0x00003660                HardFault_Handler
                0x00003660                SysTick_Handler
                0x00003660                USART1_RX_IRQHandler
                0x00003660                PendSV_Handler
                0x00003660                NMI_Handler
                0x00003660                WDOG0_IRQHandler
                0x00003660                USART1_TX_IRQHandler
                0x00003660                MSC_IRQHandler
                0x00003660                ADC0_IRQHandler
                0x00003660                UsageFault_Handler
                0x00003660                LEUART0_IRQHandler
                0x00003660                FPUEH_IRQHandler
                0x00003660                DebugMon_Handler
                0x00003660                LETIMER0_IRQHandler
                0x00003660                TIMER1_IRQHandler
                0x00003660                Default_Handler
                0x00003660                CRYOTIMER_IRQHandler
                0x00003660                PCNT0_IRQHandler
                0x00003660                ACMP0_IRQHandler
                0x00003660                MemManage_Handler
                0x00003660                SVC_Handler
                0x00003660                CRYPTO_IRQHandler
                0x00003660                CMU_IRQHandler
                0x00003660                BusFault_Handler
                0x00003660                IDAC0_IRQHandler
 .text.responsePrintInternal
                0x00003664      0x12c ./response-printf/response_print.o
 .text.responsePrintStart
                0x00003790       0x1c ./response-printf/response_print.o
                0x00003790                responsePrintStart
 .text.responsePrint
                0x000037ac       0x34 ./response-printf/response_print.o
                0x000037ac                responsePrint
 .text.responsePrintError
                0x000037e0       0x60 ./response-printf/response_print.o
                0x000037e0                responsePrintError
 .text.InitUserDataInfo
                0x00003840      0x10c ./user_data/user_data.o
                0x00003840                InitUserDataInfo
 .text.User_page_update
                0x0000394c       0x90 ./user_data/user_data.o
                0x0000394c                User_page_update
 .text.B2B_UART_Rx_cb
                0x000039dc       0x40 ./yes/my_uart.o
                0x000039dc                B2B_UART_Rx_cb
 .text.initUart
                0x00003a1c       0x2c ./yes/my_uart.o
                0x00003a1c                initUart
 .text.initB2BUart
                0x00003a48       0x4c ./yes/my_uart.o
                0x00003a48                initB2BUart
 .text.B2B_UART_process
                0x00003a94      0x144 ./yes/my_uart.o
                0x00003a94                B2B_UART_process
 .text.resetChip
                0x00003bd8       0x24 ./yes/parameter_ci.o
                0x00003bd8                resetChip
 .text.getNodeId
                0x00003bfc       0x18 ./yes/parameter_ci.o
                0x00003bfc                getNodeId
 .text.setNodeId
                0x00003c14       0x30 ./yes/parameter_ci.o
                0x00003c14                setNodeId
 .text.getChannel
                0x00003c44       0x40 ./yes/parameter_ci.o
                0x00003c44                getChannel
 .text.setChannel
                0x00003c84       0x44 ./yes/parameter_ci.o
                0x00003c84                setChannel
 .text.getChannelSubG
                0x00003cc8       0x40 ./yes/parameter_ci.o
                0x00003cc8                getChannelSubG
 .text.setChannelSubG
                0x00003d08       0x44 ./yes/parameter_ci.o
                0x00003d08                setChannelSubG
 .text.getPower
                0x00003d4c       0x2c ./yes/parameter_ci.o
                0x00003d4c                getPower
 .text.setPower
                0x00003d78       0x80 ./yes/parameter_ci.o
                0x00003d78                setPower
 .text.getPowerSubG
                0x00003df8       0x2c ./yes/parameter_ci.o
                0x00003df8                getPowerSubG
 .text.setPowerSubG
                0x00003e24       0x88 ./yes/parameter_ci.o
                0x00003e24                setPowerSubG
 .text.getRetxCount802154
                0x00003eac       0x18 ./yes/parameter_ci.o
                0x00003eac                getRetxCount802154
 .text.setRetxCount802154
                0x00003ec4       0x28 ./yes/parameter_ci.o
                0x00003ec4                setRetxCount802154
 .text.getRetxCountSubG
                0x00003eec       0x18 ./yes/parameter_ci.o
                0x00003eec                getRetxCountSubG
 .text.setRetxCountSubG
                0x00003f04       0x28 ./yes/parameter_ci.o
                0x00003f04                setRetxCountSubG
 .text.lightOff
                0x00003f2c       0x58 ./yes/parameter_ci.o
                0x00003f2c                lightOff
 .text.rgbTest  0x00003f84       0x2c ./yes/parameter_ci.o
                0x00003f84                rgbTest
 .text.RAILCb_RfReady2p4
                0x00003fb0        0xc ./yes/yes_radio.o
 .text.ReTxSubG_TimerExpired
                0x00003fbc       0x98 ./yes/yes_radio.o
                0x00003fbc                ReTxSubG_TimerExpired
 .text.ReTx_TimerExpired
                0x00004054       0x6c ./yes/yes_radio.o
                0x00004054                ReTx_TimerExpired
 .text.RAILCb_Generic2p4
                0x000040c0       0x50 ./yes/yes_radio.o
                0x000040c0                RAILCb_Generic2p4
 .text.QueueInit
                0x00004110       0x34 ./yes/yes_radio.o
                0x00004110                QueueInit
 .text.SendMessageSubGiga
                0x00004144      0x104 ./yes/yes_radio.o
                0x00004144                SendMessageSubGiga
 .text.RgbTest_TimerExpired
                0x00004248       0x48 ./yes/yes_radio.o
                0x00004248                RgbTest_TimerExpired
 .text.SendMessageIEEE802154
                0x00004290       0xcc ./yes/yes_radio.o
                0x00004290                SendMessageIEEE802154
 .text.Tx2p4GPending
                0x0000435c       0x5c ./yes/yes_radio.o
                0x0000435c                Tx2p4GPending
 .text.yes_subGiga_message_allocate
                0x000043b8        0x6 ./yes/yes_radio.o
                0x000043b8                yes_subGiga_message_allocate
 *fill*         0x000043be        0x2 
 .text.MakeSubGPacket
                0x000043c0       0x44 ./yes/yes_radio.o
                0x000043c0                MakeSubGPacket
 .text.initRadio802154
                0x00004404       0xc8 ./yes/yes_radio.o
                0x00004404                initRadio802154
 .text.changeNodeId
                0x000044cc       0x14 ./yes/yes_radio.o
                0x000044cc                changeNodeId
 .text.changeChannel
                0x000044e0       0x2c ./yes/yes_radio.o
                0x000044e0                changeChannel
 .text.changeChannelSubG
                0x0000450c       0x2c ./yes/yes_radio.o
                0x0000450c                changeChannelSubG
 .text.changePowerSubG
                0x00004538       0x14 ./yes/yes_radio.o
                0x00004538                changePowerSubG
 .text.changeRetxCount802154
                0x0000454c       0x14 ./yes/yes_radio.o
                0x0000454c                changeRetxCount802154
 .text.changeRetxCountSubG
                0x00004560       0x14 ./yes/yes_radio.o
                0x00004560                changeRetxCountSubG
 .text.setRgbTest
                0x00004574       0x24 ./yes/yes_radio.o
                0x00004574                setRgbTest
 .text.setMultiTimer
                0x00004598        0x4 C:/SiliconLabs/SimplicityStudio/v4/developer/sdks/gecko_sdk_suite/v2.3//platform/radio/rail_lib/autogen/librail_release/librail_efr32xg1_gcc_release.a(rail_singleprotocol.o)
 .text.cancelMultiTimer
                0x0000459c        0x4 C:/SiliconLabs/SimplicityStudio/v4/developer/sdks/gecko_sdk_suite/v2.3//platform/radio/rail_lib/autogen/librail_release/librail_efr32xg1_gcc_release.a(rail_singleprotocol.o)
 .text.isMultiTimerExpired
                0x000045a0        0x4 C:/SiliconLabs/SimplicityStudio/v4/developer/sdks/gecko_sdk_suite/v2.3//platform/radio/rail_lib/autogen/librail_release/librail_efr32xg1_gcc_release.a(rail_singleprotocol.o)
 .text.getMultiTimer
                0x000045a4        0x4 C:/SiliconLabs/SimplicityStudio/v4/developer/sdks/gecko_sdk_suite/v2.3//platform/radio/rail_lib/autogen/librail_release/librail_efr32xg1_gcc_release.a(rail_singleprotocol.o)
 .text.getActiveTimerCb
                0x000045a8       0x18 C:/SiliconLabs/SimplicityStudio/v4/developer/sdks/gecko_sdk_suite/v2.3//platform/radio/rail_lib/autogen/librail_release/librail_efr32xg1_gcc_release.a(rail_singleprotocol.o)
 .text.isMultiTimerRunning
                0x000045c0        0x4 C:/SiliconLabs/SimplicityStudio/v4/developer/sdks/gecko_sdk_suite/v2.3//platform/radio/rail_lib/autogen/librail_release/librail_efr32xg1_gcc_release.a(rail_singleprotocol.o)
 .text.RAIL_Init
                0x000045c4       0x20 C:/SiliconLabs/SimplicityStudio/v4/developer/sdks/gecko_sdk_suite/v2.3//platform/radio/rail_lib/autogen/librail_release/librail_efr32xg1_gcc_release.a(rail_singleprotocol.o)
                0x000045c4                RAIL_Init
 .text.RAIL_SetTimer
                0x000045e4       0x1c C:/SiliconLabs/SimplicityStudio/v4/developer/sdks/gecko_sdk_suite/v2.3//platform/radio/rail_lib/autogen/librail_release/librail_efr32xg1_gcc_release.a(rail_singleprotocol.o)
                0x000045e4                RAIL_SetTimer
 .text.RAIL_CancelTimer
                0x00004600        0xe C:/SiliconLabs/SimplicityStudio/v4/developer/sdks/gecko_sdk_suite/v2.3//platform/radio/rail_lib/autogen/librail_release/librail_efr32xg1_gcc_release.a(rail_singleprotocol.o)
                0x00004600                RAIL_CancelTimer
 .text.RAIL_StartCcaCsmaTx
                0x0000460e        0x6 C:/SiliconLabs/SimplicityStudio/v4/developer/sdks/gecko_sdk_suite/v2.3//platform/radio/rail_lib/autogen/librail_release/librail_efr32xg1_gcc_release.a(rail_singleprotocol.o)
                0x0000460e                RAIL_StartCcaCsmaTx
 .text.RAIL_StartRx
                0x00004614        0x6 C:/SiliconLabs/SimplicityStudio/v4/developer/sdks/gecko_sdk_suite/v2.3//platform/radio/rail_lib/autogen/librail_release/librail_efr32xg1_gcc_release.a(rail_singleprotocol.o)
                0x00004614                RAIL_StartRx
 .text.radioConfigChangedDefault
                0x0000461a        0x2 C:/SiliconLabs/SimplicityStudio/v4/developer/sdks/gecko_sdk_suite/v2.3//platform/radio/rail_lib/autogen/librail_release/librail_efr32xg1_gcc_release.a(rail_rf.o)
 .text.isTransitionState
                0x0000461c       0x12 C:/SiliconLabs/SimplicityStudio/v4/developer/sdks/gecko_sdk_suite/v2.3//platform/radio/rail_lib/autogen/librail_release/librail_efr32xg1_gcc_release.a(rail_rf.o)
 .text.RAILCore_Init
                0x0000462e       0x12 C:/SiliconLabs/SimplicityStudio/v4/developer/sdks/gecko_sdk_suite/v2.3//platform/radio/rail_lib/autogen/librail_release/librail_efr32xg1_gcc_release.a(rail_rf.o)
                0x0000462e                RAILCore_Init
 .text.RAILInt_SetCallbackConfig
                0x00004640       0x20 C:/SiliconLabs/SimplicityStudio/v4/developer/sdks/gecko_sdk_suite/v2.3//platform/radio/rail_lib/autogen/librail_release/librail_efr32xg1_gcc_release.a(rail_rf.o)
                0x00004640                RAILInt_SetCallbackConfig
 .text.RAILCore_Idle
                0x00004660       0x14 C:/SiliconLabs/SimplicityStudio/v4/developer/sdks/gecko_sdk_suite/v2.3//platform/radio/rail_lib/autogen/librail_release/librail_efr32xg1_gcc_release.a(rail_rf.o)
                0x00004660                RAILCore_Idle
 .text.RAIL_IsValidChannel
                0x00004674       0x2c C:/SiliconLabs/SimplicityStudio/v4/developer/sdks/gecko_sdk_suite/v2.3//platform/radio/rail_lib/autogen/librail_release/librail_efr32xg1_gcc_release.a(rail_rf.o)
                0x00004674                RAIL_IsValidChannel
 .text.RAILInt_IsPowerInRange
                0x000046a0       0x3c C:/SiliconLabs/SimplicityStudio/v4/developer/sdks/gecko_sdk_suite/v2.3//platform/radio/rail_lib/autogen/librail_release/librail_efr32xg1_gcc_release.a(rail_rf.o)
                0x000046a0                RAILInt_IsPowerInRange
 .text.RAILInt_SetChannel
                0x000046dc      0x1c0 C:/SiliconLabs/SimplicityStudio/v4/developer/sdks/gecko_sdk_suite/v2.3//platform/radio/rail_lib/autogen/librail_release/librail_efr32xg1_gcc_release.a(rail_rf.o)
                0x000046dc                RAILInt_SetChannel
 .text.RAILCore_ConfigChannels
                0x0000489c       0x60 C:/SiliconLabs/SimplicityStudio/v4/developer/sdks/gecko_sdk_suite/v2.3//platform/radio/rail_lib/autogen/librail_release/librail_efr32xg1_gcc_release.a(rail_rf.o)
                0x0000489c                RAILCore_ConfigChannels
 .text.RAILInt_GetChannel
                0x000048fc        0x4 C:/SiliconLabs/SimplicityStudio/v4/developer/sdks/gecko_sdk_suite/v2.3//platform/radio/rail_lib/autogen/librail_release/librail_efr32xg1_gcc_release.a(rail_rf.o)
                0x000048fc                RAILInt_GetChannel
 .text.RAIL_GetDebugMode
                0x00004900        0x4 C:/SiliconLabs/SimplicityStudio/v4/developer/sdks/gecko_sdk_suite/v2.3//platform/radio/rail_lib/autogen/librail_release/librail_efr32xg1_gcc_release.a(rail_rf.o)
                0x00004900                RAIL_GetDebugMode
 .text.RAILCore_SetTxTransitions
                0x00004904       0x3c C:/SiliconLabs/SimplicityStudio/v4/developer/sdks/gecko_sdk_suite/v2.3//platform/radio/rail_lib/autogen/librail_release/librail_efr32xg1_gcc_release.a(rail_rf.o)
                0x00004904                RAILCore_SetTxTransitions
 .text.RAILCore_SetRxTransitions
                0x00004940       0x38 C:/SiliconLabs/SimplicityStudio/v4/developer/sdks/gecko_sdk_suite/v2.3//platform/radio/rail_lib/autogen/librail_release/librail_efr32xg1_gcc_release.a(rail_rf.o)
                0x00004940                RAILCore_SetRxTransitions
 .text.RAIL_ConfigEvents
                0x00004978        0x6 C:/SiliconLabs/SimplicityStudio/v4/developer/sdks/gecko_sdk_suite/v2.3//platform/radio/rail_lib/autogen/librail_release/librail_efr32xg1_gcc_release.a(rail_rf.o)
                0x00004978                RAIL_ConfigEvents
 .text.RAILCore_StartRx
                0x0000497e       0x1a C:/SiliconLabs/SimplicityStudio/v4/developer/sdks/gecko_sdk_suite/v2.3//platform/radio/rail_lib/autogen/librail_release/librail_efr32xg1_gcc_release.a(rail_rx.o)
                0x0000497e                RAILCore_StartRx
 .text.RAIL_SetTxPower
                0x00004998        0x6 C:/SiliconLabs/SimplicityStudio/v4/developer/sdks/gecko_sdk_suite/v2.3//platform/radio/rail_lib/autogen/librail_release/librail_efr32xg1_gcc_release.a(rail_tx.o)
                0x00004998                RAIL_SetTxPower
 .text.RAIL_GetTxPower
                0x0000499e        0x6 C:/SiliconLabs/SimplicityStudio/v4/developer/sdks/gecko_sdk_suite/v2.3//platform/radio/rail_lib/autogen/librail_release/librail_efr32xg1_gcc_release.a(rail_tx.o)
                0x0000499e                RAIL_GetTxPower
 .text.RAIL_ConfigTxPower
                0x000049a4       0x1c C:/SiliconLabs/SimplicityStudio/v4/developer/sdks/gecko_sdk_suite/v2.3//platform/radio/rail_lib/autogen/librail_release/librail_efr32xg1_gcc_release.a(rail_tx.o)
                0x000049a4                RAIL_ConfigTxPower
 .text.RAIL_GetTxPowerConfig
                0x000049c0        0x6 C:/SiliconLabs/SimplicityStudio/v4/developer/sdks/gecko_sdk_suite/v2.3//platform/radio/rail_lib/autogen/librail_release/librail_efr32xg1_gcc_release.a(rail_tx.o)
                0x000049c0                RAIL_GetTxPowerConfig
 .text.RAIL_SetTxPowerDbm
                0x000049c6       0x28 C:/SiliconLabs/SimplicityStudio/v4/developer/sdks/gecko_sdk_suite/v2.3//platform/radio/rail_lib/autogen/librail_release/librail_efr32xg1_gcc_release.a(rail_tx.o)
                0x000049c6                RAIL_SetTxPowerDbm
 .text.RAIL_GetTxPowerDbm
                0x000049ee       0x24 C:/SiliconLabs/SimplicityStudio/v4/developer/sdks/gecko_sdk_suite/v2.3//platform/radio/rail_lib/autogen/librail_release/librail_efr32xg1_gcc_release.a(rail_tx.o)
                0x000049ee                RAIL_GetTxPowerDbm
 .text.RAILInt_EnableCal
                0x00004a12       0x18 C:/SiliconLabs/SimplicityStudio/v4/developer/sdks/gecko_sdk_suite/v2.3//platform/radio/rail_lib/autogen/librail_release/librail_efr32xg1_gcc_release.a(rail_calibration.o)
                0x00004a12                RAILInt_EnableCal
 .text.RAILInt_PendCal
                0x00004a2a       0x24 C:/SiliconLabs/SimplicityStudio/v4/developer/sdks/gecko_sdk_suite/v2.3//platform/radio/rail_lib/autogen/librail_release/librail_efr32xg1_gcc_release.a(rail_calibration.o)
                0x00004a2a                RAILInt_PendCal
 .text.RAIL_ConfigCal
                0x00004a4e       0x10 C:/SiliconLabs/SimplicityStudio/v4/developer/sdks/gecko_sdk_suite/v2.3//platform/radio/rail_lib/autogen/librail_release/librail_efr32xg1_gcc_release.a(rail_calibration.o)
                0x00004a4e                RAIL_ConfigCal
 .text.RAIL_ConfigData
                0x00004a5e        0x6 C:/SiliconLabs/SimplicityStudio/v4/developer/sdks/gecko_sdk_suite/v2.3//platform/radio/rail_lib/autogen/librail_release/librail_efr32xg1_gcc_release.a(rail_data.o)
                0x00004a5e                RAIL_ConfigData
 .text.RAIL_SetTxFifo
                0x00004a64        0x6 C:/SiliconLabs/SimplicityStudio/v4/developer/sdks/gecko_sdk_suite/v2.3//platform/radio/rail_lib/autogen/librail_release/librail_efr32xg1_gcc_release.a(rail_data.o)
                0x00004a64                RAIL_SetTxFifo
 .text.RAIL_SetRxFifo
                0x00004a6a        0x6 C:/SiliconLabs/SimplicityStudio/v4/developer/sdks/gecko_sdk_suite/v2.3//platform/radio/rail_lib/autogen/librail_release/librail_efr32xg1_gcc_release.a(rail_data.o)
                0x00004a6a                RAIL_SetRxFifo
 .text.RAILCb_SetupRxFifo
                0x00004a70       0x30 C:/SiliconLabs/SimplicityStudio/v4/developer/sdks/gecko_sdk_suite/v2.3//platform/radio/rail_lib/autogen/librail_release/librail_efr32xg1_gcc_release.a(rail_data.o)
                0x00004a70                RAILCb_SetupRxFifo
 .text.RAILCb_AssertFailed
                0x00004aa0       0x14 C:/SiliconLabs/SimplicityStudio/v4/developer/sdks/gecko_sdk_suite/v2.3//platform/radio/rail_lib/autogen/librail_release/librail_efr32xg1_gcc_release.a(rail_assert.o)
                0x00004aa0                RAILCb_AssertFailed
 .text.RAILInt_Assert
                0x00004ab4       0x1c C:/SiliconLabs/SimplicityStudio/v4/developer/sdks/gecko_sdk_suite/v2.3//platform/radio/rail_lib/autogen/librail_release/librail_efr32xg1_gcc_release.a(rail_assert.o)
                0x00004ab4                RAILInt_Assert
 .text.RAIL_ConfigPti
                0x00004ad0        0x6 C:/SiliconLabs/SimplicityStudio/v4/developer/sdks/gecko_sdk_suite/v2.3//platform/radio/rail_lib/autogen/librail_release/librail_efr32xg1_gcc_release.a(rail_pti.o)
                0x00004ad0                RAIL_ConfigPti
 .text.RAIL_GetTime
                0x00004ad6        0x4 C:/SiliconLabs/SimplicityStudio/v4/developer/sdks/gecko_sdk_suite/v2.3//platform/radio/rail_lib/autogen/librail_release/librail_efr32xg1_gcc_release.a(rail_timer.o)
                0x00004ad6                RAIL_GetTime
 .text.RAILCore_IEEE802154_SetAddresses
                0x00004ada       0x66 C:/SiliconLabs/SimplicityStudio/v4/developer/sdks/gecko_sdk_suite/v2.3//platform/radio/rail_lib/autogen/librail_release/librail_efr32xg1_gcc_release.a(rail_ieee802154.o)
 .text.RAIL_IEEE802154_Init
                0x00004b40       0x64 C:/SiliconLabs/SimplicityStudio/v4/developer/sdks/gecko_sdk_suite/v2.3//platform/radio/rail_lib/autogen/librail_release/librail_efr32xg1_gcc_release.a(rail_ieee802154.o)
                0x00004b40                RAIL_IEEE802154_Init
 .text.RAIL_IEEE802154_Config2p4GHzRadio
                0x00004ba4        0x6 C:/SiliconLabs/SimplicityStudio/v4/developer/sdks/gecko_sdk_suite/v2.3//platform/radio/rail_lib/autogen/librail_release/librail_efr32xg1_gcc_release.a(rail_ieee802154.o)
                0x00004ba4                RAIL_IEEE802154_Config2p4GHzRadio
 .text.eventDefault
                0x00004baa        0x2 C:/SiliconLabs/SimplicityStudio/v4/developer/sdks/gecko_sdk_suite/v2.3//platform/radio/rail_lib/autogen/librail_release/librail_efr32xg1_gcc_release.a(rail_rf_hal.o)
 .text.setRssiPeriod
                0x00004bac       0x18 C:/SiliconLabs/SimplicityStudio/v4/developer/sdks/gecko_sdk_suite/v2.3//platform/radio/rail_lib/autogen/librail_release/librail_efr32xg1_gcc_release.a(rail_rf_hal.o)
 .text.RFHAL_NotifyUserOfIrCal
                0x00004bc4       0x78 C:/SiliconLabs/SimplicityStudio/v4/developer/sdks/gecko_sdk_suite/v2.3//platform/radio/rail_lib/autogen/librail_release/librail_efr32xg1_gcc_release.a(rail_rf_hal.o)
 *fill*         0x00004c3c        0x4 
 .text.GENERIC_PHY_EventCallback
                0x00004c40      0x19c C:/SiliconLabs/SimplicityStudio/v4/developer/sdks/gecko_sdk_suite/v2.3//platform/radio/rail_lib/autogen/librail_release/librail_efr32xg1_gcc_release.a(rail_rf_hal.o)
                0x00004c40                GENERIC_PHY_EventCallback
 .text.RFHAL_IntEnable
                0x00004ddc       0x58 C:/SiliconLabs/SimplicityStudio/v4/developer/sdks/gecko_sdk_suite/v2.3//platform/radio/rail_lib/autogen/librail_release/librail_efr32xg1_gcc_release.a(rail_rf_hal.o)
                0x00004ddc                RFHAL_IntEnable
 .text.RFHAL_SetEventCallback
                0x00004e34       0x18 C:/SiliconLabs/SimplicityStudio/v4/developer/sdks/gecko_sdk_suite/v2.3//platform/radio/rail_lib/autogen/librail_release/librail_efr32xg1_gcc_release.a(rail_rf_hal.o)
                0x00004e34                RFHAL_SetEventCallback
 .text.RFHAL_SetPtiRadioConfig
                0x00004e4c        0xc C:/SiliconLabs/SimplicityStudio/v4/developer/sdks/gecko_sdk_suite/v2.3//platform/radio/rail_lib/autogen/librail_release/librail_efr32xg1_gcc_release.a(rail_rf_hal.o)
                0x00004e4c                RFHAL_SetPtiRadioConfig
 .text.RFHAL_Idle
                0x00004e58       0x40 C:/SiliconLabs/SimplicityStudio/v4/developer/sdks/gecko_sdk_suite/v2.3//platform/radio/rail_lib/autogen/librail_release/librail_efr32xg1_gcc_release.a(rail_rf_hal.o)
                0x00004e58                RFHAL_Idle
 .text.RFHAL_GetRadioState
                0x00004e98       0x48 C:/SiliconLabs/SimplicityStudio/v4/developer/sdks/gecko_sdk_suite/v2.3//platform/radio/rail_lib/autogen/librail_release/librail_efr32xg1_gcc_release.a(rail_rf_hal.o)
                0x00004e98                RFHAL_GetRadioState
 .text.RFHAL_OkToTransmit
                0x00004ee0       0x18 C:/SiliconLabs/SimplicityStudio/v4/developer/sdks/gecko_sdk_suite/v2.3//platform/radio/rail_lib/autogen/librail_release/librail_efr32xg1_gcc_release.a(rail_rf_hal.o)
                0x00004ee0                RFHAL_OkToTransmit
 .text.RFHAL_StartRx
                0x00004ef8        0xc C:/SiliconLabs/SimplicityStudio/v4/developer/sdks/gecko_sdk_suite/v2.3//platform/radio/rail_lib/autogen/librail_release/librail_efr32xg1_gcc_release.a(rail_rf_hal.o)
                0x00004ef8                RFHAL_StartRx
 .text.RFHAL_EnableRxRawCapture
                0x00004f04       0x58 C:/SiliconLabs/SimplicityStudio/v4/developer/sdks/gecko_sdk_suite/v2.3//platform/radio/rail_lib/autogen/librail_release/librail_efr32xg1_gcc_release.a(rail_rf_hal.o)
                0x00004f04                RFHAL_EnableRxRawCapture
 .text.RFHAL_DisableRxRawCapture
                0x00004f5c       0x50 C:/SiliconLabs/SimplicityStudio/v4/developer/sdks/gecko_sdk_suite/v2.3//platform/radio/rail_lib/autogen/librail_release/librail_efr32xg1_gcc_release.a(rail_rf_hal.o)
                0x00004f5c                RFHAL_DisableRxRawCapture
 .text.RFHAL_AcceptCrcErrors
                0x00004fac       0x18 C:/SiliconLabs/SimplicityStudio/v4/developer/sdks/gecko_sdk_suite/v2.3//platform/radio/rail_lib/autogen/librail_release/librail_efr32xg1_gcc_release.a(rail_rf_hal.o)
                0x00004fac                RFHAL_AcceptCrcErrors
 .text.RFHAL_ConfigRxOptions
                0x00004fc4       0xe0 C:/SiliconLabs/SimplicityStudio/v4/developer/sdks/gecko_sdk_suite/v2.3//platform/radio/rail_lib/autogen/librail_release/librail_efr32xg1_gcc_release.a(rail_rf_hal.o)
                0x00004fc4                RFHAL_ConfigRxOptions
 .text.RFHAL_GetTimer
                0x000050a4        0x6 C:/SiliconLabs/SimplicityStudio/v4/developer/sdks/gecko_sdk_suite/v2.3//platform/radio/rail_lib/autogen/librail_release/librail_efr32xg1_gcc_release.a(rail_rf_hal.o)
                0x000050a4                RFHAL_GetTimer
 *fill*         0x000050aa        0x2 
 .text.RFHAL_CancelTimer
                0x000050ac       0x28 C:/SiliconLabs/SimplicityStudio/v4/developer/sdks/gecko_sdk_suite/v2.3//platform/radio/rail_lib/autogen/librail_release/librail_efr32xg1_gcc_release.a(rail_rf_hal.o)
                0x000050ac                RFHAL_CancelTimer
 .text.RFHAL_SetTimer
                0x000050d4       0x7c C:/SiliconLabs/SimplicityStudio/v4/developer/sdks/gecko_sdk_suite/v2.3//platform/radio/rail_lib/autogen/librail_release/librail_efr32xg1_gcc_release.a(rail_rf_hal.o)
                0x000050d4                RFHAL_SetTimer
 .text.RFHAL_IsTimerExpired
                0x00005150       0x1c C:/SiliconLabs/SimplicityStudio/v4/developer/sdks/gecko_sdk_suite/v2.3//platform/radio/rail_lib/autogen/librail_release/librail_efr32xg1_gcc_release.a(rail_rf_hal.o)
                0x00005150                RFHAL_IsTimerExpired
 .text.RFHAL_IsTimerRunning
                0x0000516c        0x6 C:/SiliconLabs/SimplicityStudio/v4/developer/sdks/gecko_sdk_suite/v2.3//platform/radio/rail_lib/autogen/librail_release/librail_efr32xg1_gcc_release.a(rail_rf_hal.o)
                0x0000516c                RFHAL_IsTimerRunning
 .text.RFHAL_GetBitRate
                0x00005172       0x22 C:/SiliconLabs/SimplicityStudio/v4/developer/sdks/gecko_sdk_suite/v2.3//platform/radio/rail_lib/autogen/librail_release/librail_efr32xg1_gcc_release.a(rail_rf_hal.o)
                0x00005172                RFHAL_GetBitRate
 .text.RFHAL_SetTxTransitions
                0x00005194       0x20 C:/SiliconLabs/SimplicityStudio/v4/developer/sdks/gecko_sdk_suite/v2.3//platform/radio/rail_lib/autogen/librail_release/librail_efr32xg1_gcc_release.a(rail_rf_hal.o)
                0x00005194                RFHAL_SetTxTransitions
 .text.RFHAL_SetRxTransitions
                0x000051b4       0x1c C:/SiliconLabs/SimplicityStudio/v4/developer/sdks/gecko_sdk_suite/v2.3//platform/radio/rail_lib/autogen/librail_release/librail_efr32xg1_gcc_release.a(rail_rf_hal.o)
                0x000051b4                RFHAL_SetRxTransitions
 .text.RFHAL_ConfigTxPower
                0x000051d0        0xc C:/SiliconLabs/SimplicityStudio/v4/developer/sdks/gecko_sdk_suite/v2.3//platform/radio/rail_lib/autogen/librail_release/librail_efr32xg1_gcc_release.a(rail_rf_hal.o)
                0x000051d0                RFHAL_ConfigTxPower
 .text.RFHAL_SetTxPowerUnchecked
                0x000051dc       0x18 C:/SiliconLabs/SimplicityStudio/v4/developer/sdks/gecko_sdk_suite/v2.3//platform/radio/rail_lib/autogen/librail_release/librail_efr32xg1_gcc_release.a(rail_rf_hal.o)
                0x000051dc                RFHAL_SetTxPowerUnchecked
 .text.RFHAL_SetTxPower
                0x000051f4       0x40 C:/SiliconLabs/SimplicityStudio/v4/developer/sdks/gecko_sdk_suite/v2.3//platform/radio/rail_lib/autogen/librail_release/librail_efr32xg1_gcc_release.a(rail_rf_hal.o)
                0x000051f4                RFHAL_SetTxPower
 .text.RFHAL_GetTxPowerConfig
                0x00005234        0xc C:/SiliconLabs/SimplicityStudio/v4/developer/sdks/gecko_sdk_suite/v2.3//platform/radio/rail_lib/autogen/librail_release/librail_efr32xg1_gcc_release.a(rail_rf_hal.o)
                0x00005234                RFHAL_GetTxPowerConfig
 .text.RFHAL_GetTxPower
                0x00005240        0x4 C:/SiliconLabs/SimplicityStudio/v4/developer/sdks/gecko_sdk_suite/v2.3//platform/radio/rail_lib/autogen/librail_release/librail_efr32xg1_gcc_release.a(rail_rf_hal.o)
                0x00005240                RFHAL_GetTxPower
 .text.RFHAL_SetChannel
                0x00005244       0xc4 C:/SiliconLabs/SimplicityStudio/v4/developer/sdks/gecko_sdk_suite/v2.3//platform/radio/rail_lib/autogen/librail_release/librail_efr32xg1_gcc_release.a(rail_rf_hal.o)
                0x00005244                RFHAL_SetChannel
 .text.RFHAL_EnableAutoAck
                0x00005308       0x12 C:/SiliconLabs/SimplicityStudio/v4/developer/sdks/gecko_sdk_suite/v2.3//platform/radio/rail_lib/autogen/librail_release/librail_efr32xg1_gcc_release.a(rail_rf_hal.o)
                0x00005308                RFHAL_EnableAutoAck
 .text.RFHAL_IsAutoAckEnabled
                0x0000531a        0x6 C:/SiliconLabs/SimplicityStudio/v4/developer/sdks/gecko_sdk_suite/v2.3//platform/radio/rail_lib/autogen/librail_release/librail_efr32xg1_gcc_release.a(rail_rf_hal.o)
                0x0000531a                RFHAL_IsAutoAckEnabled
 .text.RFHAL_SetAutoAckTimeout
                0x00005320       0x18 C:/SiliconLabs/SimplicityStudio/v4/developer/sdks/gecko_sdk_suite/v2.3//platform/radio/rail_lib/autogen/librail_release/librail_efr32xg1_gcc_release.a(rail_rf_hal.o)
                0x00005320                RFHAL_SetAutoAckTimeout
 .text.RFHAL_WriteAutoAckFifo
                0x00005338       0x58 C:/SiliconLabs/SimplicityStudio/v4/developer/sdks/gecko_sdk_suite/v2.3//platform/radio/rail_lib/autogen/librail_release/librail_efr32xg1_gcc_release.a(rail_rf_hal.o)
                0x00005338                RFHAL_WriteAutoAckFifo
 .text.RFHAL_PauseRxAutoAck
                0x00005390        0x8 C:/SiliconLabs/SimplicityStudio/v4/developer/sdks/gecko_sdk_suite/v2.3//platform/radio/rail_lib/autogen/librail_release/librail_efr32xg1_gcc_release.a(rail_rf_hal.o)
                0x00005390                RFHAL_PauseRxAutoAck
 .text.RFHAL_PauseTxAutoAck
                0x00005398        0xa C:/SiliconLabs/SimplicityStudio/v4/developer/sdks/gecko_sdk_suite/v2.3//platform/radio/rail_lib/autogen/librail_release/librail_efr32xg1_gcc_release.a(rail_rf_hal.o)
                0x00005398                RFHAL_PauseTxAutoAck
 *fill*         0x000053a2        0x2 
 .text.RFHAL_AutoAckWaitForAck
                0x000053a4       0x18 C:/SiliconLabs/SimplicityStudio/v4/developer/sdks/gecko_sdk_suite/v2.3//platform/radio/rail_lib/autogen/librail_release/librail_efr32xg1_gcc_release.a(rail_rf_hal.o)
                0x000053a4                RFHAL_AutoAckWaitForAck
 .text.preTxOps
                0x000053bc       0xd0 C:/SiliconLabs/SimplicityStudio/v4/developer/sdks/gecko_sdk_suite/v2.3//platform/radio/rail_lib/autogen/librail_release/librail_efr32xg1_gcc_release.a(rail_rf_hal.o)
 .text.RFHAL_StartCcaCsmaTx
                0x0000548c      0x194 C:/SiliconLabs/SimplicityStudio/v4/developer/sdks/gecko_sdk_suite/v2.3//platform/radio/rail_lib/autogen/librail_release/librail_efr32xg1_gcc_release.a(rail_rf_hal.o)
                0x0000548c                RFHAL_StartCcaCsmaTx
 .text.RFHAL_SetTxBuffer
                0x00005620       0x34 C:/SiliconLabs/SimplicityStudio/v4/developer/sdks/gecko_sdk_suite/v2.3//platform/radio/rail_lib/autogen/librail_release/librail_efr32xg1_gcc_release.a(rail_rf_hal.o)
                0x00005620                RFHAL_SetTxBuffer
 .text.RFHAL_SetRxBuffer
                0x00005654       0x2c C:/SiliconLabs/SimplicityStudio/v4/developer/sdks/gecko_sdk_suite/v2.3//platform/radio/rail_lib/autogen/librail_release/librail_efr32xg1_gcc_release.a(rail_rf_hal.o)
                0x00005654                RFHAL_SetRxBuffer
 .text.RFHAL_ResetTxFifo
                0x00005680       0x2c C:/SiliconLabs/SimplicityStudio/v4/developer/sdks/gecko_sdk_suite/v2.3//platform/radio/rail_lib/autogen/librail_release/librail_efr32xg1_gcc_release.a(rail_rf_hal.o)
                0x00005680                RFHAL_ResetTxFifo
 .text.RFHAL_ResetRxFifo
                0x000056ac       0x40 C:/SiliconLabs/SimplicityStudio/v4/developer/sdks/gecko_sdk_suite/v2.3//platform/radio/rail_lib/autogen/librail_release/librail_efr32xg1_gcc_release.a(rail_rf_hal.o)
                0x000056ac                RFHAL_ResetRxFifo
 .text.RFHAL_ConfigData
                0x000056ec       0x7c C:/SiliconLabs/SimplicityStudio/v4/developer/sdks/gecko_sdk_suite/v2.3//platform/radio/rail_lib/autogen/librail_release/librail_efr32xg1_gcc_release.a(rail_rf_hal.o)
                0x000056ec                RFHAL_ConfigData
 .text.RFHAL_ConfigRadio
                0x00005768       0xbc C:/SiliconLabs/SimplicityStudio/v4/developer/sdks/gecko_sdk_suite/v2.3//platform/radio/rail_lib/autogen/librail_release/librail_efr32xg1_gcc_release.a(rail_rf_hal.o)
                0x00005768                RFHAL_ConfigRadio
 .text.RFHAL_GetTime
                0x00005824        0x4 C:/SiliconLabs/SimplicityStudio/v4/developer/sdks/gecko_sdk_suite/v2.3//platform/radio/rail_lib/autogen/librail_release/librail_efr32xg1_gcc_release.a(rail_rf_hal.o)
                0x00005824                RFHAL_GetTime
 .text.RFHAL_ResetAddressFilter
                0x00005828       0x10 C:/SiliconLabs/SimplicityStudio/v4/developer/sdks/gecko_sdk_suite/v2.3//platform/radio/rail_lib/autogen/librail_release/librail_efr32xg1_gcc_release.a(rail_rf_hal.o)
                0x00005828                RFHAL_ResetAddressFilter
 .text.RFHAL_Init
                0x00005838       0x98 C:/SiliconLabs/SimplicityStudio/v4/developer/sdks/gecko_sdk_suite/v2.3//platform/radio/rail_lib/autogen/librail_release/librail_efr32xg1_gcc_release.a(rail_rf_hal.o)
                0x00005838                RFHAL_Init
 .text.RFHAL_ConfigAddressFilter
                0x000058d0       0x3c C:/SiliconLabs/SimplicityStudio/v4/developer/sdks/gecko_sdk_suite/v2.3//platform/radio/rail_lib/autogen/librail_release/librail_efr32xg1_gcc_release.a(rail_rf_hal.o)
                0x000058d0                RFHAL_ConfigAddressFilter
 .text.RFHAL_EnableAddressFilterAddress
                0x0000590c       0x34 C:/SiliconLabs/SimplicityStudio/v4/developer/sdks/gecko_sdk_suite/v2.3//platform/radio/rail_lib/autogen/librail_release/librail_efr32xg1_gcc_release.a(rail_rf_hal.o)
                0x0000590c                RFHAL_EnableAddressFilterAddress
 .text.RFHAL_SetStateTiming
                0x00005940       0x56 C:/SiliconLabs/SimplicityStudio/v4/developer/sdks/gecko_sdk_suite/v2.3//platform/radio/rail_lib/autogen/librail_release/librail_efr32xg1_gcc_release.a(rail_rf_hal.o)
                0x00005940                RFHAL_SetStateTiming
 .text.RFHAL_ConfigPti
                0x00005996        0x4 C:/SiliconLabs/SimplicityStudio/v4/developer/sdks/gecko_sdk_suite/v2.3//platform/radio/rail_lib/autogen/librail_release/librail_efr32xg1_gcc_release.a(rail_rf_hal.o)
                0x00005996                RFHAL_ConfigPti
 .text.RFHAL_IEEE802154IsEnabled
                0x0000599a        0x6 C:/SiliconLabs/SimplicityStudio/v4/developer/sdks/gecko_sdk_suite/v2.3//platform/radio/rail_lib/autogen/librail_release/librail_efr32xg1_gcc_release.a(rail_ieee802154_rf_hal.o)
                0x0000599a                RFHAL_IEEE802154IsEnabled
 .text.RFHAL_IEEE802154RadioConfig2p4GHz
                0x000059a0       0x28 C:/SiliconLabs/SimplicityStudio/v4/developer/sdks/gecko_sdk_suite/v2.3//platform/radio/rail_lib/autogen/librail_release/librail_efr32xg1_gcc_release.a(rail_ieee802154_rf_hal.o)
                0x000059a0                RFHAL_IEEE802154RadioConfig2p4GHz
 .text.RFHAL_IEEE802154SetPanId
                0x000059c8       0x28 C:/SiliconLabs/SimplicityStudio/v4/developer/sdks/gecko_sdk_suite/v2.3//platform/radio/rail_lib/autogen/librail_release/librail_efr32xg1_gcc_release.a(rail_ieee802154_rf_hal.o)
                0x000059c8                RFHAL_IEEE802154SetPanId
 .text.RFHAL_IEEE802154SetShortAddress
                0x000059f0       0x2a C:/SiliconLabs/SimplicityStudio/v4/developer/sdks/gecko_sdk_suite/v2.3//platform/radio/rail_lib/autogen/librail_release/librail_efr32xg1_gcc_release.a(rail_ieee802154_rf_hal.o)
                0x000059f0                RFHAL_IEEE802154SetShortAddress
 .text.RFHAL_IEEE802154SetLongAddress
                0x00005a1a       0x1e C:/SiliconLabs/SimplicityStudio/v4/developer/sdks/gecko_sdk_suite/v2.3//platform/radio/rail_lib/autogen/librail_release/librail_efr32xg1_gcc_release.a(rail_ieee802154_rf_hal.o)
                0x00005a1a                RFHAL_IEEE802154SetLongAddress
 .text.RFHAL_IEEE802154SetBroadcastAddresses
                0x00005a38       0x30 C:/SiliconLabs/SimplicityStudio/v4/developer/sdks/gecko_sdk_suite/v2.3//platform/radio/rail_lib/autogen/librail_release/librail_efr32xg1_gcc_release.a(rail_ieee802154_rf_hal.o)
                0x00005a38                RFHAL_IEEE802154SetBroadcastAddresses
 .text.RFHAL_IEEE802154SetFeatures
                0x00005a68       0x24 C:/SiliconLabs/SimplicityStudio/v4/developer/sdks/gecko_sdk_suite/v2.3//platform/radio/rail_lib/autogen/librail_release/librail_efr32xg1_gcc_release.a(rail_ieee802154_rf_hal.o)
                0x00005a68                RFHAL_IEEE802154SetFeatures
 .text.RFHAL_IEEE802154LoadAck
                0x00005a8c       0x2e C:/SiliconLabs/SimplicityStudio/v4/developer/sdks/gecko_sdk_suite/v2.3//platform/radio/rail_lib/autogen/librail_release/librail_efr32xg1_gcc_release.a(rail_ieee802154_rf_hal.o)
                0x00005a8c                RFHAL_IEEE802154LoadAck
 .text.RAILCore_ConfigAutoAck
                0x00005aba       0x86 C:/SiliconLabs/SimplicityStudio/v4/developer/sdks/gecko_sdk_suite/v2.3//platform/radio/rail_lib/autogen/librail_release/librail_efr32xg1_gcc_release.a(rail_autoack.o)
                0x00005aba                RAILCore_ConfigAutoAck
 .text.checkAndAddRxLenOverflowEntry.part.0
                0x00005b40       0x2c C:/SiliconLabs/SimplicityStudio/v4/developer/sdks/gecko_sdk_suite/v2.3//platform/radio/rail_lib/autogen/librail_release/librail_efr32xg1_gcc_release.a(bufc.o)
 .text.BUFC_SetTxBuffer
                0x00005b6c       0x38 C:/SiliconLabs/SimplicityStudio/v4/developer/sdks/gecko_sdk_suite/v2.3//platform/radio/rail_lib/autogen/librail_release/librail_efr32xg1_gcc_release.a(bufc.o)
                0x00005b6c                BUFC_SetTxBuffer
 .text.BUFC_SetRxBuffer
                0x00005ba4       0x1c C:/SiliconLabs/SimplicityStudio/v4/developer/sdks/gecko_sdk_suite/v2.3//platform/radio/rail_lib/autogen/librail_release/librail_efr32xg1_gcc_release.a(bufc.o)
                0x00005ba4                BUFC_SetRxBuffer
 .text.BUFC_WriteBuffer
                0x00005bc0       0xb0 C:/SiliconLabs/SimplicityStudio/v4/developer/sdks/gecko_sdk_suite/v2.3//platform/radio/rail_lib/autogen/librail_release/librail_efr32xg1_gcc_release.a(bufc.o)
                0x00005bc0                BUFC_WriteBuffer
 .text.BUFC_PeekByte
                0x00005c70       0x46 C:/SiliconLabs/SimplicityStudio/v4/developer/sdks/gecko_sdk_suite/v2.3//platform/radio/rail_lib/autogen/librail_release/librail_efr32xg1_gcc_release.a(bufc.o)
                0x00005c70                BUFC_PeekByte
 .text.BUFC_GetBytesAvailable
                0x00005cb6       0x14 C:/SiliconLabs/SimplicityStudio/v4/developer/sdks/gecko_sdk_suite/v2.3//platform/radio/rail_lib/autogen/librail_release/librail_efr32xg1_gcc_release.a(bufc.o)
                0x00005cb6                BUFC_GetBytesAvailable
 *fill*         0x00005cca        0x2 
 .text.BUFC_TxAckBufferSet
                0x00005ccc       0x2c C:/SiliconLabs/SimplicityStudio/v4/developer/sdks/gecko_sdk_suite/v2.3//platform/radio/rail_lib/autogen/librail_release/librail_efr32xg1_gcc_release.a(bufc.o)
                0x00005ccc                BUFC_TxAckBufferSet
 .text.BUFC_RxBufferReset
                0x00005cf8       0x5c C:/SiliconLabs/SimplicityStudio/v4/developer/sdks/gecko_sdk_suite/v2.3//platform/radio/rail_lib/autogen/librail_release/librail_efr32xg1_gcc_release.a(bufc.o)
                0x00005cf8                BUFC_RxBufferReset
 .text.BUFC_Init
                0x00005d54       0x50 C:/SiliconLabs/SimplicityStudio/v4/developer/sdks/gecko_sdk_suite/v2.3//platform/radio/rail_lib/autogen/librail_release/librail_efr32xg1_gcc_release.a(bufc.o)
                0x00005d54                BUFC_Init
 .text.BUFC_ReleaseRxPacket
                0x00005da4      0x118 C:/SiliconLabs/SimplicityStudio/v4/developer/sdks/gecko_sdk_suite/v2.3//platform/radio/rail_lib/autogen/librail_release/librail_efr32xg1_gcc_release.a(bufc.o)
                0x00005da4                BUFC_ReleaseRxPacket
 .text.BUFC_StartRxLenThrEvent
                0x00005ebc       0x98 C:/SiliconLabs/SimplicityStudio/v4/developer/sdks/gecko_sdk_suite/v2.3//platform/radio/rail_lib/autogen/librail_release/librail_efr32xg1_gcc_release.a(bufc.o)
                0x00005ebc                BUFC_StartRxLenThrEvent
 .text.BUFC_EndRxLenThrEvent
                0x00005f54       0x1c C:/SiliconLabs/SimplicityStudio/v4/developer/sdks/gecko_sdk_suite/v2.3//platform/radio/rail_lib/autogen/librail_release/librail_efr32xg1_gcc_release.a(bufc.o)
                0x00005f54                BUFC_EndRxLenThrEvent
 .text.BUFC_HandleRxLenOvfEvent
                0x00005f70       0x30 C:/SiliconLabs/SimplicityStudio/v4/developer/sdks/gecko_sdk_suite/v2.3//platform/radio/rail_lib/autogen/librail_release/librail_efr32xg1_gcc_release.a(bufc.o)
                0x00005f70                BUFC_HandleRxLenOvfEvent
 .text.IRCAL_Set
                0x00005fa0       0x1c C:/SiliconLabs/SimplicityStudio/v4/developer/sdks/gecko_sdk_suite/v2.3//platform/radio/rail_lib/autogen/librail_release/librail_efr32xg1_gcc_release.a(ir_cal.o)
                0x00005fa0                IRCAL_Set
 .text.getRampTimeFromLevelAndRate
                0x00005fbc       0x20 C:/SiliconLabs/SimplicityStudio/v4/developer/sdks/gecko_sdk_suite/v2.3//platform/radio/rail_lib/autogen/librail_release/librail_efr32xg1_gcc_release.a(pa.o)
 .text.PA_ProtectPa
                0x00005fdc       0xa0 C:/SiliconLabs/SimplicityStudio/v4/developer/sdks/gecko_sdk_suite/v2.3//platform/radio/rail_lib/autogen/librail_release/librail_efr32xg1_gcc_release.a(pa.o)
 .text.PA_GetTxPowerConfig
                0x0000607c       0x14 C:/SiliconLabs/SimplicityStudio/v4/developer/sdks/gecko_sdk_suite/v2.3//platform/radio/rail_lib/autogen/librail_release/librail_efr32xg1_gcc_release.a(pa.o)
                0x0000607c                PA_GetTxPowerConfig
 .text.PA_GetPowerLevel
                0x00006090        0xc C:/SiliconLabs/SimplicityStudio/v4/developer/sdks/gecko_sdk_suite/v2.3//platform/radio/rail_lib/autogen/librail_release/librail_efr32xg1_gcc_release.a(pa.o)
                0x00006090                PA_GetPowerLevel
 .text.PA_SetPowerLevel
                0x0000609c      0x15c C:/SiliconLabs/SimplicityStudio/v4/developer/sdks/gecko_sdk_suite/v2.3//platform/radio/rail_lib/autogen/librail_release/librail_efr32xg1_gcc_release.a(pa.o)
                0x0000609c                PA_SetPowerLevel
 .text.PA_RunPeakDetectorHigh
                0x000061f8       0x40 C:/SiliconLabs/SimplicityStudio/v4/developer/sdks/gecko_sdk_suite/v2.3//platform/radio/rail_lib/autogen/librail_release/librail_efr32xg1_gcc_release.a(pa.o)
                0x000061f8                PA_RunPeakDetectorHigh
 .text.PA_RunPeakDetectorLow
                0x00006238        0x2 C:/SiliconLabs/SimplicityStudio/v4/developer/sdks/gecko_sdk_suite/v2.3//platform/radio/rail_lib/autogen/librail_release/librail_efr32xg1_gcc_release.a(pa.o)
                0x00006238                PA_RunPeakDetectorLow
 *fill*         0x0000623a        0x2 
 .text.PA_RunBatHigh
                0x0000623c       0x2c C:/SiliconLabs/SimplicityStudio/v4/developer/sdks/gecko_sdk_suite/v2.3//platform/radio/rail_lib/autogen/librail_release/librail_efr32xg1_gcc_release.a(pa.o)
                0x0000623c                PA_RunBatHigh
 .text.PA_GetRampTime
                0x00006268        0xc C:/SiliconLabs/SimplicityStudio/v4/developer/sdks/gecko_sdk_suite/v2.3//platform/radio/rail_lib/autogen/librail_release/librail_efr32xg1_gcc_release.a(pa.o)
                0x00006268                PA_GetRampTime
 .text.PA_CalcRampTime
                0x00006274       0x38 C:/SiliconLabs/SimplicityStudio/v4/developer/sdks/gecko_sdk_suite/v2.3//platform/radio/rail_lib/autogen/librail_release/librail_efr32xg1_gcc_release.a(pa.o)
                0x00006274                PA_CalcRampTime
 .text.PA_SetRampTime
                0x000062ac      0x100 C:/SiliconLabs/SimplicityStudio/v4/developer/sdks/gecko_sdk_suite/v2.3//platform/radio/rail_lib/autogen/librail_release/librail_efr32xg1_gcc_release.a(pa.o)
                0x000062ac                PA_SetRampTime
 .text.PA_SetCTune
                0x000063ac       0x24 C:/SiliconLabs/SimplicityStudio/v4/developer/sdks/gecko_sdk_suite/v2.3//platform/radio/rail_lib/autogen/librail_release/librail_efr32xg1_gcc_release.a(pa.o)
                0x000063ac                PA_SetCTune
 .text.PA_SelectBand
                0x000063d0       0x38 C:/SiliconLabs/SimplicityStudio/v4/developer/sdks/gecko_sdk_suite/v2.3//platform/radio/rail_lib/autogen/librail_release/librail_efr32xg1_gcc_release.a(pa.o)
                0x000063d0                PA_SelectBand
 .text.PA_Config
                0x00006408      0x140 C:/SiliconLabs/SimplicityStudio/v4/developer/sdks/gecko_sdk_suite/v2.3//platform/radio/rail_lib/autogen/librail_release/librail_efr32xg1_gcc_release.a(pa.o)
                0x00006408                PA_Config
 .text.PA_UpdateConfig
                0x00006548       0x38 C:/SiliconLabs/SimplicityStudio/v4/developer/sdks/gecko_sdk_suite/v2.3//platform/radio/rail_lib/autogen/librail_release/librail_efr32xg1_gcc_release.a(pa.o)
                0x00006548                PA_UpdateConfig
 .text.PROTIMER_Init
                0x00006580       0xd4 C:/SiliconLabs/SimplicityStudio/v4/developer/sdks/gecko_sdk_suite/v2.3//platform/radio/rail_lib/autogen/librail_release/librail_efr32xg1_gcc_release.a(protimer.o)
                0x00006580                PROTIMER_Init
 .text.PROTIMER_Start
                0x00006654       0x1c C:/SiliconLabs/SimplicityStudio/v4/developer/sdks/gecko_sdk_suite/v2.3//platform/radio/rail_lib/autogen/librail_release/librail_efr32xg1_gcc_release.a(protimer.o)
                0x00006654                PROTIMER_Start
 .text.PROTIMER_CCTimerStop
                0x00006670       0x20 C:/SiliconLabs/SimplicityStudio/v4/developer/sdks/gecko_sdk_suite/v2.3//platform/radio/rail_lib/autogen/librail_release/librail_efr32xg1_gcc_release.a(protimer.o)
                0x00006670                PROTIMER_CCTimerStop
 .text.PROTIMER_CCTimerIsEnabled
                0x00006690       0x10 C:/SiliconLabs/SimplicityStudio/v4/developer/sdks/gecko_sdk_suite/v2.3//platform/radio/rail_lib/autogen/librail_release/librail_efr32xg1_gcc_release.a(protimer.o)
                0x00006690                PROTIMER_CCTimerIsEnabled
 .text.PROTIMER_CCTimerCapture
                0x000066a0       0x14 C:/SiliconLabs/SimplicityStudio/v4/developer/sdks/gecko_sdk_suite/v2.3//platform/radio/rail_lib/autogen/librail_release/librail_efr32xg1_gcc_release.a(protimer.o)
                0x000066a0                PROTIMER_CCTimerCapture
 .text.PROTIMER_ClearRxEnable
                0x000066b4       0x10 C:/SiliconLabs/SimplicityStudio/v4/developer/sdks/gecko_sdk_suite/v2.3//platform/radio/rail_lib/autogen/librail_release/librail_efr32xg1_gcc_release.a(protimer.o)
                0x000066b4                PROTIMER_ClearRxEnable
 .text.PROTIMER_LBTUseLastConfig
                0x000066c4       0x24 C:/SiliconLabs/SimplicityStudio/v4/developer/sdks/gecko_sdk_suite/v2.3//platform/radio/rail_lib/autogen/librail_release/librail_efr32xg1_gcc_release.a(protimer.o)
                0x000066c4                PROTIMER_LBTUseLastConfig
 .text.PROTIMER_LBTStart
                0x000066e8       0x18 C:/SiliconLabs/SimplicityStudio/v4/developer/sdks/gecko_sdk_suite/v2.3//platform/radio/rail_lib/autogen/librail_release/librail_efr32xg1_gcc_release.a(protimer.o)
                0x000066e8                PROTIMER_LBTStart
 .text.PROTIMER_LBTStop
                0x00006700       0x18 C:/SiliconLabs/SimplicityStudio/v4/developer/sdks/gecko_sdk_suite/v2.3//platform/radio/rail_lib/autogen/librail_release/librail_efr32xg1_gcc_release.a(protimer.o)
                0x00006700                PROTIMER_LBTStop
 .text.PROTIMER_PrecntOverflowToUs
                0x00006718       0x24 C:/SiliconLabs/SimplicityStudio/v4/developer/sdks/gecko_sdk_suite/v2.3//platform/radio/rail_lib/autogen/librail_release/librail_efr32xg1_gcc_release.a(protimer.o)
                0x00006718                PROTIMER_PrecntOverflowToUs
 .text.PROTIMER_GetUsTime
                0x0000673c        0xc C:/SiliconLabs/SimplicityStudio/v4/developer/sdks/gecko_sdk_suite/v2.3//platform/radio/rail_lib/autogen/librail_release/librail_efr32xg1_gcc_release.a(protimer.o)
                0x0000673c                PROTIMER_GetUsTime
 .text.PROTIMER_GetCCTimeUs
                0x00006748       0x12 C:/SiliconLabs/SimplicityStudio/v4/developer/sdks/gecko_sdk_suite/v2.3//platform/radio/rail_lib/autogen/librail_release/librail_efr32xg1_gcc_release.a(protimer.o)
                0x00006748                PROTIMER_GetCCTimeUs
 *fill*         0x0000675a        0x2 
 .text.PROTIMER_UsToPrecntOverflow
                0x0000675c       0x30 C:/SiliconLabs/SimplicityStudio/v4/developer/sdks/gecko_sdk_suite/v2.3//platform/radio/rail_lib/autogen/librail_release/librail_efr32xg1_gcc_release.a(protimer.o)
                0x0000675c                PROTIMER_UsToPrecntOverflow
 .text.PROTIMER_CCTimerStart
                0x0000678c      0x128 C:/SiliconLabs/SimplicityStudio/v4/developer/sdks/gecko_sdk_suite/v2.3//platform/radio/rail_lib/autogen/librail_release/librail_efr32xg1_gcc_release.a(protimer.o)
                0x0000678c                PROTIMER_CCTimerStart
 .text.PROTIMER_LBTCfgSet
                0x000068b4       0x60 C:/SiliconLabs/SimplicityStudio/v4/developer/sdks/gecko_sdk_suite/v2.3//platform/radio/rail_lib/autogen/librail_release/librail_efr32xg1_gcc_release.a(protimer.o)
                0x000068b4                PROTIMER_LBTCfgSet
 .text.PROTIMER_DelayUs
                0x00006914       0x16 C:/SiliconLabs/SimplicityStudio/v4/developer/sdks/gecko_sdk_suite/v2.3//platform/radio/rail_lib/autogen/librail_release/librail_efr32xg1_gcc_release.a(protimer.o)
                0x00006914                PROTIMER_DelayUs
 *fill*         0x0000692a        0x2 
 .text.PROTIMER_CheckCcaReallyFailed
                0x0000692c       0xbc C:/SiliconLabs/SimplicityStudio/v4/developer/sdks/gecko_sdk_suite/v2.3//platform/radio/rail_lib/autogen/librail_release/librail_efr32xg1_gcc_release.a(protimer.o)
                0x0000692c                PROTIMER_CheckCcaReallyFailed
 .text.PTI_Config
                0x000069e8       0xc0 C:/SiliconLabs/SimplicityStudio/v4/developer/sdks/gecko_sdk_suite/v2.3//platform/radio/rail_lib/autogen/librail_release/librail_efr32xg1_gcc_release.a(pti.o)
                0x000069e8                PTI_Config
 .text.PTI_EnableAppendedInfo
                0x00006aa8       0x18 C:/SiliconLabs/SimplicityStudio/v4/developer/sdks/gecko_sdk_suite/v2.3//platform/radio/rail_lib/autogen/librail_release/librail_efr32xg1_gcc_release.a(pti.o)
                0x00006aa8                PTI_EnableAppendedInfo
 .text.PTI_Enable
                0x00006ac0       0x50 C:/SiliconLabs/SimplicityStudio/v4/developer/sdks/gecko_sdk_suite/v2.3//platform/radio/rail_lib/autogen/librail_release/librail_efr32xg1_gcc_release.a(pti.o)
                0x00006ac0                PTI_Enable
 .text.PTI_AuxdataOutput
                0x00006b10       0x1c C:/SiliconLabs/SimplicityStudio/v4/developer/sdks/gecko_sdk_suite/v2.3//platform/radio/rail_lib/autogen/librail_release/librail_efr32xg1_gcc_release.a(pti.o)
                0x00006b10                PTI_AuxdataOutput
 .text.RADIO_SetAndForgetWrite
                0x00006b2c       0x8c C:/SiliconLabs/SimplicityStudio/v4/developer/sdks/gecko_sdk_suite/v2.3//platform/radio/rail_lib/autogen/librail_release/librail_efr32xg1_gcc_release.a(radio.o)
                0x00006b2c                RADIO_SetAndForgetWrite
 .text.RADIO_Init
                0x00006bb8       0x54 C:/SiliconLabs/SimplicityStudio/v4/developer/sdks/gecko_sdk_suite/v2.3//platform/radio/rail_lib/autogen/librail_release/librail_efr32xg1_gcc_release.a(radio.o)
                0x00006bb8                RADIO_Init
 .text.RADIO_SeqInit
                0x00006c0c       0x64 C:/SiliconLabs/SimplicityStudio/v4/developer/sdks/gecko_sdk_suite/v2.3//platform/radio/rail_lib/autogen/librail_release/librail_efr32xg1_gcc_release.a(radio.o)
                0x00006c0c                RADIO_SeqInit
 .text.RADIO_ClockEnable
                0x00006c70       0x10 C:/SiliconLabs/SimplicityStudio/v4/developer/sdks/gecko_sdk_suite/v2.3//platform/radio/rail_lib/autogen/librail_release/librail_efr32xg1_gcc_release.a(radio.o)
                0x00006c70                RADIO_ClockEnable
 .text.RADIO_ClockPrescGet
                0x00006c80       0x10 C:/SiliconLabs/SimplicityStudio/v4/developer/sdks/gecko_sdk_suite/v2.3//platform/radio/rail_lib/autogen/librail_release/librail_efr32xg1_gcc_release.a(radio.o)
                0x00006c80                RADIO_ClockPrescGet
 .text.RADIO_ClockFreqGet
                0x00006c90       0x14 C:/SiliconLabs/SimplicityStudio/v4/developer/sdks/gecko_sdk_suite/v2.3//platform/radio/rail_lib/autogen/librail_release/librail_efr32xg1_gcc_release.a(radio.o)
                0x00006c90                RADIO_ClockFreqGet
 .text.RADIO_Config
                0x00006ca4       0x9c C:/SiliconLabs/SimplicityStudio/v4/developer/sdks/gecko_sdk_suite/v2.3//platform/radio/rail_lib/autogen/librail_release/librail_efr32xg1_gcc_release.a(radio.o)
                0x00006ca4                RADIO_Config
 .text.RADIO_IsRxOnForRssi
                0x00006d40       0x18 C:/SiliconLabs/SimplicityStudio/v4/developer/sdks/gecko_sdk_suite/v2.3//platform/radio/rail_lib/autogen/librail_release/librail_efr32xg1_gcc_release.a(radio.o)
                0x00006d40                RADIO_IsRxOnForRssi
 .text.RADIO_ComputeRxBaudrate
                0x00006d58       0x4c C:/SiliconLabs/SimplicityStudio/v4/developer/sdks/gecko_sdk_suite/v2.3//platform/radio/rail_lib/autogen/librail_release/librail_efr32xg1_gcc_release.a(radio.o)
                0x00006d58                RADIO_ComputeRxBaudrate
 .text.RADIO_GetRssi
                0x00006da4       0x64 C:/SiliconLabs/SimplicityStudio/v4/developer/sdks/gecko_sdk_suite/v2.3//platform/radio/rail_lib/autogen/librail_release/librail_efr32xg1_gcc_release.a(radio.o)
                0x00006da4                RADIO_GetRssi
 .text.RADIO_SetAgcCcaParams
                0x00006e08       0x64 C:/SiliconLabs/SimplicityStudio/v4/developer/sdks/gecko_sdk_suite/v2.3//platform/radio/rail_lib/autogen/librail_release/librail_efr32xg1_gcc_release.a(radio.o)
                0x00006e08                RADIO_SetAgcCcaParams
 .text.RADIO_RACClearRxOverflow
                0x00006e6c       0x20 C:/SiliconLabs/SimplicityStudio/v4/developer/sdks/gecko_sdk_suite/v2.3//platform/radio/rail_lib/autogen/librail_release/librail_efr32xg1_gcc_release.a(radio.o)
                0x00006e6c                RADIO_RACClearRxOverflow
 .text.RFSENSE_IRQHandler
                0x00006e8c       0x10 C:/SiliconLabs/SimplicityStudio/v4/developer/sdks/gecko_sdk_suite/v2.3//platform/radio/rail_lib/autogen/librail_release/librail_efr32xg1_gcc_release.a(rfsense.o)
                0x00006e8c                RFSENSE_IRQHandler
 .text.SYNTH_RfFreqGet
                0x00006e9c        0xc C:/SiliconLabs/SimplicityStudio/v4/developer/sdks/gecko_sdk_suite/v2.3//platform/radio/rail_lib/autogen/librail_release/librail_efr32xg1_gcc_release.a(synth.o)
                0x00006e9c                SYNTH_RfFreqGet
 .text.SYNTH_ChSpacingGet
                0x00006ea8        0xc C:/SiliconLabs/SimplicityStudio/v4/developer/sdks/gecko_sdk_suite/v2.3//platform/radio/rail_lib/autogen/librail_release/librail_efr32xg1_gcc_release.a(synth.o)
                0x00006ea8                SYNTH_ChSpacingGet
 .text.SYNTH_LoDivGet
                0x00006eb4       0x20 C:/SiliconLabs/SimplicityStudio/v4/developer/sdks/gecko_sdk_suite/v2.3//platform/radio/rail_lib/autogen/librail_release/librail_efr32xg1_gcc_release.a(synth.o)
                0x00006eb4                SYNTH_LoDivGet
 .text.SYNTH_Is2p4GHz
                0x00006ed4       0x14 C:/SiliconLabs/SimplicityStudio/v4/developer/sdks/gecko_sdk_suite/v2.3//platform/radio/rail_lib/autogen/librail_release/librail_efr32xg1_gcc_release.a(synth.o)
                0x00006ed4                SYNTH_Is2p4GHz
 .text.SYNTH_VcoRangeIsValid
                0x00006ee8       0x30 C:/SiliconLabs/SimplicityStudio/v4/developer/sdks/gecko_sdk_suite/v2.3//platform/radio/rail_lib/autogen/librail_release/librail_efr32xg1_gcc_release.a(synth.o)
                0x00006ee8                SYNTH_VcoRangeIsValid
 .text.SYNTH_RetimeLimitsConfig
                0x00006f18       0x64 C:/SiliconLabs/SimplicityStudio/v4/developer/sdks/gecko_sdk_suite/v2.3//platform/radio/rail_lib/autogen/librail_release/librail_efr32xg1_gcc_release.a(synth.o)
                0x00006f18                SYNTH_RetimeLimitsConfig
 .text.SYNTH_RetimeClkConfig
                0x00006f7c       0xb4 C:/SiliconLabs/SimplicityStudio/v4/developer/sdks/gecko_sdk_suite/v2.3//platform/radio/rail_lib/autogen/librail_release/librail_efr32xg1_gcc_release.a(synth.o)
                0x00006f7c                SYNTH_RetimeClkConfig
 .text.SYNTH_Config
                0x00007030      0x104 C:/SiliconLabs/SimplicityStudio/v4/developer/sdks/gecko_sdk_suite/v2.3//platform/radio/rail_lib/autogen/librail_release/librail_efr32xg1_gcc_release.a(synth.o)
                0x00007030                SYNTH_Config
 .text.SYNTH_ChannelSet
                0x00007134       0x40 C:/SiliconLabs/SimplicityStudio/v4/developer/sdks/gecko_sdk_suite/v2.3//platform/radio/rail_lib/autogen/librail_release/librail_efr32xg1_gcc_release.a(synth.o)
                0x00007134                SYNTH_ChannelSet
 .text.SYNTH_DCDCRetimeClkSet
                0x00007174       0x68 C:/SiliconLabs/SimplicityStudio/v4/developer/sdks/gecko_sdk_suite/v2.3//platform/radio/rail_lib/autogen/librail_release/librail_efr32xg1_gcc_release.a(synth.o)
                0x00007174                SYNTH_DCDCRetimeClkSet
 .text.SYNTH_DCDCRetimeEnable
                0x000071dc       0x18 C:/SiliconLabs/SimplicityStudio/v4/developer/sdks/gecko_sdk_suite/v2.3//platform/radio/rail_lib/autogen/librail_release/librail_efr32xg1_gcc_release.a(synth.o)
                0x000071dc                SYNTH_DCDCRetimeEnable
 .text.SYNTH_DCDCRetimeDisable
                0x000071f4       0x18 C:/SiliconLabs/SimplicityStudio/v4/developer/sdks/gecko_sdk_suite/v2.3//platform/radio/rail_lib/autogen/librail_release/librail_efr32xg1_gcc_release.a(synth.o)
                0x000071f4                SYNTH_DCDCRetimeDisable
 .text.SYNTH_KvnFreqCompensationEnable
                0x0000720c        0xc C:/SiliconLabs/SimplicityStudio/v4/developer/sdks/gecko_sdk_suite/v2.3//platform/radio/rail_lib/autogen/librail_release/librail_efr32xg1_gcc_release.a(synth.o)
                0x0000720c                SYNTH_KvnFreqCompensationEnable
 .text.TEMPCAL_Init
                0x00007218       0x38 C:/SiliconLabs/SimplicityStudio/v4/developer/sdks/gecko_sdk_suite/v2.3//platform/radio/rail_lib/autogen/librail_release/librail_efr32xg1_gcc_release.a(tempcal.o)
                0x00007218                TEMPCAL_Init
 .text.TIMING_NsToStimerTickCalc
                0x00007250       0x2c C:/SiliconLabs/SimplicityStudio/v4/developer/sdks/gecko_sdk_suite/v2.3//platform/radio/rail_lib/autogen/librail_release/librail_efr32xg1_gcc_release.a(timings.o)
 .text.TIMING_Recalculate
                0x0000727c      0x17c C:/SiliconLabs/SimplicityStudio/v4/developer/sdks/gecko_sdk_suite/v2.3//platform/radio/rail_lib/autogen/librail_release/librail_efr32xg1_gcc_release.a(timings.o)
 .text.TIMING_InitStimer
                0x000073f8       0x5c C:/SiliconLabs/SimplicityStudio/v4/developer/sdks/gecko_sdk_suite/v2.3//platform/radio/rail_lib/autogen/librail_release/librail_efr32xg1_gcc_release.a(timings.o)
                0x000073f8                TIMING_InitStimer
 .text.TIMING_SeqTimingInit
                0x00007454        0x2 C:/SiliconLabs/SimplicityStudio/v4/developer/sdks/gecko_sdk_suite/v2.3//platform/radio/rail_lib/autogen/librail_release/librail_efr32xg1_gcc_release.a(timings.o)
                0x00007454                TIMING_SeqTimingInit
 .text.TIMING_SetTransitionTime
                0x00007456       0x18 C:/SiliconLabs/SimplicityStudio/v4/developer/sdks/gecko_sdk_suite/v2.3//platform/radio/rail_lib/autogen/librail_release/librail_efr32xg1_gcc_release.a(timings.o)
                0x00007456                TIMING_SetTransitionTime
 .text.TIMING_RxSearchTimeSet
                0x0000746e       0x10 C:/SiliconLabs/SimplicityStudio/v4/developer/sdks/gecko_sdk_suite/v2.3//platform/radio/rail_lib/autogen/librail_release/librail_efr32xg1_gcc_release.a(timings.o)
                0x0000746e                TIMING_RxSearchTimeSet
 .text.TIMING_TxToRxSearchTimeSet
                0x0000747e       0x10 C:/SiliconLabs/SimplicityStudio/v4/developer/sdks/gecko_sdk_suite/v2.3//platform/radio/rail_lib/autogen/librail_release/librail_efr32xg1_gcc_release.a(timings.o)
                0x0000747e                TIMING_TxToRxSearchTimeSet
 .text.TIMING_RecalculateAll
                0x0000748e        0x6 C:/SiliconLabs/SimplicityStudio/v4/developer/sdks/gecko_sdk_suite/v2.3//platform/radio/rail_lib/autogen/librail_release/librail_efr32xg1_gcc_release.a(timings.o)
                0x0000748e                TIMING_RecalculateAll
 .text.TIMING_RecalculatePaRampChanged
                0x00007494        0x6 C:/SiliconLabs/SimplicityStudio/v4/developer/sdks/gecko_sdk_suite/v2.3//platform/radio/rail_lib/autogen/librail_release/librail_efr32xg1_gcc_release.a(timings.o)
                0x00007494                TIMING_RecalculatePaRampChanged
 .text.TIMING_SetChainDelays
                0x0000749a        0x8 C:/SiliconLabs/SimplicityStudio/v4/developer/sdks/gecko_sdk_suite/v2.3//platform/radio/rail_lib/autogen/librail_release/librail_efr32xg1_gcc_release.a(timings.o)
                0x0000749a                TIMING_SetChainDelays
 .text.TIMING_SetRxDoneDelay
                0x000074a2        0x6 C:/SiliconLabs/SimplicityStudio/v4/developer/sdks/gecko_sdk_suite/v2.3//platform/radio/rail_lib/autogen/librail_release/librail_efr32xg1_gcc_release.a(timings.o)
                0x000074a2                TIMING_SetRxDoneDelay
 .text.RFRAND_GetRadioEntropy
                0x000074a8      0x100 C:/SiliconLabs/SimplicityStudio/v4/developer/sdks/gecko_sdk_suite/v2.3//platform/radio/rail_lib/autogen/librail_release/librail_efr32xg1_gcc_release.a(rf_rand.o)
                0x000074a8                RFRAND_GetRadioEntropy
 .text.RFRAND_SeedProtimerRandom
                0x000075a8       0x3c C:/SiliconLabs/SimplicityStudio/v4/developer/sdks/gecko_sdk_suite/v2.3//platform/radio/rail_lib/autogen/librail_release/librail_efr32xg1_gcc_release.a(rf_rand.o)
                0x000075a8                RFRAND_SeedProtimerRandom
 .text.RADIO_RACStateGet
                0x000075e4       0x10 C:/SiliconLabs/SimplicityStudio/v4/developer/sdks/gecko_sdk_suite/v2.3//platform/radio/rail_lib/autogen/librail_release/librail_efr32xg1_gcc_release.a(generic_phy.o)
 .text.GENERIC_PHY_EnableDisableInt
                0x000075f4       0x22 C:/SiliconLabs/SimplicityStudio/v4/developer/sdks/gecko_sdk_suite/v2.3//platform/radio/rail_lib/autogen/librail_release/librail_efr32xg1_gcc_release.a(generic_phy.o)
 *fill*         0x00007616        0x2 
 .text.GENERIC_PHY_DisableRadioIrqs
                0x00007618       0x50 C:/SiliconLabs/SimplicityStudio/v4/developer/sdks/gecko_sdk_suite/v2.3//platform/radio/rail_lib/autogen/librail_release/librail_efr32xg1_gcc_release.a(generic_phy.o)
 .text.GENERIC_PHY_ConfigureRollbackReporting
                0x00007668       0x68 C:/SiliconLabs/SimplicityStudio/v4/developer/sdks/gecko_sdk_suite/v2.3//platform/radio/rail_lib/autogen/librail_release/librail_efr32xg1_gcc_release.a(generic_phy.o)
 .text.GENERIC_PHY_ClearPendedRxWindowEnd
                0x000076d0       0x1c C:/SiliconLabs/SimplicityStudio/v4/developer/sdks/gecko_sdk_suite/v2.3//platform/radio/rail_lib/autogen/librail_release/librail_efr32xg1_gcc_release.a(generic_phy.o)
 .text.RADIO_RACRxAbort
                0x000076ec       0x38 C:/SiliconLabs/SimplicityStudio/v4/developer/sdks/gecko_sdk_suite/v2.3//platform/radio/rail_lib/autogen/librail_release/librail_efr32xg1_gcc_release.a(generic_phy.o)
 .text.GENERIC_PHY_RxOverflowHook
                0x00007724       0x34 C:/SiliconLabs/SimplicityStudio/v4/developer/sdks/gecko_sdk_suite/v2.3//platform/radio/rail_lib/autogen/librail_release/librail_efr32xg1_gcc_release.a(generic_phy.o)
 .text.GENERIC_PHY_CheckPendedRxWindowEnd
                0x00007758       0x44 C:/SiliconLabs/SimplicityStudio/v4/developer/sdks/gecko_sdk_suite/v2.3//platform/radio/rail_lib/autogen/librail_release/librail_efr32xg1_gcc_release.a(generic_phy.o)
 .text.GENERIC_PHY_ConfigureEvents
                0x0000779c      0x2b8 C:/SiliconLabs/SimplicityStudio/v4/developer/sdks/gecko_sdk_suite/v2.3//platform/radio/rail_lib/autogen/librail_release/librail_efr32xg1_gcc_release.a(generic_phy.o)
                0x0000779c                GENERIC_PHY_ConfigureEvents
 .text.GENERIC_PHY_PacketTxCommon
                0x00007a54       0x38 C:/SiliconLabs/SimplicityStudio/v4/developer/sdks/gecko_sdk_suite/v2.3//platform/radio/rail_lib/autogen/librail_release/librail_efr32xg1_gcc_release.a(generic_phy.o)
                0x00007a54                GENERIC_PHY_PacketTxCommon
 .text.GENERIC_PHY_StartRx
                0x00007a8c       0x30 C:/SiliconLabs/SimplicityStudio/v4/developer/sdks/gecko_sdk_suite/v2.3//platform/radio/rail_lib/autogen/librail_release/librail_efr32xg1_gcc_release.a(generic_phy.o)
                0x00007a8c                GENERIC_PHY_StartRx
 .text.GENERIC_PHY_SeqAtomicLock
                0x00007abc       0x30 C:/SiliconLabs/SimplicityStudio/v4/developer/sdks/gecko_sdk_suite/v2.3//platform/radio/rail_lib/autogen/librail_release/librail_efr32xg1_gcc_release.a(generic_phy.o)
                0x00007abc                GENERIC_PHY_SeqAtomicLock
 .text.GENERIC_PHY_RACConfig
                0x00007aec       0x78 C:/SiliconLabs/SimplicityStudio/v4/developer/sdks/gecko_sdk_suite/v2.3//platform/radio/rail_lib/autogen/librail_release/librail_efr32xg1_gcc_release.a(generic_phy.o)
                0x00007aec                GENERIC_PHY_RACConfig
 .text.GENERIC_PHY_Init
                0x00007b64       0x70 C:/SiliconLabs/SimplicityStudio/v4/developer/sdks/gecko_sdk_suite/v2.3//platform/radio/rail_lib/autogen/librail_release/librail_efr32xg1_gcc_release.a(generic_phy.o)
                0x00007b64                GENERIC_PHY_Init
 .text.GENERIC_PHY_ResetRxFifo
                0x00007bd4       0x30 C:/SiliconLabs/SimplicityStudio/v4/developer/sdks/gecko_sdk_suite/v2.3//platform/radio/rail_lib/autogen/librail_release/librail_efr32xg1_gcc_release.a(generic_phy.o)
                0x00007bd4                GENERIC_PHY_ResetRxFifo
 .text.GENERIC_PHY_RadioIdle
                0x00007c04      0x174 C:/SiliconLabs/SimplicityStudio/v4/developer/sdks/gecko_sdk_suite/v2.3//platform/radio/rail_lib/autogen/librail_release/librail_efr32xg1_gcc_release.a(generic_phy.o)
                0x00007c04                GENERIC_PHY_RadioIdle
 .text.FRC_IRQHandler
                0x00007d78      0x458 C:/SiliconLabs/SimplicityStudio/v4/developer/sdks/gecko_sdk_suite/v2.3//platform/radio/rail_lib/autogen/librail_release/librail_efr32xg1_gcc_release.a(generic_phy.o)
                0x00007d78                FRC_IRQHandler
 .text.FRC_PRI_IRQHandler
                0x000081d0        0x4 C:/SiliconLabs/SimplicityStudio/v4/developer/sdks/gecko_sdk_suite/v2.3//platform/radio/rail_lib/autogen/librail_release/librail_efr32xg1_gcc_release.a(generic_phy.o)
                0x000081d0                FRC_PRI_IRQHandler
 .text.BUFC_IRQHandler
                0x000081d4        0x4 C:/SiliconLabs/SimplicityStudio/v4/developer/sdks/gecko_sdk_suite/v2.3//platform/radio/rail_lib/autogen/librail_release/librail_efr32xg1_gcc_release.a(generic_phy.o)
                0x000081d4                BUFC_IRQHandler
 .text.PROTIMER_IRQHandler
                0x000081d8        0x4 C:/SiliconLabs/SimplicityStudio/v4/developer/sdks/gecko_sdk_suite/v2.3//platform/radio/rail_lib/autogen/librail_release/librail_efr32xg1_gcc_release.a(generic_phy.o)
                0x000081d8                PROTIMER_IRQHandler
 .text.RAC_SEQ_IRQHandler
                0x000081dc        0x4 C:/SiliconLabs/SimplicityStudio/v4/developer/sdks/gecko_sdk_suite/v2.3//platform/radio/rail_lib/autogen/librail_release/librail_efr32xg1_gcc_release.a(generic_phy.o)
                0x000081dc                RAC_SEQ_IRQHandler
 .text.RAILCb_RadioStateChanged