Archive member included to satisfy reference by file (symbol)

C:/SiliconLabs/SimplicityStudio/v4/developer/sdks/gecko_sdk_suite/v2.3//platform/radio/rail_lib/autogen/librail_release/librail_efr32xg1_gcc_release.a(rail_singleprotocol.o)
                              ./yes/yes_radio.o (RAIL_Init)
C:/SiliconLabs/SimplicityStudio/v4/developer/sdks/gecko_sdk_suite/v2.3//platform/radio/rail_lib/autogen/librail_release/librail_efr32xg1_gcc_release.a(rail_rf.o)
                              C:/SiliconLabs/SimplicityStudio/v4/developer/sdks/gecko_sdk_suite/v2.3//platform/radio/rail_lib/autogen/librail_release/librail_efr32xg1_gcc_release.a(rail_singleprotocol.o) (RAILCore_Init)
C:/SiliconLabs/SimplicityStudio/v4/developer/sdks/gecko_sdk_suite/v2.3//platform/radio/rail_lib/autogen/librail_release/librail_efr32xg1_gcc_release.a(rail_rx.o)
                              C:/SiliconLabs/SimplicityStudio/v4/developer/sdks/gecko_sdk_suite/v2.3//platform/radio/rail_lib/autogen/librail_release/librail_efr32xg1_gcc_release.a(rail_singleprotocol.o) (RAILCore_StartRx)
C:/SiliconLabs/SimplicityStudio/v4/developer/sdks/gecko_sdk_suite/v2.3//platform/radio/rail_lib/autogen/librail_release/librail_efr32xg1_gcc_release.a(rail_tx.o)
                              C:/SiliconLabs/SimplicityStudio/v4/developer/sdks/gecko_sdk_suite/v2.3//platform/radio/rail_lib/autogen/librail_release/librail_efr32xg1_gcc_release.a(rail_singleprotocol.o) (RAILCore_StartTxStream)
C:/SiliconLabs/SimplicityStudio/v4/developer/sdks/gecko_sdk_suite/v2.3//platform/radio/rail_lib/autogen/librail_release/librail_efr32xg1_gcc_release.a(rail_calibration.o)
                              ./yes/yes_radio.o (RAIL_ConfigCal)
C:/SiliconLabs/SimplicityStudio/v4/developer/sdks/gecko_sdk_suite/v2.3//platform/radio/rail_lib/autogen/librail_release/librail_efr32xg1_gcc_release.a(rail_data.o)
                              ./yes/yes_radio.o (RAIL_ConfigData)
C:/SiliconLabs/SimplicityStudio/v4/developer/sdks/gecko_sdk_suite/v2.3//platform/radio/rail_lib/autogen/librail_release/librail_efr32xg1_gcc_release.a(rail_assert.o)
                              ./pa-conversions/pa_conversions_efr32.o (RAILCb_AssertFailed)
C:/SiliconLabs/SimplicityStudio/v4/developer/sdks/gecko_sdk_suite/v2.3//platform/radio/rail_lib/autogen/librail_release/librail_efr32xg1_gcc_release.a(rail_pti.o)
                              ./hal-efr32/hal_efr.o (RAIL_ConfigPti)
C:/SiliconLabs/SimplicityStudio/v4/developer/sdks/gecko_sdk_suite/v2.3//platform/radio/rail_lib/autogen/librail_release/librail_efr32xg1_gcc_release.a(rail_rssi.o)
                              C:/SiliconLabs/SimplicityStudio/v4/developer/sdks/gecko_sdk_suite/v2.3//platform/radio/rail_lib/autogen/librail_release/librail_efr32xg1_gcc_release.a(rail_singleprotocol.o) (RAILCore_GetRssi)
C:/SiliconLabs/SimplicityStudio/v4/developer/sdks/gecko_sdk_suite/v2.3//platform/radio/rail_lib/autogen/librail_release/librail_efr32xg1_gcc_release.a(rail_timer.o)
                              ./app_hal.o (RAIL_GetTime)
C:/SiliconLabs/SimplicityStudio/v4/developer/sdks/gecko_sdk_suite/v2.3//platform/radio/rail_lib/autogen/librail_release/librail_efr32xg1_gcc_release.a(tmrdrv.o)
                              C:/SiliconLabs/SimplicityStudio/v4/developer/sdks/gecko_sdk_suite/v2.3//platform/radio/rail_lib/autogen/librail_release/librail_efr32xg1_gcc_release.a(rail_timer.o) (TMRDRV_SetupTimer)
C:/SiliconLabs/SimplicityStudio/v4/developer/sdks/gecko_sdk_suite/v2.3//platform/radio/rail_lib/autogen/librail_release/librail_efr32xg1_gcc_release.a(tmrdrv_config.o)
                              C:/SiliconLabs/SimplicityStudio/v4/developer/sdks/gecko_sdk_suite/v2.3//platform/radio/rail_lib/autogen/librail_release/librail_efr32xg1_gcc_release.a(tmrdrv.o) (TMRDRV_GetHwTime)
C:/SiliconLabs/SimplicityStudio/v4/developer/sdks/gecko_sdk_suite/v2.3//platform/radio/rail_lib/autogen/librail_release/librail_efr32xg1_gcc_release.a(rail_ieee802154.o)
                              ./yes/yes_radio.o (RAIL_IEEE802154_Init)
C:/SiliconLabs/SimplicityStudio/v4/developer/sdks/gecko_sdk_suite/v2.3//platform/radio/rail_lib/autogen/librail_release/librail_efr32xg1_gcc_release.a(rail_rf_hal.o)
                              C:/SiliconLabs/SimplicityStudio/v4/developer/sdks/gecko_sdk_suite/v2.3//platform/radio/rail_lib/autogen/librail_release/librail_efr32xg1_gcc_release.a(rail_rf.o) (RFHAL_SetFixedLength)
C:/SiliconLabs/SimplicityStudio/v4/developer/sdks/gecko_sdk_suite/v2.3//platform/radio/rail_lib/autogen/librail_release/librail_efr32xg1_gcc_release.a(rail_ieee802154_rf_hal.o)
                              C:/SiliconLabs/SimplicityStudio/v4/developer/sdks/gecko_sdk_suite/v2.3//platform/radio/rail_lib/autogen/librail_release/librail_efr32xg1_gcc_release.a(rail_ieee802154.o) (RFHAL_IEEE802154Disable)
C:/SiliconLabs/SimplicityStudio/v4/developer/sdks/gecko_sdk_suite/v2.3//platform/radio/rail_lib/autogen/librail_release/librail_efr32xg1_gcc_release.a(ieee802154_efr32xg1_configurator_out.o)
[...]
Memory Configuration

Name             Origin             Length             Attributes
FLASH            0x00000000         0x00040000         xr
RAM              0x20000000         0x00007c00         xrw
*default*        0x00000000         0xffffffff

Linker script and memory map

LOAD c:/siliconlabs/simplicitystudio/v4/developer/toolchains/gnu_arm/7.2_2017q4/bin/../lib/gcc/arm-none-eabi/7.2.1/thumb/v7e-m/fpv4-sp/softfp/crti.o
LOAD c:/siliconlabs/simplicitystudio/v4/developer/toolchains/gnu_arm/7.2_2017q4/bin/../lib/gcc/arm-none-eabi/7.2.1/thumb/v7e-m/fpv4-sp/softfp/crtbegin.o
LOAD c:/siliconlabs/simplicitystudio/v4/developer/toolchains/gnu_arm/7.2_2017q4/bin/../lib/gcc/arm-none-eabi/7.2.1/../../../../arm-none-eabi/lib/thumb/v7e-m/fpv4-sp/softfp/crt0.o
                0x00040000                FLASH_SIZE = 0x40000
                0x00008000                RAM_SIZE = 0x8000
                0x00000000                SIMEEPROM_SIZE = 0x0
                0x00000001                NULL_BTL = 0x1
START GROUP
LOAD ./app_hal.o
LOAD ./app_main.o
LOAD ./rail_config.o
LOAD ./buffer-pool-memory-manager/buffer_pool_allocator.o
LOAD ./circular-queue/circular_queue.o
LOAD ./command-interpreter-rail/command_interpreter.o
LOAD ./emdrv/dmadrv.o
LOAD ./emdrv/gpiointerrupt.o
LOAD ./emdrv/rtcdriver.o
LOAD ./emdrv/sleep.o
LOAD ./emdrv/tempdrv.o
LOAD ./emdrv/uartdrv.o
LOAD ./emdrv/ustimer.o
LOAD ./emlib/em_adc.o
LOAD ./emlib/em_cmu.o
LOAD ./emlib/em_core.o
LOAD ./emlib/em_emu.o
LOAD ./emlib/em_gpio.o
LOAD ./emlib/em_i2c.o
LOAD ./emlib/em_ldma.o
LOAD ./emlib/em_leuart.o
LOAD ./emlib/em_mpu.o
LOAD ./emlib/em_msc.o
LOAD ./emlib/em_prs.o
LOAD ./emlib/em_rmu.o
LOAD ./emlib/em_rtcc.o
LOAD ./emlib/em_system.o
LOAD ./emlib/em_timer.o
LOAD ./emlib/em_usart.o
LOAD ./emlib/em_wdog.o
LOAD ./emlib/system_efr32fg1p.o
LOAD ./hal-efr32/bsp_init.o
LOAD ./hal-efr32/bsp_stk.o
LOAD ./hal-efr32/bsp_stk_leds.o
LOAD ./hal-efr32/dmactrl.o
LOAD ./hal-efr32/em_assert.o
LOAD ./hal-efr32/em_rtc.o
LOAD ./hal-efr32/hal_common.o
LOAD ./hal-efr32/hal_efr.o
LOAD ./hal-efr32/i2cspm.o
LOAD ./hal-efr32/retargetio.o
LOAD ./hal-efr32/retargetserial.o
LOAD ./hal-efr32/udelay.o
LOAD ./pa-conversions/pa_conversions_efr32.o
LOAD ./rail-app-config/EFR32_F_1_1_P/gcc/startup_efr32fg1p.o
LOAD ./response-printf/response_print.o
LOAD ./user_data/user_data.o
LOAD ./yes/my_uart.o
LOAD ./yes/parameter_ci.o
LOAD ./yes/yes_radio.o
LOAD C:/SiliconLabs/SimplicityStudio/v4/developer/sdks/gecko_sdk_suite/v2.3//platform/radio/rail_lib/autogen/librail_release/librail_efr32xg1_gcc_release.a
LOAD c:/siliconlabs/simplicitystudio/v4/developer/toolchains/gnu_arm/7.2_2017q4/bin/../lib/gcc/arm-none-eabi/7.2.1/../../../../arm-none-eabi/lib/thumb/v7e-m/fpv4-sp/softfp\libm.a
END GROUP
START GROUP
LOAD c:/siliconlabs/simplicitystudio/v4/developer/toolchains/gnu_arm/7.2_2017q4/bin/../lib/gcc/arm-none-eabi/7.2.1/thumb/v7e-m/fpv4-sp/softfp\libgcc.a
LOAD c:/siliconlabs/simplicitystudio/v4/developer/toolchains/gnu_arm/7.2_2017q4/bin/../lib/gcc/arm-none-eabi/7.2.1/../../../../arm-none-eabi/lib/thumb/v7e-m/fpv4-sp/softfp\libc_nano.a
LOAD c:/siliconlabs/simplicitystudio/v4/developer/toolchains/gnu_arm/7.2_2017q4/bin/../lib/gcc/arm-none-eabi/7.2.1/../../../../arm-none-eabi/lib/thumb/v7e-m/fpv4-sp/softfp\libnosys.a
END GROUP
START GROUP
LOAD c:/siliconlabs/simplicitystudio/v4/developer/toolchains/gnu_arm/7.2_2017q4/bin/../lib/gcc/arm-none-eabi/7.2.1/thumb/v7e-m/fpv4-sp/softfp\libgcc.a
LOAD c:/siliconlabs/simplicitystudio/v4/developer/toolchains/gnu_arm/7.2_2017q4/bin/../lib/gcc/arm-none-eabi/7.2.1/../../../../arm-none-eabi/lib/thumb/v7e-m/fpv4-sp/softfp\libg_nano.a
LOAD c:/siliconlabs/simplicitystudio/v4/developer/toolchains/gnu_arm/7.2_2017q4/bin/../lib/gcc/arm-none-eabi/7.2.1/../../../../arm-none-eabi/lib/thumb/v7e-m/fpv4-sp/softfp\libc_nano.a
END GROUP
START GROUP
LOAD c:/siliconlabs/simplicitystudio/v4/developer/toolchains/gnu_arm/7.2_2017q4/bin/../lib/gcc/arm-none-eabi/7.2.1/thumb/v7e-m/fpv4-sp/softfp\libgcc.a
LOAD c:/siliconlabs/simplicitystudio/v4/developer/toolchains/gnu_arm/7.2_2017q4/bin/../lib/gcc/arm-none-eabi/7.2.1/../../../../arm-none-eabi/lib/thumb/v7e-m/fpv4-sp/softfp\libc_nano.a
END GROUP
LOAD c:/siliconlabs/simplicitystudio/v4/developer/toolchains/gnu_arm/7.2_2017q4/bin/../lib/gcc/arm-none-eabi/7.2.1/thumb/v7e-m/fpv4-sp/softfp/crtend.o
LOAD c:/siliconlabs/simplicitystudio/v4/developer/toolchains/gnu_arm/7.2_2017q4/bin/../lib/gcc/arm-none-eabi/7.2.1/thumb/v7e-m/fpv4-sp/softfp/crtn.o

.text           0x00000000     0xc158
 *(.vectors)
 .vectors       0x00000000       0xc8 ./rail-app-config/EFR32_F_1_1_P/gcc/startup_efr32fg1p.o
                0x00000000                __Vectors
                0x000000c8                __Vectors_End = .
                0x000000c8                __Vectors_Size = (__Vectors_End - __Vectors)
                0x000000c8                __end__ = .
 *(.text*)
 .text          0x000000c8       0x40 c:/siliconlabs/simplicitystudio/v4/developer/toolchains/gnu_arm/7.2_2017q4/bin/../lib/gcc/arm-none-eabi/7.2.1/thumb/v7e-m/fpv4-sp/softfp/crtbegin.o
 .text          0x00000108       0x74 c:/siliconlabs/simplicitystudio/v4/developer/toolchains/gnu_arm/7.2_2017q4/bin/../lib/gcc/arm-none-eabi/7.2.1/../../../../arm-none-eabi/lib/thumb/v7e-m/fpv4-sp/softfp/crt0.o
                0x00000108                _start
                0x00000108                _mainCRTStartup
 .text.gpioCallback
                0x0000017c        0xc ./app_hal.o
                0x0000017c                gpioCallback
 .text.initButtons
                0x00000188       0x5c ./app_hal.o
                0x00000188                initButtons
 .text.appHalInit
                0x000001e4       0x20 ./app_hal.o
                0x000001e4                appHalInit
 .text.Init_TimerExpired
                0x00000204       0x2c ./app_main.o
                0x00000204                Init_TimerExpired
 .text.processInputCharacters
                0x00000230       0x64 ./app_main.o
                0x00000230                processInputCharacters
 .text.changeChannel2p4
                0x00000294       0x24 ./app_main.o
                0x00000294                changeChannel2p4
 .text.startup.main
                0x000002b8      0x11c ./app_main.o
                0x000002b8                main
 .text.RAILCb_CalcBitRate
                0x000003d4        0x4 ./rail_config.o
                0x000003d4                RAILCb_CalcBitRate
 .text.RAILCb_ConfigFrameTypeLength
                0x000003d8        0x2 ./rail_config.o
                0x000003d8                RAILCb_ConfigFrameTypeLength
 *fill*         0x000003da        0x2 
 .text.memoryAllocate
                0x000003dc       0x44 ./buffer-pool-memory-manager/buffer_pool_allocator.o
                0x000003dc                memoryAllocate
 .text.memoryPtrFromHandle
                0x00000420       0x30 ./buffer-pool-memory-manager/buffer_pool_allocator.o
                0x00000420                memoryPtrFromHandle
 .text.memoryFree
                0x00000450       0x30 ./buffer-pool-memory-manager/buffer_pool_allocator.o
                0x00000450                memoryFree
 .text.memoryTakeReference
                0x00000480       0x30 ./buffer-pool-memory-manager/buffer_pool_allocator.o
                0x00000480                memoryTakeReference
 .text.queueInit
                0x000004b0       0x22 ./circular-queue/circular_queue.o
                0x000004b0                queueInit
 .text.queueAdd
                0x000004d2       0x48 ./circular-queue/circular_queue.o
                0x000004d2                queueAdd
 .text.queueRemove
                0x0000051a       0x38 ./circular-queue/circular_queue.o
                0x0000051a                queueRemove
 .text.queueIsEmpty
                0x00000552       0x1e ./circular-queue/circular_queue.o
                0x00000552                queueIsEmpty
 .text.validateInteger
                0x00000570       0x58 ./command-interpreter-rail/command_interpreter.o
 .text.ciErrorCallback
                0x000005c8       0x2c ./command-interpreter-rail/command_interpreter.o
                0x000005c8                ciErrorCallback
 .text.ciPrintHelp
                0x000005f4       0xb4 ./command-interpreter-rail/command_interpreter.o
                0x000005f4                ciPrintHelp
 .text.ciInitState
                0x000006a8       0x18 ./command-interpreter-rail/command_interpreter.o
                0x000006a8                ciInitState
 .text.ciProcessInput
                0x000006c0      0x274 ./command-interpreter-rail/command_interpreter.o
                0x000006c0                ciProcessInput
 .text.ciGetUnsigned
                0x00000934        0x8 ./command-interpreter-rail/command_interpreter.o
                0x00000934                ciGetUnsigned
 .text.ciGetSigned
                0x0000093c        0x8 ./command-interpreter-rail/command_interpreter.o
                0x0000093c                ciGetSigned
 .text.StartTransfer
                0x00000944      0x180 ./emdrv/dmadrv.o
 .text.DMADRV_AllocateChannel
                0x00000ac4       0x58 ./emdrv/dmadrv.o
                0x00000ac4                DMADRV_AllocateChannel
 .text.DMADRV_Init
                0x00000b1c       0x6c ./emdrv/dmadrv.o
                0x00000b1c                DMADRV_Init
 .text.DMADRV_PeripheralMemory
                0x00000b88       0x34 ./emdrv/dmadrv.o
                0x00000b88                DMADRV_PeripheralMemory
 .text.DMADRV_PauseTransfer
                0x00000bbc       0x40 ./emdrv/dmadrv.o
                0x00000bbc                DMADRV_PauseTransfer
 .text.DMADRV_ResumeTransfer
                0x00000bfc       0x40 ./emdrv/dmadrv.o
                0x00000bfc                DMADRV_ResumeTransfer
 .text.DMADRV_TransferActive
                0x00000c3c       0x50 ./emdrv/dmadrv.o
                0x00000c3c                DMADRV_TransferActive
 .text.LDMA_IRQHandler
                0x00000c8c       0x70 ./emdrv/dmadrv.o
                0x00000c8c                LDMA_IRQHandler
 .text.GPIOINT_IRQDispatcher
                0x00000cfc       0x2c ./emdrv/gpiointerrupt.o
 .text.GPIOINT_Init
                0x00000d28       0x1c ./emdrv/gpiointerrupt.o
                0x00000d28                GPIOINT_Init
 .text.GPIOINT_CallbackRegister
                0x00000d44       0x1c ./emdrv/gpiointerrupt.o
                0x00000d44                GPIOINT_CallbackRegister
 .text.GPIO_EVEN_IRQHandler
                0x00000d60       0x24 ./emdrv/gpiointerrupt.o
                0x00000d60                GPIO_EVEN_IRQHandler
 .text.GPIO_ODD_IRQHandler
                0x00000d84       0x24 ./emdrv/gpiointerrupt.o
                0x00000d84                GPIO_ODD_IRQHandler
 .text.checkAllTimers
                0x00000da8       0xac ./emdrv/rtcdriver.o
 .text.executeTimerCallbacks
                0x00000e54       0x24 ./emdrv/rtcdriver.o
 .text.rescheduleRtc
                0x00000e78       0x78 ./emdrv/rtcdriver.o
 .text.RTCC_IRQHandler
                0x00000ef0       0x94 ./emdrv/rtcdriver.o
                0x00000ef0                RTCC_IRQHandler
 .text.updateInterrupts
                0x00000f84       0xd0 ./emdrv/tempdrv.o
 .text.TEMPDRV_GetTemp
                0x00001054       0x28 ./emdrv/tempdrv.o
                0x00001054                TEMPDRV_GetTemp
 .text.TEMPDRV_IRQHandler
                0x0000107c       0x60 ./emdrv/tempdrv.o
                0x0000107c                TEMPDRV_IRQHandler
 .text.EMU_IRQHandler
                0x000010dc        0x4 ./emdrv/tempdrv.o
                0x000010dc                EMU_IRQHandler
 .text.CheckParams
                0x000010e0       0x24 ./emdrv/uartdrv.o
 .text.SetHandleIndex
                0x00001104       0x44 ./emdrv/uartdrv.o
 .text.GetTailBuffer
                0x00001148       0x34 ./emdrv/uartdrv.o
 .text.DequeueBuffer
                0x0000117c       0x4c ./emdrv/uartdrv.o
 .text.StartReceiveDma
                0x000011c8       0x44 ./emdrv/uartdrv.o
 .text.HwFcGetClearToSendPin.part.0
                0x0000120c       0x1c ./emdrv/uartdrv.o
 .text.HwFcManageClearToSend
                0x00001228       0x7c ./emdrv/uartdrv.o
 .text.EnableReceiver
                0x000012a4       0x3c ./emdrv/uartdrv.o
 .text.DisableReceiver
                0x000012e0       0x30 ./emdrv/uartdrv.o
 .text.InitializeDma
                0x00001310       0x2c ./emdrv/uartdrv.o
 .text.EnqueueBuffer.constprop.8
                0x0000133c       0x7c ./emdrv/uartdrv.o
 .text.ConfigGpio
                0x000013b8       0xce ./emdrv/uartdrv.o
 .text.UARTDRV_ForceTransmit
                0x00001486       0xfa ./emdrv/uartdrv.o
                0x00001486                UARTDRV_ForceTransmit
 .text.UARTDRV_PauseTransmit
                0x00001580       0x3c ./emdrv/uartdrv.o
                0x00001580                UARTDRV_PauseTransmit
 .text.UARTDRV_ResumeTransmit
                0x000015bc       0x4c ./emdrv/uartdrv.o
                0x000015bc                UARTDRV_ResumeTransmit
 .text.FcApplyState
                0x00001608       0x6c ./emdrv/uartdrv.o
 .text.UARTDRV_Receive
                0x00001674       0x58 ./emdrv/uartdrv.o
                0x00001674                UARTDRV_Receive
 .text.ReceiveDmaComplete
                0x000016cc       0xe8 ./emdrv/uartdrv.o
 .text.UARTDRV_InitUart
                0x000017b4      0x4a4 ./emdrv/uartdrv.o
                0x000017b4                UARTDRV_InitUart
 .text.TIMER0_IRQHandler
                0x00001c58       0x1c ./emdrv/ustimer.o
                0x00001c58                TIMER0_IRQHandler
 .text.setHfLeConfig
                0x00001c74       0x44 ./emlib/em_cmu.o
 .text.flashWaitStateControl.isra.0
                0x00001cb8       0x38 ./emlib/em_cmu.o
 .text.flashWaitStateMax
                0x00001cf0       0x20 ./emlib/em_cmu.o
 .text.syncReg  0x00001d10       0x18 ./emlib/em_cmu.o
 .text.CMU_OscillatorTuningSet.part.3
                0x00001d28       0x3c ./emlib/em_cmu.o
 .text.CMU_UpdateWaitStates
                0x00001d64       0x1c ./emlib/em_cmu.o
                0x00001d64                CMU_UpdateWaitStates
 .text.CMU_ClockEnable
                0x00001d80       0x7c ./emlib/em_cmu.o
                0x00001d80                CMU_ClockEnable
 .text.CMU_ClockSelectGet
                0x00001dfc       0xbc ./emlib/em_cmu.o
                0x00001dfc                CMU_ClockSelectGet
 .text.lfClkGet
                0x00001eb8       0x88 ./emlib/em_cmu.o
 .text.CMU_ClockFreqGet
                0x00001f40      0x134 ./emlib/em_cmu.o
                0x00001f40                CMU_ClockFreqGet
 .text.CMU_OscillatorTuningWait
                0x00002074       0x44 ./emlib/em_cmu.o
                0x00002074                CMU_OscillatorTuningWait
 .text.CMU_OscillatorTuningOptimize
                0x000020b8       0x24 ./emlib/em_cmu.o
                0x000020b8                CMU_OscillatorTuningOptimize
 .text.CMU_OscillatorEnable
                0x000020dc       0xe8 ./emlib/em_cmu.o
                0x000020dc                CMU_OscillatorEnable
 .text.CMU_ClockSelectSet
                0x000021c4      0x15c ./emlib/em_cmu.o
                0x000021c4                CMU_ClockSelectSet
 .text.CMU_HFXOInit
                0x00002320       0x88 ./emlib/em_cmu.o
                0x00002320                CMU_HFXOInit
 .text.CORE_EnterCritical
                0x000023a8        0x8 ./emlib/em_core.o
                0x000023a8                CORE_EnterCritical
 .text.CORE_ExitCritical
                0x000023b0        0x6 ./emlib/em_core.o
                0x000023b0                CORE_ExitCritical
 .text.CORE_EnterAtomic
                0x000023b6        0x8 ./emlib/em_core.o
                0x000023b6                CORE_EnterAtomic
 .text.CORE_ExitAtomic
                0x000023be        0x4 ./emlib/em_core.o
                0x000023be                CORE_ExitAtomic
 *fill*         0x000023c2        0x2 
 .text.CORE_NvicIRQDisabled
                0x000023c4       0x1c ./emlib/em_core.o
                0x000023c4                CORE_NvicIRQDisabled
 .text.CORE_IrqIsBlocked
                0x000023e0       0x80 ./emlib/em_core.o
                0x000023e0                CORE_IrqIsBlocked
 .text.currentLimitersUpdate
                0x00002460       0x70 ./emlib/em_emu.o
 .text.EMU_DCDCModeSet
                0x000024d0       0x5c ./emlib/em_emu.o
                0x000024d0                EMU_DCDCModeSet
 .text.EMU_DCDCOutputVoltageSet
                0x0000252c      0x19c ./emlib/em_emu.o
                0x0000252c                EMU_DCDCOutputVoltageSet
 .text.EMU_DCDCOptimizeSlice
                0x000026c8       0x6c ./emlib/em_emu.o
                0x000026c8                EMU_DCDCOptimizeSlice
 .text.EMU_DCDCLnRcoBandSet
                0x00002734       0x24 ./emlib/em_emu.o
                0x00002734                EMU_DCDCLnRcoBandSet
 .text.EMU_DCDCInit
                0x00002758      0x19c ./emlib/em_emu.o
                0x00002758                EMU_DCDCInit
 .text.GPIO_ExtIntConfig
                0x000028f4       0x98 ./emlib/em_gpio.o
                0x000028f4                GPIO_ExtIntConfig
 .text.GPIO_PinModeSet
                0x0000298c       0x84 ./emlib/em_gpio.o
                0x0000298c                GPIO_PinModeSet
 .text.LDMA_EnableChannelRequest
                0x00002a10       0x14 ./emlib/em_ldma.o
                0x00002a10                LDMA_EnableChannelRequest
 .text.LDMA_Init
                0x00002a24       0x58 ./emlib/em_ldma.o
                0x00002a24                LDMA_Init
 .text.LDMA_StartTransfer
                0x00002a7c       0xa4 ./emlib/em_ldma.o
                0x00002a7c                LDMA_StartTransfer
 .text.LEUART_Sync
                0x00002b20        0xe ./emlib/em_leuart.o
 .text.LEUART_Tx
                0x00002b2e       0x18 ./emlib/em_leuart.o
                0x00002b2e                LEUART_Tx
 *fill*         0x00002b46        0x2 
 .text.MSC_Init
                0x00002b48       0x18 ./emlib/em_msc.o
                0x00002b48                MSC_Init
 .text.MSC_Deinit
                0x00002b60       0x14 ./emlib/em_msc.o
                0x00002b60                MSC_Deinit
 .text.SYSTEM_ChipRevisionGet
                0x00002b74       0x34 ./emlib/em_system.o
                0x00002b74                SYSTEM_ChipRevisionGet
 .text.USART_BaudrateAsyncSet
                0x00002ba8       0x64 ./emlib/em_usart.o
                0x00002ba8                USART_BaudrateAsyncSet
 .text.USART_BaudrateSyncSet
                0x00002c0c       0x24 ./emlib/em_usart.o
                0x00002c0c                USART_BaudrateSyncSet
 .text.USART_Enable
                0x00002c30        0xe ./emlib/em_usart.o
                0x00002c30                USART_Enable
 *fill*         0x00002c3e        0x2 
 .text.USART_Reset
                0x00002c40       0x44 ./emlib/em_usart.o
                0x00002c40                USART_Reset
 .text.USART_InitAsync
                0x00002c84       0x70 ./emlib/em_usart.o
                0x00002c84                USART_InitAsync
 .text.USART_InitSync
                0x00002cf4       0x82 ./emlib/em_usart.o
                0x00002cf4                USART_InitSync
 .text.USART_Rx
                0x00002d76        0xc ./emlib/em_usart.o
                0x00002d76                USART_Rx
 .text.USART_Tx
                0x00002d82        0xa ./emlib/em_usart.o
                0x00002d82                USART_Tx
 .text.SystemMaxCoreClockGet
                0x00002d8c        0x8 ./emlib/system_efr32fg1p.o
                0x00002d8c                SystemMaxCoreClockGet
 .text.SystemHFClockGet
                0x00002d94       0x48 ./emlib/system_efr32fg1p.o
                0x00002d94                SystemHFClockGet
 .text.SystemCoreClockGet
                0x00002ddc       0x24 ./emlib/system_efr32fg1p.o
                0x00002ddc                SystemCoreClockGet
 .text.SystemHFXOClockGet
                0x00002e00        0xc ./emlib/system_efr32fg1p.o
                0x00002e00                SystemHFXOClockGet
 .text.SystemHFXOClockSet
                0x00002e0c       0x20 ./emlib/system_efr32fg1p.o
                0x00002e0c                SystemHFXOClockSet
 .text.SystemInit
                0x00002e2c       0x44 ./emlib/system_efr32fg1p.o
                0x00002e2c                SystemInit
 .text.SystemLFRCOClockGet
                0x00002e70        0x6 ./emlib/system_efr32fg1p.o
                0x00002e70                SystemLFRCOClockGet
 .text.SystemULFRCOClockGet
                0x00002e76        0x6 ./emlib/system_efr32fg1p.o
                0x00002e76                SystemULFRCOClockGet
 .text.SystemLFXOClockGet
                0x00002e7c        0xc ./emlib/system_efr32fg1p.o
                0x00002e7c                SystemLFXOClockGet
 .text.BSP_initDcdc
                0x00002e88       0x2c ./hal-efr32/bsp_init.o
                0x00002e88                BSP_initDcdc
 .text.BSP_initClocks
                0x00002eb4       0x80 ./hal-efr32/bsp_init.o
                0x00002eb4                BSP_initClocks
 .text.BSP_initDevice
                0x00002f34       0x88 ./hal-efr32/bsp_init.o
                0x00002f34                BSP_initDevice
 .text.BSP_initBoard
                0x00002fbc       0x1c ./hal-efr32/bsp_init.o
                0x00002fbc                BSP_initBoard
 .text.BSP_Init
                0x00002fd8        0x4 ./hal-efr32/bsp_stk.o
                0x00002fd8                BSP_Init
 .text.BSP_LedsInit
                0x00002fdc       0x44 ./hal-efr32/bsp_stk_leds.o
                0x00002fdc                BSP_LedsInit
 .text.BSP_LedClear
                0x00003020       0x30 ./hal-efr32/bsp_stk_leds.o
                0x00003020                BSP_LedClear
 .text.BSP_LedSet
                0x00003050       0x30 ./hal-efr32/bsp_stk_leds.o
                0x00003050                BSP_LedSet
 .text.halInit  0x00003080        0x8 ./hal-efr32/hal_common.o
                0x00003080                halInit
 .text.usecDelay
                0x00003088       0x24 ./hal-efr32/hal_efr.o
 .text.halInitChipSpecific
                0x000030ac      0x16c ./hal-efr32/hal_efr.o
                0x000030ac                halInitChipSpecific
 .text._close   0x00003218        0x4 ./hal-efr32/retargetio.o
                0x00003218                _close
 .text._exit    0x0000321c        0x2 ./hal-efr32/retargetio.o
                0x0000321c                _exit
 .text._fstat   0x0000321e        0xa ./hal-efr32/retargetio.o
                0x0000321e                _fstat
 .text._getpid  0x00003228        0x4 ./hal-efr32/retargetio.o
                0x00003228                _getpid
 .text._isatty  0x0000322c        0x4 ./hal-efr32/retargetio.o
                0x0000322c                _isatty
 .text._kill    0x00003230        0x6 ./hal-efr32/retargetio.o
                0x00003230                _kill
 .text._lseek   0x00003236        0x4 ./hal-efr32/retargetio.o
                0x00003236                _lseek
 .text._read    0x0000323a       0x2a ./hal-efr32/retargetio.o
                0x0000323a                _read
 .text._sbrk    0x00003264       0x1c ./hal-efr32/retargetio.o
                0x00003264                _sbrk
 .text._write   0x00003280       0x1c ./hal-efr32/retargetio.o
                0x00003280                _write
 .text.USART0_RX_IRQHandler
                0x0000329c       0x50 ./hal-efr32/retargetserial.o
                0x0000329c                USART0_RX_IRQHandler
 .text.RETARGET_SerialInit
                0x000032ec       0xc4 ./hal-efr32/retargetserial.o
                0x000032ec                RETARGET_SerialInit
 .text.RETARGET_ReadChar
                0x000033b0       0x64 ./hal-efr32/retargetserial.o
                0x000033b0                RETARGET_ReadChar
 .text.RETARGET_WriteChar
                0x00003414       0x48 ./hal-efr32/retargetserial.o
                0x00003414                RETARGET_WriteChar
 .text.RAIL_GetTxPowerCurve
                0x0000345c       0x14 ./pa-conversions/pa_conversions_efr32.o
                0x0000345c                RAIL_GetTxPowerCurve
 .text.RAIL_InitTxPowerCurves
                0x00003470       0x2c ./pa-conversions/pa_conversions_efr32.o
                0x00003470                RAIL_InitTxPowerCurves
 .text.RAIL_ConvertDbmToRaw
                0x0000349c       0xd8 ./pa-conversions/pa_conversions_efr32.o
                0x0000349c                RAIL_ConvertDbmToRaw
 .text.RAIL_ConvertRawToDbm
                0x00003574       0xb8 ./pa-conversions/pa_conversions_efr32.o
                0x00003574                RAIL_ConvertRawToDbm
 .text          0x0000362c       0x30 ./rail-app-config/EFR32_F_1_1_P/gcc/startup_efr32fg1p.o
                0x0000362c                Reset_Handler
                0x00003658                USART0_TX_IRQHandler
                0x00003658                I2C0_IRQHandler
                0x00003658                HardFault_Handler
                0x00003658                SysTick_Handler
                0x00003658                USART1_RX_IRQHandler
                0x00003658                PendSV_Handler
                0x00003658                NMI_Handler
                0x00003658                WDOG0_IRQHandler
                0x00003658                USART1_TX_IRQHandler
                0x00003658                MSC_IRQHandler
                0x00003658                ADC0_IRQHandler
                0x00003658                UsageFault_Handler
                0x00003658                LEUART0_IRQHandler
                0x00003658                FPUEH_IRQHandler
                0x00003658                DebugMon_Handler
                0x00003658                LETIMER0_IRQHandler
                0x00003658                TIMER1_IRQHandler
                0x00003658                Default_Handler
                0x00003658                CRYOTIMER_IRQHandler
                0x00003658                PCNT0_IRQHandler
                0x00003658                ACMP0_IRQHandler
                0x00003658                MemManage_Handler
                0x00003658                SVC_Handler
                0x00003658                CRYPTO_IRQHandler
                0x00003658                CMU_IRQHandler
                0x00003658                BusFault_Handler
                0x00003658                IDAC0_IRQHandler
 .text.responsePrintInternal
                0x0000365c      0x12c ./response-printf/response_print.o
 .text.responsePrintStart
                0x00003788       0x1c ./response-printf/response_print.o
                0x00003788                responsePrintStart
 .text.responsePrint
                0x000037a4       0x34 ./response-printf/response_print.o
                0x000037a4                responsePrint
 .text.responsePrintError
                0x000037d8       0x60 ./response-printf/response_print.o
                0x000037d8                responsePrintError
 .text.InitUserDataInfo
                0x00003838      0x10c ./user_data/user_data.o
                0x00003838                InitUserDataInfo
 .text.User_page_update
                0x00003944       0x90 ./user_data/user_data.o
                0x00003944                User_page_update
 .text.UART_Rx_cb
                0x000039d4       0x40 ./yes/my_uart.o
                0x000039d4                UART_Rx_cb
 .text.B2B_UART_Rx_cb
                0x00003a14       0x40 ./yes/my_uart.o
                0x00003a14                B2B_UART_Rx_cb
 .text.initUart
                0x00003a54       0x40 ./yes/my_uart.o
                0x00003a54                initUart
 .text.initB2BUart
                0x00003a94       0x4c ./yes/my_uart.o
                0x00003a94                initB2BUart
 .text.UART_process
                0x00003ae0       0x94 ./yes/my_uart.o
                0x00003ae0                UART_process
 .text.resetChip
                0x00003b74       0x24 ./yes/parameter_ci.o
                0x00003b74                resetChip
 .text.getNodeId
                0x00003b98       0x18 ./yes/parameter_ci.o
                0x00003b98                getNodeId
 .text.setNodeId
                0x00003bb0       0x30 ./yes/parameter_ci.o
                0x00003bb0                setNodeId
 .text.getChannel
                0x00003be0       0x40 ./yes/parameter_ci.o
                0x00003be0                getChannel
 .text.setChannel
                0x00003c20       0x44 ./yes/parameter_ci.o
                0x00003c20                setChannel
 .text.getChannelSubG
                0x00003c64       0x40 ./yes/parameter_ci.o
                0x00003c64                getChannelSubG
 .text.setChannelSubG
                0x00003ca4       0x44 ./yes/parameter_ci.o
                0x00003ca4                setChannelSubG
 .text.getPower
                0x00003ce8       0x2c ./yes/parameter_ci.o
                0x00003ce8                getPower
 .text.setPower
                0x00003d14       0x80 ./yes/parameter_ci.o
                0x00003d14                setPower
 .text.getPowerSubG
                0x00003d94       0x2c ./yes/parameter_ci.o
                0x00003d94                getPowerSubG
 .text.setPowerSubG
                0x00003dc0       0x88 ./yes/parameter_ci.o
                0x00003dc0                setPowerSubG
 .text.getRetxCount802154
                0x00003e48       0x18 ./yes/parameter_ci.o
                0x00003e48                getRetxCount802154
 .text.setRetxCount802154
                0x00003e60       0x28 ./yes/parameter_ci.o
                0x00003e60                setRetxCount802154
 .text.getRetxCountSubG
                0x00003e88       0x18 ./yes/parameter_ci.o
                0x00003e88                getRetxCountSubG
 .text.setRetxCountSubG
                0x00003ea0       0x28 ./yes/parameter_ci.o
                0x00003ea0                setRetxCountSubG
 .text.lightOff
                0x00003ec8       0x58 ./yes/parameter_ci.o
                0x00003ec8                lightOff
 .text.rgbTest  0x00003f20       0x2c ./yes/parameter_ci.o
                0x00003f20                rgbTest
 .text.RAILCb_RfReady2p4
                0x00003f4c        0xc ./yes/yes_radio.o
 .text.ReTxSubG_TimerExpired
                0x00003f58       0x98 ./yes/yes_radio.o
                0x00003f58                ReTxSubG_TimerExpired
 .text.ReTx_TimerExpired
                0x00003ff0       0x6c ./yes/yes_radio.o
                0x00003ff0                ReTx_TimerExpired
 .text.RAILCb_Generic2p4
                0x0000405c       0x50 ./yes/yes_radio.o
                0x0000405c                RAILCb_Generic2p4
 .text.QueueInit
                0x000040ac       0x34 ./yes/yes_radio.o
                0x000040ac                QueueInit
 .text.SendMessageSubGiga
                0x000040e0      0x104 ./yes/yes_radio.o
                0x000040e0                SendMessageSubGiga
 .text.RgbTest_TimerExpired
                0x000041e4       0x48 ./yes/yes_radio.o
                0x000041e4                RgbTest_TimerExpired
 .text.SendMessageIEEE802154
                0x0000422c       0xcc ./yes/yes_radio.o
                0x0000422c                SendMessageIEEE802154
 .text.Tx2p4GPending
                0x000042f8       0x5c ./yes/yes_radio.o
                0x000042f8                Tx2p4GPending
 .text.yes_subGiga_message_allocate
                0x00004354        0x6 ./yes/yes_radio.o
                0x00004354                yes_subGiga_message_allocate
 *fill*         0x0000435a        0x2 
 .text.MakeSubGPacket
                0x0000435c       0x44 ./yes/yes_radio.o
                0x0000435c                MakeSubGPacket
 .text.initRadio802154
                0x000043a0       0xc8 ./yes/yes_radio.o
                0x000043a0                initRadio802154
 .text.changeNodeId
                0x00004468       0x14 ./yes/yes_radio.o
                0x00004468                changeNodeId
 .text.changeChannel
                0x0000447c       0x2c ./yes/yes_radio.o
                0x0000447c                changeChannel
 .text.changeChannelSubG
                0x000044a8       0x2c ./yes/yes_radio.o
                0x000044a8                changeChannelSubG
 .text.changePowerSubG
                0x000044d4       0x14 ./yes/yes_radio.o
                0x000044d4                changePowerSubG
 .text.changeRetxCount802154
                0x000044e8       0x14 ./yes/yes_radio.o
                0x000044e8                changeRetxCount802154
 .text.changeRetxCountSubG
                0x000044fc       0x14 ./yes/yes_radio.o
                0x000044fc                changeRetxCountSubG
 .text.setRgbTest
                0x00004510       0x24 ./yes/yes_radio.o
                0x00004510                setRgbTest
 .text.setMultiTimer
                0x00004534        0x4 C:/SiliconLabs/SimplicityStudio/v4/developer/sdks/gecko_sdk_suite/v2.3//platform/radio/rail_lib/autogen/librail_release/librail_efr32xg1_gcc_release.a(rail_singleprotocol.o)
 .text.cancelMultiTimer
                0x00004538        0x4 C:/SiliconLabs/SimplicityStudio/v4/developer/sdks/gecko_sdk_suite/v2.3//platform/radio/rail_lib/autogen/librail_release/librail_efr32xg1_gcc_release.a(rail_singleprotocol.o)
 .text.isMultiTimerExpired
                0x0000453c        0x4 C:/SiliconLabs/SimplicityStudio/v4/developer/sdks/gecko_sdk_suite/v2.3//platform/radio/rail_lib/autogen/librail_release/librail_efr32xg1_gcc_release.a(rail_singleprotocol.o)
 .text.getMultiTimer
                0x00004540        0x4 C:/SiliconLabs/SimplicityStudio/v4/developer/sdks/gecko_sdk_suite/v2.3//platform/radio/rail_lib/autogen/librail_release/librail_efr32xg1_gcc_release.a(rail_singleprotocol.o)
 .text.getActiveTimerCb
                0x00004544       0x18 C:/SiliconLabs/SimplicityStudio/v4/developer/sdks/gecko_sdk_suite/v2.3//platform/radio/rail_lib/autogen/librail_release/librail_efr32xg1_gcc_release.a(rail_singleprotocol.o)
 .text.isMultiTimerRunning
                0x0000455c        0x4 C:/SiliconLabs/SimplicityStudio/v4/developer/sdks/gecko_sdk_suite/v2.3//platform/radio/rail_lib/autogen/librail_release/librail_efr32xg1_gcc_release.a(rail_singleprotocol.o)
 .text.RAIL_Init
                0x00004560       0x20 C:/SiliconLabs/SimplicityStudio/v4/developer/sdks/gecko_sdk_suite/v2.3//platform/radio/rail_lib/autogen/librail_release/librail_efr32xg1_gcc_release.a(rail_singleprotocol.o)
                0x00004560                RAIL_Init
 .text.RAIL_SetTimer
                0x00004580       0x1c C:/SiliconLabs/SimplicityStudio/v4/developer/sdks/gecko_sdk_suite/v2.3//platform/radio/rail_lib/autogen/librail_release/librail_efr32xg1_gcc_release.a(rail_singleprotocol.o)
                0x00004580                RAIL_SetTimer
 .text.RAIL_CancelTimer
                0x0000459c        0xe C:/SiliconLabs/SimplicityStudio/v4/developer/sdks/gecko_sdk_suite/v2.3//platform/radio/rail_lib/autogen/librail_release/librail_efr32xg1_gcc_release.a(rail_singleprotocol.o)
                0x0000459c                RAIL_CancelTimer
 .text.RAIL_StartCcaCsmaTx
                0x000045aa        0x6 C:/SiliconLabs/SimplicityStudio/v4/developer/sdks/gecko_sdk_suite/v2.3//platform/radio/rail_lib/autogen/librail_release/librail_efr32xg1_gcc_release.a(rail_singleprotocol.o)
                0x000045aa                RAIL_StartCcaCsmaTx
 .text.RAIL_StartRx
                0x000045b0        0x6 C:/SiliconLabs/SimplicityStudio/v4/developer/sdks/gecko_sdk_suite/v2.3//platform/radio/rail_lib/autogen/librail_release/librail_efr32xg1_gcc_release.a(rail_singleprotocol.o)
                0x000045b0                RAIL_StartRx
 .text.radioConfigChangedDefault
                0x000045b6        0x2 C:/SiliconLabs/SimplicityStudio/v4/developer/sdks/gecko_sdk_suite/v2.3//platform/radio/rail_lib/autogen/librail_release/librail_efr32xg1_gcc_release.a(rail_rf.o)
 .text.isTransitionState
                0x000045b8       0x12 C:/SiliconLabs/SimplicityStudio/v4/developer/sdks/gecko_sdk_suite/v2.3//platform/radio/rail_lib/autogen/librail_release/librail_efr32xg1_gcc_release.a(rail_rf.o)
 .text.RAILCore_Init
                0x000045ca       0x12 C:/SiliconLabs/SimplicityStudio/v4/developer/sdks/gecko_sdk_suite/v2.3//platform/radio/rail_lib/autogen/librail_release/librail_efr32xg1_gcc_release.a(rail_rf.o)
                0x000045ca                RAILCore_Init
 .text.RAILInt_SetCallbackConfig
                0x000045dc       0x20 C:/SiliconLabs/SimplicityStudio/v4/developer/sdks/gecko_sdk_suite/v2.3//platform/radio/rail_lib/autogen/librail_release/librail_efr32xg1_gcc_release.a(rail_rf.o)
                0x000045dc                RAILInt_SetCallbackConfig
 .text.RAILCore_Idle
                0x000045fc       0x14 C:/SiliconLabs/SimplicityStudio/v4/developer/sdks/gecko_sdk_suite/v2.3//platform/radio/rail_lib/autogen/librail_release/librail_efr32xg1_gcc_release.a(rail_rf.o)
                0x000045fc                RAILCore_Idle
 .text.RAIL_IsValidChannel
                0x00004610       0x2c C:/SiliconLabs/SimplicityStudio/v4/developer/sdks/gecko_sdk_suite/v2.3//platform/radio/rail_lib/autogen/librail_release/librail_efr32xg1_gcc_release.a(rail_rf.o)
                0x00004610                RAIL_IsValidChannel
 .text.RAILInt_IsPowerInRange
                0x0000463c       0x3c C:/SiliconLabs/SimplicityStudio/v4/developer/sdks/gecko_sdk_suite/v2.3//platform/radio/rail_lib/autogen/librail_release/librail_efr32xg1_gcc_release.a(rail_rf.o)
                0x0000463c                RAILInt_IsPowerInRange
 .text.RAILInt_SetChannel
                0x00004678      0x1c0 C:/SiliconLabs/SimplicityStudio/v4/developer/sdks/gecko_sdk_suite/v2.3//platform/radio/rail_lib/autogen/librail_release/librail_efr32xg1_gcc_release.a(rail_rf.o)
                0x00004678                RAILInt_SetChannel
 .text.RAILCore_ConfigChannels
                0x00004838       0x60 C:/SiliconLabs/SimplicityStudio/v4/developer/sdks/gecko_sdk_suite/v2.3//platform/radio/rail_lib/autogen/librail_release/librail_efr32xg1_gcc_release.a(rail_rf.o)
                0x00004838                RAILCore_ConfigChannels
 .text.RAILInt_GetChannel
                0x00004898        0x4 C:/SiliconLabs/SimplicityStudio/v4/developer/sdks/gecko_sdk_suite/v2.3//platform/radio/rail_lib/autogen/librail_release/librail_efr32xg1_gcc_release.a(rail_rf.o)
                0x00004898                RAILInt_GetChannel
 .text.RAIL_GetDebugMode
                0x0000489c        0x4 C:/SiliconLabs/SimplicityStudio/v4/developer/sdks/gecko_sdk_suite/v2.3//platform/radio/rail_lib/autogen/librail_release/librail_efr32xg1_gcc_release.a(rail_rf.o)
                0x0000489c                RAIL_GetDebugMode
 .text.RAILCore_SetTxTransitions
                0x000048a0       0x3c C:/SiliconLabs/SimplicityStudio/v4/developer/sdks/gecko_sdk_suite/v2.3//platform/radio/rail_lib/autogen/librail_release/librail_efr32xg1_gcc_release.a(rail_rf.o)
                0x000048a0                RAILCore_SetTxTransitions
 .text.RAILCore_SetRxTransitions
                0x000048dc       0x38 C:/SiliconLabs/SimplicityStudio/v4/developer/sdks/gecko_sdk_suite/v2.3//platform/radio/rail_lib/autogen/librail_release/librail_efr32xg1_gcc_release.a(rail_rf.o)
                0x000048dc                RAILCore_SetRxTransitions
 .text.RAIL_ConfigEvents
                0x00004914        0x6 C:/SiliconLabs/SimplicityStudio/v4/developer/sdks/gecko_sdk_suite/v2.3//platform/radio/rail_lib/autogen/librail_release/librail_efr32xg1_gcc_release.a(rail_rf.o)
                0x00004914                RAIL_ConfigEvents
 .text.RAILCore_StartRx
                0x0000491a       0x1a C:/SiliconLabs/SimplicityStudio/v4/developer/sdks/gecko_sdk_suite/v2.3//platform/radio/rail_lib/autogen/librail_release/librail_efr32xg1_gcc_release.a(rail_rx.o)
                0x0000491a                RAILCore_StartRx
 .text.RAIL_SetTxPower
                0x00004934        0x6 C:/SiliconLabs/SimplicityStudio/v4/developer/sdks/gecko_sdk_suite/v2.3//platform/radio/rail_lib/autogen/librail_release/librail_efr32xg1_gcc_release.a(rail_tx.o)
                0x00004934                RAIL_SetTxPower
 .text.RAIL_GetTxPower
                0x0000493a        0x6 C:/SiliconLabs/SimplicityStudio/v4/developer/sdks/gecko_sdk_suite/v2.3//platform/radio/rail_lib/autogen/librail_release/librail_efr32xg1_gcc_release.a(rail_tx.o)
                0x0000493a                RAIL_GetTxPower
 .text.RAIL_ConfigTxPower
                0x00004940       0x1c C:/SiliconLabs/SimplicityStudio/v4/developer/sdks/gecko_sdk_suite/v2.3//platform/radio/rail_lib/autogen/librail_release/librail_efr32xg1_gcc_release.a(rail_tx.o)
                0x00004940                RAIL_ConfigTxPower
 .text.RAIL_GetTxPowerConfig
                0x0000495c        0x6 C:/SiliconLabs/SimplicityStudio/v4/developer/sdks/gecko_sdk_suite/v2.3//platform/radio/rail_lib/autogen/librail_release/librail_efr32xg1_gcc_release.a(rail_tx.o)
                0x0000495c                RAIL_GetTxPowerConfig
 .text.RAIL_SetTxPowerDbm
                0x00004962       0x28 C:/SiliconLabs/SimplicityStudio/v4/developer/sdks/gecko_sdk_suite/v2.3//platform/radio/rail_lib/autogen/librail_release/librail_efr32xg1_gcc_release.a(rail_tx.o)
                0x00004962                RAIL_SetTxPowerDbm
 .text.RAIL_GetTxPowerDbm
                0x0000498a       0x24 C:/SiliconLabs/SimplicityStudio/v4/developer/sdks/gecko_sdk_suite/v2.3//platform/radio/rail_lib/autogen/librail_release/librail_efr32xg1_gcc_release.a(rail_tx.o)
                0x0000498a                RAIL_GetTxPowerDbm
 .text.RAILInt_EnableCal
                0x000049ae       0x18 C:/SiliconLabs/SimplicityStudio/v4/developer/sdks/gecko_sdk_suite/v2.3//platform/radio/rail_lib/autogen/librail_release/librail_efr32xg1_gcc_release.a(rail_calibration.o)
                0x000049ae                RAILInt_EnableCal
 .text.RAILInt_PendCal
                0x000049c6       0x24 C:/SiliconLabs/SimplicityStudio/v4/developer/sdks/gecko_sdk_suite/v2.3//platform/radio/rail_lib/autogen/librail_release/librail_efr32xg1_gcc_release.a(rail_calibration.o)
                0x000049c6                RAILInt_PendCal
 .text.RAIL_ConfigCal
                0x000049ea       0x10 C:/SiliconLabs/SimplicityStudio/v4/developer/sdks/gecko_sdk_suite/v2.3//platform/radio/rail_lib/autogen/librail_release/librail_efr32xg1_gcc_release.a(rail_calibration.o)
                0x000049ea                RAIL_ConfigCal
 .text.RAIL_ConfigData
                0x000049fa        0x6 C:/SiliconLabs/SimplicityStudio/v4/developer/sdks/gecko_sdk_suite/v2.3//platform/radio/rail_lib/autogen/librail_release/librail_efr32xg1_gcc_release.a(rail_data.o)
                0x000049fa                RAIL_ConfigData
 .text.RAIL_SetTxFifo
                0x00004a00        0x6 C:/SiliconLabs/SimplicityStudio/v4/developer/sdks/gecko_sdk_suite/v2.3//platform/radio/rail_lib/autogen/librail_release/librail_efr32xg1_gcc_release.a(rail_data.o)
                0x00004a00                RAIL_SetTxFifo
 .text.RAIL_SetRxFifo
                0x00004a06        0x6 C:/SiliconLabs/SimplicityStudio/v4/developer/sdks/gecko_sdk_suite/v2.3//platform/radio/rail_lib/autogen/librail_release/librail_efr32xg1_gcc_release.a(rail_data.o)
                0x00004a06                RAIL_SetRxFifo
 .text.RAILCb_SetupRxFifo
                0x00004a0c       0x30 C:/SiliconLabs/SimplicityStudio/v4/developer/sdks/gecko_sdk_suite/v2.3//platform/radio/rail_lib/autogen/librail_release/librail_efr32xg1_gcc_release.a(rail_data.o)
                0x00004a0c                RAILCb_SetupRxFifo
 .text.RAILCb_AssertFailed
                0x00004a3c       0x14 C:/SiliconLabs/SimplicityStudio/v4/developer/sdks/gecko_sdk_suite/v2.3//platform/radio/rail_lib/autogen/librail_release/librail_efr32xg1_gcc_release.a(rail_assert.o)
                0x00004a3c                RAILCb_AssertFailed
 .text.RAILInt_Assert
                0x00004a50       0x1c C:/SiliconLabs/SimplicityStudio/v4/developer/sdks/gecko_sdk_suite/v2.3//platform/radio/rail_lib/autogen/librail_release/librail_efr32xg1_gcc_release.a(rail_assert.o)
                0x00004a50                RAILInt_Assert
 .text.RAIL_ConfigPti
                0x00004a6c        0x6 C:/SiliconLabs/SimplicityStudio/v4/developer/sdks/gecko_sdk_suite/v2.3//platform/radio/rail_lib/autogen/librail_release/librail_efr32xg1_gcc_release.a(rail_pti.o)
                0x00004a6c                RAIL_ConfigPti
 .text.RAILCore_IEEE802154_SetAddresses
                0x00004a72       0x66 C:/SiliconLabs/SimplicityStudio/v4/developer/sdks/gecko_sdk_suite/v2.3//platform/radio/rail_lib/autogen/librail_release/librail_efr32xg1_gcc_release.a(rail_ieee802154.o)
 .text.RAIL_IEEE802154_Init
                0x00004ad8       0x64 C:/SiliconLabs/SimplicityStudio/v4/developer/sdks/gecko_sdk_suite/v2.3//platform/radio/rail_lib/autogen/librail_release/librail_efr32xg1_gcc_release.a(rail_ieee802154.o)
                0x00004ad8                RAIL_IEEE802154_Init
 .text.RAIL_IEEE802154_Config2p4GHzRadio
                0x00004b3c        0x6 C:/SiliconLabs/SimplicityStudio/v4/developer/sdks/gecko_sdk_suite/v2.3//platform/radio/rail_lib/autogen/librail_release/librail_efr32xg1_gcc_release.a(rail_ieee802154.o)
                0x00004b3c                RAIL_IEEE802154_Config2p4GHzRadio
 .text.eventDefault
                0x00004b42        0x2 C:/SiliconLabs/SimplicityStudio/v4/developer/sdks/gecko_sdk_suite/v2.3//platform/radio/rail_lib/autogen/librail_release/librail_efr32xg1_gcc_release.a(rail_rf_hal.o)
 .text.setRssiPeriod
                0x00004b44       0x18 C:/SiliconLabs/SimplicityStudio/v4/developer/sdks/gecko_sdk_suite/v2.3//platform/radio/rail_lib/autogen/librail_release/librail_efr32xg1_gcc_release.a(rail_rf_hal.o)
 .text.RFHAL_NotifyUserOfIrCal
                0x00004b5c       0x78 C:/SiliconLabs/SimplicityStudio/v4/developer/sdks/gecko_sdk_suite/v2.3//platform/radio/rail_lib/autogen/librail_release/librail_efr32xg1_gcc_release.a(rail_rf_hal.o)
 *fill*         0x00004bd4        0x4 
 .text.GENERIC_PHY_EventCallback
                0x00004bd8      0x19c C:/SiliconLabs/SimplicityStudio/v4/developer/sdks/gecko_sdk_suite/v2.3//platform/radio/rail_lib/autogen/librail_release/librail_efr32xg1_gcc_release.a(rail_rf_hal.o)
                0x00004bd8                GENERIC_PHY_EventCallback
 .text.RFHAL_IntEnable
                0x00004d74       0x58 C:/SiliconLabs/SimplicityStudio/v4/developer/sdks/gecko_sdk_suite/v2.3//platform/radio/rail_lib/autogen/librail_release/librail_efr32xg1_gcc_release.a(rail_rf_hal.o)
                0x00004d74                RFHAL_IntEnable
 .text.RFHAL_SetEventCallback
                0x00004dcc       0x18 C:/SiliconLabs/SimplicityStudio/v4/developer/sdks/gecko_sdk_suite/v2.3//platform/radio/rail_lib/autogen/librail_release/librail_efr32xg1_gcc_release.a(rail_rf_hal.o)
                0x00004dcc                RFHAL_SetEventCallback
 .text.RFHAL_SetPtiRadioConfig
                0x00004de4        0xc C:/SiliconLabs/SimplicityStudio/v4/developer/sdks/gecko_sdk_suite/v2.3//platform/radio/rail_lib/autogen/librail_release/librail_efr32xg1_gcc_release.a(rail_rf_hal.o)
                0x00004de4                RFHAL_SetPtiRadioConfig
 .text.RFHAL_Idle
                0x00004df0       0x40 C:/SiliconLabs/SimplicityStudio/v4/developer/sdks/gecko_sdk_suite/v2.3//platform/radio/rail_lib/autogen/librail_release/librail_efr32xg1_gcc_release.a(rail_rf_hal.o)
                0x00004df0                RFHAL_Idle
 .text.RFHAL_GetRadioState
                0x00004e30       0x48 C:/SiliconLabs/SimplicityStudio/v4/developer/sdks/gecko_sdk_suite/v2.3//platform/radio/rail_lib/autogen/librail_release/librail_efr32xg1_gcc_release.a(rail_rf_hal.o)
                0x00004e30                RFHAL_GetRadioState
 .text.RFHAL_OkToTransmit
                0x00004e78       0x18 C:/SiliconLabs/SimplicityStudio/v4/developer/sdks/gecko_sdk_suite/v2.3//platform/radio/rail_lib/autogen/librail_release/librail_efr32xg1_gcc_release.a(rail_rf_hal.o)
                0x00004e78                RFHAL_OkToTransmit
 .text.RFHAL_StartRx
                0x00004e90        0xc C:/SiliconLabs/SimplicityStudio/v4/developer/sdks/gecko_sdk_suite/v2.3//platform/radio/rail_lib/autogen/librail_release/librail_efr32xg1_gcc_release.a(rail_rf_hal.o)
                0x00004e90                RFHAL_StartRx
 .text.RFHAL_EnableRxRawCapture
                0x00004e9c       0x58 C:/SiliconLabs/SimplicityStudio/v4/developer/sdks/gecko_sdk_suite/v2.3//platform/radio/rail_lib/autogen/librail_release/librail_efr32xg1_gcc_release.a(rail_rf_hal.o)
                0x00004e9c                RFHAL_EnableRxRawCapture
 .text.RFHAL_DisableRxRawCapture
                0x00004ef4       0x50 C:/SiliconLabs/SimplicityStudio/v4/developer/sdks/gecko_sdk_suite/v2.3//platform/radio/rail_lib/autogen/librail_release/librail_efr32xg1_gcc_release.a(rail_rf_hal.o)
                0x00004ef4                RFHAL_DisableRxRawCapture
 .text.RFHAL_AcceptCrcErrors
                0x00004f44       0x18 C:/SiliconLabs/SimplicityStudio/v4/developer/sdks/gecko_sdk_suite/v2.3//platform/radio/rail_lib/autogen/librail_release/librail_efr32xg1_gcc_release.a(rail_rf_hal.o)
                0x00004f44                RFHAL_AcceptCrcErrors
 .text.RFHAL_ConfigRxOptions
                0x00004f5c       0xe0 C:/SiliconLabs/SimplicityStudio/v4/developer/sdks/gecko_sdk_suite/v2.3//platform/radio/rail_lib/autogen/librail_release/librail_efr32xg1_gcc_release.a(rail_rf_hal.o)
                0x00004f5c                RFHAL_ConfigRxOptions
 .text.RFHAL_GetTimer
                0x0000503c        0x6 C:/SiliconLabs/SimplicityStudio/v4/developer/sdks/gecko_sdk_suite/v2.3//platform/radio/rail_lib/autogen/librail_release/librail_efr32xg1_gcc_release.a(rail_rf_hal.o)
                0x0000503c                RFHAL_GetTimer
 *fill*         0x00005042        0x2 
 .text.RFHAL_CancelTimer
                0x00005044       0x28 C:/SiliconLabs/SimplicityStudio/v4/developer/sdks/gecko_sdk_suite/v2.3//platform/radio/rail_lib/autogen/librail_release/librail_efr32xg1_gcc_release.a(rail_rf_hal.o)
                0x00005044                RFHAL_CancelTimer
 .text.RFHAL_SetTimer
                0x0000506c       0x7c C:/SiliconLabs/SimplicityStudio/v4/developer/sdks/gecko_sdk_suite/v2.3//platform/radio/rail_lib/autogen/librail_release/librail_efr32xg1_gcc_release.a(rail_rf_hal.o)
                0x0000506c                RFHAL_SetTimer
 .text.RFHAL_IsTimerExpired
                0x000050e8       0x1c C:/SiliconLabs/SimplicityStudio/v4/developer/sdks/gecko_sdk_suite/v2.3//platform/radio/rail_lib/autogen/librail_release/librail_efr32xg1_gcc_release.a(rail_rf_hal.o)
                0x000050e8                RFHAL_IsTimerExpired
 .text.RFHAL_IsTimerRunning
                0x00005104        0x6 C:/SiliconLabs/SimplicityStudio/v4/developer/sdks/gecko_sdk_suite/v2.3//platform/radio/rail_lib/autogen/librail_release/librail_efr32xg1_gcc_release.a(rail_rf_hal.o)
                0x00005104                RFHAL_IsTimerRunning
 .text.RFHAL_GetBitRate
                0x0000510a       0x22 C:/SiliconLabs/SimplicityStudio/v4/developer/sdks/gecko_sdk_suite/v2.3//platform/radio/rail_lib/autogen/librail_release/librail_efr32xg1_gcc_release.a(rail_rf_hal.o)
                0x0000510a                RFHAL_GetBitRate
 .text.RFHAL_SetTxTransitions
                0x0000512c       0x20 C:/SiliconLabs/SimplicityStudio/v4/developer/sdks/gecko_sdk_suite/v2.3//platform/radio/rail_lib/autogen/librail_release/librail_efr32xg1_gcc_release.a(rail_rf_hal.o)
                0x0000512c                RFHAL_SetTxTransitions
 .text.RFHAL_SetRxTransitions
                0x0000514c       0x1c C:/SiliconLabs/SimplicityStudio/v4/developer/sdks/gecko_sdk_suite/v2.3//platform/radio/rail_lib/autogen/librail_release/librail_efr32xg1_gcc_release.a(rail_rf_hal.o)
                0x0000514c                RFHAL_SetRxTransitions
 .text.RFHAL_ConfigTxPower
                0x00005168        0xc C:/SiliconLabs/SimplicityStudio/v4/developer/sdks/gecko_sdk_suite/v2.3//platform/radio/rail_lib/autogen/librail_release/librail_efr32xg1_gcc_release.a(rail_rf_hal.o)
                0x00005168                RFHAL_ConfigTxPower
 .text.RFHAL_SetTxPowerUnchecked
                0x00005174       0x18 C:/SiliconLabs/SimplicityStudio/v4/developer/sdks/gecko_sdk_suite/v2.3//platform/radio/rail_lib/autogen/librail_release/librail_efr32xg1_gcc_release.a(rail_rf_hal.o)
                0x00005174                RFHAL_SetTxPowerUnchecked
 .text.RFHAL_SetTxPower
                0x0000518c       0x40 C:/SiliconLabs/SimplicityStudio/v4/developer/sdks/gecko_sdk_suite/v2.3//platform/radio/rail_lib/autogen/librail_release/librail_efr32xg1_gcc_release.a(rail_rf_hal.o)
                0x0000518c                RFHAL_SetTxPower
 .text.RFHAL_GetTxPowerConfig
                0x000051cc        0xc C:/SiliconLabs/SimplicityStudio/v4/developer/sdks/gecko_sdk_suite/v2.3//platform/radio/rail_lib/autogen/librail_release/librail_efr32xg1_gcc_release.a(rail_rf_hal.o)
                0x000051cc                RFHAL_GetTxPowerConfig
 .text.RFHAL_GetTxPower
                0x000051d8        0x4 C:/SiliconLabs/SimplicityStudio/v4/developer/sdks/gecko_sdk_suite/v2.3//platform/radio/rail_lib/autogen/librail_release/librail_efr32xg1_gcc_release.a(rail_rf_hal.o)
                0x000051d8                RFHAL_GetTxPower
 .text.RFHAL_SetChannel
                0x000051dc       0xc4 C:/SiliconLabs/SimplicityStudio/v4/developer/sdks/gecko_sdk_suite/v2.3//platform/radio/rail_lib/autogen/librail_release/librail_efr32xg1_gcc_release.a(rail_rf_hal.o)
                0x000051dc                RFHAL_SetChannel
 .text.RFHAL_EnableAutoAck
                0x000052a0       0x12 C:/SiliconLabs/SimplicityStudio/v4/developer/sdks/gecko_sdk_suite/v2.3//platform/radio/rail_lib/autogen/librail_release/librail_efr32xg1_gcc_release.a(rail_rf_hal.o)
                0x000052a0                RFHAL_EnableAutoAck
 .text.RFHAL_IsAutoAckEnabled
                0x000052b2        0x6 C:/SiliconLabs/SimplicityStudio/v4/developer/sdks/gecko_sdk_suite/v2.3//platform/radio/rail_lib/autogen/librail_release/librail_efr32xg1_gcc_release.a(rail_rf_hal.o)
                0x000052b2                RFHAL_IsAutoAckEnabled
 .text.RFHAL_SetAutoAckTimeout
                0x000052b8       0x18 C:/SiliconLabs/SimplicityStudio/v4/developer/sdks/gecko_sdk_suite/v2.3//platform/radio/rail_lib/autogen/librail_release/librail_efr32xg1_gcc_release.a(rail_rf_hal.o)
                0x000052b8                RFHAL_SetAutoAckTimeout
 .text.RFHAL_WriteAutoAckFifo
                0x000052d0       0x58 C:/SiliconLabs/SimplicityStudio/v4/developer/sdks/gecko_sdk_suite/v2.3//platform/radio/rail_lib/autogen/librail_release/librail_efr32xg1_gcc_release.a(rail_rf_hal.o)
                0x000052d0                RFHAL_WriteAutoAckFifo
 .text.RFHAL_PauseRxAutoAck
                0x00005328        0x8 C:/SiliconLabs/SimplicityStudio/v4/developer/sdks/gecko_sdk_suite/v2.3//platform/radio/rail_lib/autogen/librail_release/librail_efr32xg1_gcc_release.a(rail_rf_hal.o)
                0x00005328                RFHAL_PauseRxAutoAck
 .text.RFHAL_PauseTxAutoAck
                0x00005330        0xa C:/SiliconLabs/SimplicityStudio/v4/developer/sdks/gecko_sdk_suite/v2.3//platform/radio/rail_lib/autogen/librail_release/librail_efr32xg1_gcc_release.a(rail_rf_hal.o)
                0x00005330                RFHAL_PauseTxAutoAck
 *fill*         0x0000533a        0x2 
 .text.RFHAL_AutoAckWaitForAck
                0x0000533c       0x18 C:/SiliconLabs/SimplicityStudio/v4/developer/sdks/gecko_sdk_suite/v2.3//platform/radio/rail_lib/autogen/librail_release/librail_efr32xg1_gcc_release.a(rail_rf_hal.o)
                0x0000533c                RFHAL_AutoAckWaitForAck
 .text.preTxOps
                0x00005354       0xd0 C:/SiliconLabs/SimplicityStudio/v4/developer/sdks/gecko_sdk_suite/v2.3//platform/radio/rail_lib/autogen/librail_release/librail_efr32xg1_gcc_release.a(rail_rf_hal.o)
 .text.RFHAL_StartCcaCsmaTx
                0x00005424      0x194 C:/SiliconLabs/SimplicityStudio/v4/developer/sdks/gecko_sdk_suite/v2.3//platform/radio/rail_lib/autogen/librail_release/librail_efr32xg1_gcc_release.a(rail_rf_hal.o)
                0x00005424                RFHAL_StartCcaCsmaTx
 .text.RFHAL_SetTxBuffer
                0x000055b8       0x34 C:/SiliconLabs/SimplicityStudio/v4/developer/sdks/gecko_sdk_suite/v2.3//platform/radio/rail_lib/autogen/librail_release/librail_efr32xg1_gcc_release.a(rail_rf_hal.o)
                0x000055b8                RFHAL_SetTxBuffer
 .text.RFHAL_SetRxBuffer
                0x000055ec       0x2c C:/SiliconLabs/SimplicityStudio/v4/developer/sdks/gecko_sdk_suite/v2.3//platform/radio/rail_lib/autogen/librail_release/librail_efr32xg1_gcc_release.a(rail_rf_hal.o)
                0x000055ec                RFHAL_SetRxBuffer
 .text.RFHAL_ResetTxFifo
                0x00005618       0x2c C:/SiliconLabs/SimplicityStudio/v4/developer/sdks/gecko_sdk_suite/v2.3//platform/radio/rail_lib/autogen/librail_release/librail_efr32xg1_gcc_release.a(rail_rf_hal.o)
                0x00005618                RFHAL_ResetTxFifo
 .text.RFHAL_ResetRxFifo
                0x00005644       0x40 C:/SiliconLabs/SimplicityStudio/v4/developer/sdks/gecko_sdk_suite/v2.3//platform/radio/rail_lib/autogen/librail_release/librail_efr32xg1_gcc_release.a(rail_rf_hal.o)
                0x00005644                RFHAL_ResetRxFifo
 .text.RFHAL_ConfigData
                0x00005684       0x7c C:/SiliconLabs/SimplicityStudio/v4/developer/sdks/gecko_sdk_suite/v2.3//platform/radio/rail_lib/autogen/librail_release/librail_efr32xg1_gcc_release.a(rail_rf_hal.o)
                0x00005684                RFHAL_ConfigData
 .text.RFHAL_ConfigRadio
                0x00005700       0xbc C:/SiliconLabs/SimplicityStudio/v4/developer/sdks/gecko_sdk_suite/v2.3//platform/radio/rail_lib/autogen/librail_release/librail_efr32xg1_gcc_release.a(rail_rf_hal.o)
                0x00005700                RFHAL_ConfigRadio
 .text.RFHAL_ResetAddressFilter
                0x000057bc       0x10 C:/SiliconLabs/SimplicityStudio/v4/developer/sdks/gecko_sdk_suite/v2.3//platform/radio/rail_lib/autogen/librail_release/librail_efr32xg1_gcc_release.a(rail_rf_hal.o)
                0x000057bc                RFHAL_ResetAddressFilter
 .text.RFHAL_Init
                0x000057cc       0x98 C:/SiliconLabs/SimplicityStudio/v4/developer/sdks/gecko_sdk_suite/v2.3//platform/radio/rail_lib/autogen/librail_release/librail_efr32xg1_gcc_release.a(rail_rf_hal.o)
                0x000057cc                RFHAL_Init
 .text.RFHAL_ConfigAddressFilter
                0x00005864       0x3c C:/SiliconLabs/SimplicityStudio/v4/developer/sdks/gecko_sdk_suite/v2.3//platform/radio/rail_lib/autogen/librail_release/librail_efr32xg1_gcc_release.a(rail_rf_hal.o)
                0x00005864                RFHAL_ConfigAddressFilter
 .text.RFHAL_EnableAddressFilterAddress
                0x000058a0       0x34 C:/SiliconLabs/SimplicityStudio/v4/developer/sdks/gecko_sdk_suite/v2.3//platform/radio/rail_lib/autogen/librail_release/librail_efr32xg1_gcc_release.a(rail_rf_hal.o)
                0x000058a0                RFHAL_EnableAddressFilterAddress
 .text.RFHAL_SetStateTiming
                0x000058d4       0x56 C:/SiliconLabs/SimplicityStudio/v4/developer/sdks/gecko_sdk_suite/v2.3//platform/radio/rail_lib/autogen/librail_release/librail_efr32xg1_gcc_release.a(rail_rf_hal.o)
                0x000058d4                RFHAL_SetStateTiming
 .text.RFHAL_ConfigPti
                0x0000592a        0x4 C:/SiliconLabs/SimplicityStudio/v4/developer/sdks/gecko_sdk_suite/v2.3//platform/radio/rail_lib/autogen/librail_release/librail_efr32xg1_gcc_release.a(rail_rf_hal.o)
                0x0000592a                RFHAL_ConfigPti
 .text.RFHAL_IEEE802154IsEnabled
                0x0000592e        0x6 C:/SiliconLabs/SimplicityStudio/v4/developer/sdks/gecko_sdk_suite/v2.3//platform/radio/rail_lib/autogen/librail_release/librail_efr32xg1_gcc_release.a(rail_ieee802154_rf_hal.o)
                0x0000592e                RFHAL_IEEE802154IsEnabled
 .text.RFHAL_IEEE802154RadioConfig2p4GHz
                0x00005934       0x28 C:/SiliconLabs/SimplicityStudio/v4/developer/sdks/gecko_sdk_suite/v2.3//platform/radio/rail_lib/autogen/librail_release/librail_efr32xg1_gcc_release.a(rail_ieee802154_rf_hal.o)
                0x00005934                RFHAL_IEEE802154RadioConfig2p4GHz
 .text.RFHAL_IEEE802154SetPanId
                0x0000595c       0x28 C:/SiliconLabs/SimplicityStudio/v4/developer/sdks/gecko_sdk_suite/v2.3//platform/radio/rail_lib/autogen/librail_release/librail_efr32xg1_gcc_release.a(rail_ieee802154_rf_hal.o)
                0x0000595c                RFHAL_IEEE802154SetPanId
 .text.RFHAL_IEEE802154SetShortAddress
                0x00005984       0x2a C:/SiliconLabs/SimplicityStudio/v4/developer/sdks/gecko_sdk_suite/v2.3//platform/radio/rail_lib/autogen/librail_release/librail_efr32xg1_gcc_release.a(rail_ieee802154_rf_hal.o)
                0x00005984                RFHAL_IEEE802154SetShortAddress
 .text.RFHAL_IEEE802154SetLongAddress
                0x000059ae       0x1e C:/SiliconLabs/SimplicityStudio/v4/developer/sdks/gecko_sdk_suite/v2.3//platform/radio/rail_lib/autogen/librail_release/librail_efr32xg1_gcc_release.a(rail_ieee802154_rf_hal.o)
                0x000059ae                RFHAL_IEEE802154SetLongAddress
 .text.RFHAL_IEEE802154SetBroadcastAddresses
                0x000059cc       0x30 C:/SiliconLabs/SimplicityStudio/v4/developer/sdks/gecko_sdk_suite/v2.3//platform/radio/rail_lib/autogen/librail_release/librail_efr32xg1_gcc_release.a(rail_ieee802154_rf_hal.o)
                0x000059cc                RFHAL_IEEE802154SetBroadcastAddresses
 .text.RFHAL_IEEE802154SetFeatures
                0x000059fc       0x24 C:/SiliconLabs/SimplicityStudio/v4/developer/sdks/gecko_sdk_suite/v2.3//platform/radio/rail_lib/autogen/librail_release/librail_efr32xg1_gcc_release.a(rail_ieee802154_rf_hal.o)
                0x000059fc                RFHAL_IEEE802154SetFeatures
 .text.RFHAL_IEEE802154LoadAck
                0x00005a20       0x2e C:/SiliconLabs/SimplicityStudio/v4/developer/sdks/gecko_sdk_suite/v2.3//platform/radio/rail_lib/autogen/librail_release/librail_efr32xg1_gcc_release.a(rail_ieee802154_rf_hal.o)
                0x00005a20                RFHAL_IEEE802154LoadAck
 .text.RAILCore_ConfigAutoAck
                0x00005a4e       0x86 C:/SiliconLabs/SimplicityStudio/v4/developer/sdks/gecko_sdk_suite/v2.3//platform/radio/rail_lib/autogen/librail_release/librail_efr32xg1_gcc_release.a(rail_autoack.o)
                0x00005a4e                RAILCore_ConfigAutoAck
 .text.checkAndAddRxLenOverflowEntry.part.0
                0x00005ad4       0x2c C:/SiliconLabs/SimplicityStudio/v4/developer/sdks/gecko_sdk_suite/v2.3//platform/radio/rail_lib/autogen/librail_release/librail_efr32xg1_gcc_release.a(bufc.o)
 .text.BUFC_SetTxBuffer
                0x00005b00       0x38 C:/SiliconLabs/SimplicityStudio/v4/developer/sdks/gecko_sdk_suite/v2.3//platform/radio/rail_lib/autogen/librail_release/librail_efr32xg1_gcc_release.a(bufc.o)
                0x00005b00                BUFC_SetTxBuffer
 .text.BUFC_SetRxBuffer
                0x00005b38       0x1c C:/SiliconLabs/SimplicityStudio/v4/developer/sdks/gecko_sdk_suite/v2.3//platform/radio/rail_lib/autogen/librail_release/librail_efr32xg1_gcc_release.a(bufc.o)
                0x00005b38                BUFC_SetRxBuffer
 .text.BUFC_WriteBuffer
                0x00005b54       0xb0 C:/SiliconLabs/SimplicityStudio/v4/developer/sdks/gecko_sdk_suite/v2.3//platform/radio/rail_lib/autogen/librail_release/librail_efr32xg1_gcc_release.a(bufc.o)
                0x00005b54                BUFC_WriteBuffer
 .text.BUFC_PeekByte
                0x00005c04       0x46 C:/SiliconLabs/SimplicityStudio/v4/developer/sdks/gecko_sdk_suite/v2.3//platform/radio/rail_lib/autogen/librail_release/librail_efr32xg1_gcc_release.a(bufc.o)
                0x00005c04                BUFC_PeekByte
 .text.BUFC_GetBytesAvailable
                0x00005c4a       0x14 C:/SiliconLabs/SimplicityStudio/v4/developer/sdks/gecko_sdk_suite/v2.3//platform/radio/rail_lib/autogen/librail_release/librail_efr32xg1_gcc_release.a(bufc.o)
                0x00005c4a                BUFC_GetBytesAvailable
 *fill*         0x00005c5e        0x2 
 .text.BUFC_TxAckBufferSet
                0x00005c60       0x2c C:/SiliconLabs/SimplicityStudio/v4/developer/sdks/gecko_sdk_suite/v2.3//platform/radio/rail_lib/autogen/librail_release/librail_efr32xg1_gcc_release.a(bufc.o)
                0x00005c60                BUFC_TxAckBufferSet
 .text.BUFC_RxBufferReset
                0x00005c8c       0x5c C:/SiliconLabs/SimplicityStudio/v4/developer/sdks/gecko_sdk_suite/v2.3//platform/radio/rail_lib/autogen/librail_release/librail_efr32xg1_gcc_release.a(bufc.o)
                0x00005c8c                BUFC_RxBufferReset
 .text.BUFC_Init
                0x00005ce8       0x50 C:/SiliconLabs/SimplicityStudio/v4/developer/sdks/gecko_sdk_suite/v2.3//platform/radio/rail_lib/autogen/librail_release/librail_efr32xg1_gcc_release.a(bufc.o)
                0x00005ce8                BUFC_Init
 .text.BUFC_ReleaseRxPacket
                0x00005d38      0x118 C:/SiliconLabs/SimplicityStudio/v4/developer/sdks/gecko_sdk_suite/v2.3//platform/radio/rail_lib/autogen/librail_release/librail_efr32xg1_gcc_release.a(bufc.o)
                0x00005d38                BUFC_ReleaseRxPacket
 .text.BUFC_StartRxLenThrEvent
                0x00005e50       0x98 C:/SiliconLabs/SimplicityStudio/v4/developer/sdks/gecko_sdk_suite/v2.3//platform/radio/rail_lib/autogen/librail_release/librail_efr32xg1_gcc_release.a(bufc.o)
                0x00005e50                BUFC_StartRxLenThrEvent
 .text.BUFC_EndRxLenThrEvent
                0x00005ee8       0x1c C:/SiliconLabs/SimplicityStudio/v4/developer/sdks/gecko_sdk_suite/v2.3//platform/radio/rail_lib/autogen/librail_release/librail_efr32xg1_gcc_release.a(bufc.o)
                0x00005ee8                BUFC_EndRxLenThrEvent
 .text.BUFC_HandleRxLenOvfEvent
                0x00005f04       0x30 C:/SiliconLabs/SimplicityStudio/v4/developer/sdks/gecko_sdk_suite/v2.3//platform/radio/rail_lib/autogen/librail_release/librail_efr32xg1_gcc_release.a(bufc.o)
                0x00005f04                BUFC_HandleRxLenOvfEvent
 .text.IRCAL_Set
                0x00005f34       0x1c C:/SiliconLabs/SimplicityStudio/v4/developer/sdks/gecko_sdk_suite/v2.3//platform/radio/rail_lib/autogen/librail_release/librail_efr32xg1_gcc_release.a(ir_cal.o)
                0x00005f34                IRCAL_Set
 .text.getRampTimeFromLevelAndRate
                0x00005f50       0x20 C:/SiliconLabs/SimplicityStudio/v4/developer/sdks/gecko_sdk_suite/v2.3//platform/radio/rail_lib/autogen/librail_release/librail_efr32xg1_gcc_release.a(pa.o)
 .text.PA_ProtectPa
                0x00005f70       0xa0 C:/SiliconLabs/SimplicityStudio/v4/developer/sdks/gecko_sdk_suite/v2.3//platform/radio/rail_lib/autogen/librail_release/librail_efr32xg1_gcc_release.a(pa.o)
 .text.PA_GetTxPowerConfig
                0x00006010       0x14 C:/SiliconLabs/SimplicityStudio/v4/developer/sdks/gecko_sdk_suite/v2.3//platform/radio/rail_lib/autogen/librail_release/librail_efr32xg1_gcc_release.a(pa.o)
                0x00006010                PA_GetTxPowerConfig
 .text.PA_GetPowerLevel
                0x00006024        0xc C:/SiliconLabs/SimplicityStudio/v4/developer/sdks/gecko_sdk_suite/v2.3//platform/radio/rail_lib/autogen/librail_release/librail_efr32xg1_gcc_release.a(pa.o)
                0x00006024                PA_GetPowerLevel
 .text.PA_SetPowerLevel
                0x00006030      0x15c C:/SiliconLabs/SimplicityStudio/v4/developer/sdks/gecko_sdk_suite/v2.3//platform/radio/rail_lib/autogen/librail_release/librail_efr32xg1_gcc_release.a(pa.o)
                0x00006030                PA_SetPowerLevel
 .text.PA_RunPeakDetectorHigh
                0x0000618c       0x40 C:/SiliconLabs/SimplicityStudio/v4/developer/sdks/gecko_sdk_suite/v2.3//platform/radio/rail_lib/autogen/librail_release/librail_efr32xg1_gcc_release.a(pa.o)
                0x0000618c                PA_RunPeakDetectorHigh
 .text.PA_RunPeakDetectorLow
                0x000061cc        0x2 C:/SiliconLabs/SimplicityStudio/v4/developer/sdks/gecko_sdk_suite/v2.3//platform/radio/rail_lib/autogen/librail_release/librail_efr32xg1_gcc_release.a(pa.o)
                0x000061cc                PA_RunPeakDetectorLow
 *fill*         0x000061ce        0x2 
 .text.PA_RunBatHigh
                0x000061d0       0x2c C:/SiliconLabs/SimplicityStudio/v4/developer/sdks/gecko_sdk_suite/v2.3//platform/radio/rail_lib/autogen/librail_release/librail_efr32xg1_gcc_release.a(pa.o)
                0x000061d0                PA_RunBatHigh
 .text.PA_GetRampTime
                0x000061fc        0xc C:/SiliconLabs/SimplicityStudio/v4/developer/sdks/gecko_sdk_suite/v2.3//platform/radio/rail_lib/autogen/librail_release/librail_efr32xg1_gcc_release.a(pa.o)
                0x000061fc                PA_GetRampTime
 .text.PA_CalcRampTime
                0x00006208       0x38 C:/SiliconLabs/SimplicityStudio/v4/developer/sdks/gecko_sdk_suite/v2.3//platform/radio/rail_lib/autogen/librail_release/librail_efr32xg1_gcc_release.a(pa.o)
                0x00006208                PA_CalcRampTime
 .text.PA_SetRampTime
                0x00006240      0x100 C:/SiliconLabs/SimplicityStudio/v4/developer/sdks/gecko_sdk_suite/v2.3//platform/radio/rail_lib/autogen/librail_release/librail_efr32xg1_gcc_release.a(pa.o)
                0x00006240                PA_SetRampTime
 .text.PA_SetCTune
                0x00006340       0x24 C:/SiliconLabs/SimplicityStudio/v4/developer/sdks/gecko_sdk_suite/v2.3//platform/radio/rail_lib/autogen/librail_release/librail_efr32xg1_gcc_release.a(pa.o)
                0x00006340                PA_SetCTune
 .text.PA_SelectBand
                0x00006364       0x38 C:/SiliconLabs/SimplicityStudio/v4/developer/sdks/gecko_sdk_suite/v2.3//platform/radio/rail_lib/autogen/librail_release/librail_efr32xg1_gcc_release.a(pa.o)
                0x00006364                PA_SelectBand
 .text.PA_Config
                0x0000639c      0x140 C:/SiliconLabs/SimplicityStudio/v4/developer/sdks/gecko_sdk_suite/v2.3//platform/radio/rail_lib/autogen/librail_release/librail_efr32xg1_gcc_release.a(pa.o)
                0x0000639c                PA_Config
 .text.PA_UpdateConfig
                0x000064dc       0x38 C:/SiliconLabs/SimplicityStudio/v4/developer/sdks/gecko_sdk_suite/v2.3//platform/radio/rail_lib/autogen/librail_release/librail_efr32xg1_gcc_release.a(pa.o)
                0x000064dc                PA_UpdateConfig
 .text.PROTIMER_Init
                0x00006514       0xd4 C:/SiliconLabs/SimplicityStudio/v4/developer/sdks/gecko_sdk_suite/v2.3//platform/radio/rail_lib/autogen/librail_release/librail_efr32xg1_gcc_release.a(protimer.o)
                0x00006514                PROTIMER_Init
 .text.PROTIMER_Start
                0x000065e8       0x1c C:/SiliconLabs/SimplicityStudio/v4/developer/sdks/gecko_sdk_suite/v2.3//platform/radio/rail_lib/autogen/librail_release/librail_efr32xg1_gcc_release.a(protimer.o)
                0x000065e8                PROTIMER_Start
 .text.PROTIMER_CCTimerStop
                0x00006604       0x20 C:/SiliconLabs/SimplicityStudio/v4/developer/sdks/gecko_sdk_suite/v2.3//platform/radio/rail_lib/autogen/librail_release/librail_efr32xg1_gcc_release.a(protimer.o)
                0x00006604                PROTIMER_CCTimerStop
 .text.PROTIMER_CCTimerIsEnabled
                0x00006624       0x10 C:/SiliconLabs/SimplicityStudio/v4/developer/sdks/gecko_sdk_suite/v2.3//platform/radio/rail_lib/autogen/librail_release/librail_efr32xg1_gcc_release.a(protimer.o)
                0x00006624                PROTIMER_CCTimerIsEnabled
 .text.PROTIMER_CCTimerCapture
                0x00006634       0x14 C:/SiliconLabs/SimplicityStudio/v4/developer/sdks/gecko_sdk_suite/v2.3//platform/radio/rail_lib/autogen/librail_release/librail_efr32xg1_gcc_release.a(protimer.o)
                0x00006634                PROTIMER_CCTimerCapture
 .text.PROTIMER_ClearRxEnable
                0x00006648       0x10 C:/SiliconLabs/SimplicityStudio/v4/developer/sdks/gecko_sdk_suite/v2.3//platform/radio/rail_lib/autogen/librail_release/librail_efr32xg1_gcc_release.a(protimer.o)
                0x00006648                PROTIMER_ClearRxEnable
 .text.PROTIMER_LBTUseLastConfig
                0x00006658       0x24 C:/SiliconLabs/SimplicityStudio/v4/developer/sdks/gecko_sdk_suite/v2.3//platform/radio/rail_lib/autogen/librail_release/librail_efr32xg1_gcc_release.a(protimer.o)
                0x00006658                PROTIMER_LBTUseLastConfig
 .text.PROTIMER_LBTStart
                0x0000667c       0x18 C:/SiliconLabs/SimplicityStudio/v4/developer/sdks/gecko_sdk_suite/v2.3//platform/radio/rail_lib/autogen/librail_release/librail_efr32xg1_gcc_release.a(protimer.o)
                0x0000667c                PROTIMER_LBTStart
 .text.PROTIMER_LBTStop
                0x00006694       0x18 C:/SiliconLabs/SimplicityStudio/v4/developer/sdks/gecko_sdk_suite/v2.3//platform/radio/rail_lib/autogen/librail_release/librail_efr32xg1_gcc_release.a(protimer.o)
                0x00006694                PROTIMER_LBTStop
 .text.PROTIMER_PrecntOverflowToUs
                0x000066ac       0x24 C:/SiliconLabs/SimplicityStudio/v4/developer/sdks/gecko_sdk_suite/v2.3//platform/radio/rail_lib/autogen/librail_release/librail_efr32xg1_gcc_release.a(protimer.o)
                0x000066ac                PROTIMER_PrecntOverflowToUs
 .text.PROTIMER_GetUsTime
                0x000066d0        0xc C:/SiliconLabs/SimplicityStudio/v4/developer/sdks/gecko_sdk_suite/v2.3//platform/radio/rail_lib/autogen/librail_release/librail_efr32xg1_gcc_release.a(protimer.o)
                0x000066d0                PROTIMER_GetUsTime
 .text.PROTIMER_GetCCTimeUs
                0x000066dc       0x12 C:/SiliconLabs/SimplicityStudio/v4/developer/sdks/gecko_sdk_suite/v2.3//platform/radio/rail_lib/autogen/librail_release/librail_efr32xg1_gcc_release.a(protimer.o)
                0x000066dc                PROTIMER_GetCCTimeUs
 *fill*         0x000066ee        0x2 
 .text.PROTIMER_UsToPrecntOverflow
                0x000066f0       0x30 C:/SiliconLabs/SimplicityStudio/v4/developer/sdks/gecko_sdk_suite/v2.3//platform/radio/rail_lib/autogen/librail_release/librail_efr32xg1_gcc_release.a(protimer.o)
                0x000066f0                PROTIMER_UsToPrecntOverflow
 .text.PROTIMER_CCTimerStart
                0x00006720      0x128 C:/SiliconLabs/SimplicityStudio/v4/developer/sdks/gecko_sdk_suite/v2.3//platform/radio/rail_lib/autogen/librail_release/librail_efr32xg1_gcc_release.a(protimer.o)
                0x00006720                PROTIMER_CCTimerStart
 .text.PROTIMER_LBTCfgSet
                0x00006848       0x60 C:/SiliconLabs/SimplicityStudio/v4/developer/sdks/gecko_sdk_suite/v2.3//platform/radio/rail_lib/autogen/librail_release/librail_efr32xg1_gcc_release.a(protimer.o)
                0x00006848                PROTIMER_LBTCfgSet
 .text.PROTIMER_DelayUs
                0x000068a8       0x16 C:/SiliconLabs/SimplicityStudio/v4/developer/sdks/gecko_sdk_suite/v2.3//platform/radio/rail_lib/autogen/librail_release/librail_efr32xg1_gcc_release.a(protimer.o)
                0x000068a8                PROTIMER_DelayUs
 *fill*         0x000068be        0x2 
 .text.PROTIMER_CheckCcaReallyFailed
                0x000068c0       0xbc C:/SiliconLabs/SimplicityStudio/v4/developer/sdks/gecko_sdk_suite/v2.3//platform/radio/rail_lib/autogen/librail_release/librail_efr32xg1_gcc_release.a(protimer.o)
                0x000068c0                PROTIMER_CheckCcaReallyFailed
 .text.PTI_Config
                0x0000697c       0xc0 C:/SiliconLabs/SimplicityStudio/v4/developer/sdks/gecko_sdk_suite/v2.3//platform/radio/rail_lib/autogen/librail_release/librail_efr32xg1_gcc_release.a(pti.o)
                0x0000697c                PTI_Config
 .text.PTI_EnableAppendedInfo
                0x00006a3c       0x18 C:/SiliconLabs/SimplicityStudio/v4/developer/sdks/gecko_sdk_suite/v2.3//platform/radio/rail_lib/autogen/librail_release/librail_efr32xg1_gcc_release.a(pti.o)
                0x00006a3c                PTI_EnableAppendedInfo
 .text.PTI_Enable
                0x00006a54       0x50 C:/SiliconLabs/SimplicityStudio/v4/developer/sdks/gecko_sdk_suite/v2.3//platform/radio/rail_lib/autogen/librail_release/librail_efr32xg1_gcc_release.a(pti.o)
                0x00006a54                PTI_Enable
 .text.PTI_AuxdataOutput
                0x00006aa4       0x1c C:/SiliconLabs/SimplicityStudio/v4/developer/sdks/gecko_sdk_suite/v2.3//platform/radio/rail_lib/autogen/librail_release/librail_efr32xg1_gcc_release.a(pti.o)
                0x00006aa4                PTI_AuxdataOutput
 .text.RADIO_SetAndForgetWrite
                0x00006ac0       0x8c C:/SiliconLabs/SimplicityStudio/v4/developer/sdks/gecko_sdk_suite/v2.3//platform/radio/rail_lib/autogen/librail_release/librail_efr32xg1_gcc_release.a(radio.o)
                0x00006ac0                RADIO_SetAndForgetWrite
 .text.RADIO_Init
                0x00006b4c       0x54 C:/SiliconLabs/SimplicityStudio/v4/developer/sdks/gecko_sdk_suite/v2.3//platform/radio/rail_lib/autogen/librail_release/librail_efr32xg1_gcc_release.a(radio.o)
                0x00006b4c                RADIO_Init
 .text.RADIO_SeqInit
                0x00006ba0       0x64 C:/SiliconLabs/SimplicityStudio/v4/developer/sdks/gecko_sdk_suite/v2.3//platform/radio/rail_lib/autogen/librail_release/librail_efr32xg1_gcc_release.a(radio.o)
                0x00006ba0                RADIO_SeqInit
 .text.RADIO_ClockEnable
                0x00006c04       0x10 C:/SiliconLabs/SimplicityStudio/v4/developer/sdks/gecko_sdk_suite/v2.3//platform/radio/rail_lib/autogen/librail_release/librail_efr32xg1_gcc_release.a(radio.o)
                0x00006c04                RADIO_ClockEnable
 .text.RADIO_ClockPrescGet
                0x00006c14       0x10 C:/SiliconLabs/SimplicityStudio/v4/developer/sdks/gecko_sdk_suite/v2.3//platform/radio/rail_lib/autogen/librail_release/librail_efr32xg1_gcc_release.a(radio.o)
                0x00006c14                RADIO_ClockPrescGet
 .text.RADIO_ClockFreqGet
                0x00006c24       0x14 C:/SiliconLabs/SimplicityStudio/v4/developer/sdks/gecko_sdk_suite/v2.3//platform/radio/rail_lib/autogen/librail_release/librail_efr32xg1_gcc_release.a(radio.o)
                0x00006c24                RADIO_ClockFreqGet
 .text.RADIO_Config
                0x00006c38       0x9c C:/SiliconLabs/SimplicityStudio/v4/developer/sdks/gecko_sdk_suite/v2.3//platform/radio/rail_lib/autogen/librail_release/librail_efr32xg1_gcc_release.a(radio.o)
                0x00006c38                RADIO_Config
 .text.RADIO_IsRxOnForRssi
                0x00006cd4       0x18 C:/SiliconLabs/SimplicityStudio/v4/developer/sdks/gecko_sdk_suite/v2.3//platform/radio/rail_lib/autogen/librail_release/librail_efr32xg1_gcc_release.a(radio.o)
                0x00006cd4                RADIO_IsRxOnForRssi
 .text.RADIO_ComputeRxBaudrate
                0x00006cec       0x4c C:/SiliconLabs/SimplicityStudio/v4/developer/sdks/gecko_sdk_suite/v2.3//platform/radio/rail_lib/autogen/librail_release/librail_efr32xg1_gcc_release.a(radio.o)
                0x00006cec                RADIO_ComputeRxBaudrate
 .text.RADIO_GetRssi
                0x00006d38       0x64 C:/SiliconLabs/SimplicityStudio/v4/developer/sdks/gecko_sdk_suite/v2.3//platform/radio/rail_lib/autogen/librail_release/librail_efr32xg1_gcc_release.a(radio.o)
                0x00006d38                RADIO_GetRssi
 .text.RADIO_SetAgcCcaParams
                0x00006d9c       0x64 C:/SiliconLabs/SimplicityStudio/v4/developer/sdks/gecko_sdk_suite/v2.3//platform/radio/rail_lib/autogen/librail_release/librail_efr32xg1_gcc_release.a(radio.o)
                0x00006d9c                RADIO_SetAgcCcaParams
 .text.RADIO_RACClearRxOverflow
                0x00006e00       0x20 C:/SiliconLabs/SimplicityStudio/v4/developer/sdks/gecko_sdk_suite/v2.3//platform/radio/rail_lib/autogen/librail_release/librail_efr32xg1_gcc_release.a(radio.o)
                0x00006e00                RADIO_RACClearRxOverflow
 .text.RFSENSE_IRQHandler
                0x00006e20       0x10 C:/SiliconLabs/SimplicityStudio/v4/developer/sdks/gecko_sdk_suite/v2.3//platform/radio/rail_lib/autogen/librail_release/librail_efr32xg1_gcc_release.a(rfsense.o)
                0x00006e20                RFSENSE_IRQHandler
 .text.SYNTH_RfFreqGet
                0x00006e30        0xc C:/SiliconLabs/SimplicityStudio/v4/developer/sdks/gecko_sdk_suite/v2.3//platform/radio/rail_lib/autogen/librail_release/librail_efr32xg1_gcc_release.a(synth.o)
                0x00006e30                SYNTH_RfFreqGet
 .text.SYNTH_ChSpacingGet
                0x00006e3c        0xc C:/SiliconLabs/SimplicityStudio/v4/developer/sdks/gecko_sdk_suite/v2.3//platform/radio/rail_lib/autogen/librail_release/librail_efr32xg1_gcc_release.a(synth.o)
                0x00006e3c                SYNTH_ChSpacingGet
 .text.SYNTH_LoDivGet
                0x00006e48       0x20 C:/SiliconLabs/SimplicityStudio/v4/developer/sdks/gecko_sdk_suite/v2.3//platform/radio/rail_lib/autogen/librail_release/librail_efr32xg1_gcc_release.a(synth.o)
                0x00006e48                SYNTH_LoDivGet
 .text.SYNTH_Is2p4GHz
                0x00006e68       0x14 C:/SiliconLabs/SimplicityStudio/v4/developer/sdks/gecko_sdk_suite/v2.3//platform/radio/rail_lib/autogen/librail_release/librail_efr32xg1_gcc_release.a(synth.o)
                0x00006e68                SYNTH_Is2p4GHz
 .text.SYNTH_VcoRangeIsValid
                0x00006e7c       0x30 C:/SiliconLabs/SimplicityStudio/v4/developer/sdks/gecko_sdk_suite/v2.3//platform/radio/rail_lib/autogen/librail_release/librail_efr32xg1_gcc_release.a(synth.o)
                0x00006e7c                SYNTH_VcoRangeIsValid
 .text.SYNTH_RetimeLimitsConfig
                0x00006eac       0x64 C:/SiliconLabs/SimplicityStudio/v4/developer/sdks/gecko_sdk_suite/v2.3//platform/radio/rail_lib/autogen/librail_release/librail_efr32xg1_gcc_release.a(synth.o)
                0x00006eac                SYNTH_RetimeLimitsConfig
 .text.SYNTH_RetimeClkConfig
                0x00006f10       0xb4 C:/SiliconLabs/SimplicityStudio/v4/developer/sdks/gecko_sdk_suite/v2.3//platform/radio/rail_lib/autogen/librail_release/librail_efr32xg1_gcc_release.a(synth.o)
                0x00006f10                SYNTH_RetimeClkConfig
 .text.SYNTH_Config
                0x00006fc4      0x104 C:/SiliconLabs/SimplicityStudio/v4/developer/sdks/gecko_sdk_suite/v2.3//platform/radio/rail_lib/autogen/librail_release/librail_efr32xg1_gcc_release.a(synth.o)
                0x00006fc4                SYNTH_Config
 .text.SYNTH_ChannelSet
                0x000070c8       0x40 C:/SiliconLabs/SimplicityStudio/v4/developer/sdks/gecko_sdk_suite/v2.3//platform/radio/rail_lib/autogen/librail_release/librail_efr32xg1_gcc_release.a(synth.o)
                0x000070c8                SYNTH_ChannelSet
 .text.SYNTH_DCDCRetimeClkSet
                0x00007108       0x68 C:/SiliconLabs/SimplicityStudio/v4/developer/sdks/gecko_sdk_suite/v2.3//platform/radio/rail_lib/autogen/librail_release/librail_efr32xg1_gcc_release.a(synth.o)
                0x00007108                SYNTH_DCDCRetimeClkSet
 .text.SYNTH_DCDCRetimeEnable
                0x00007170       0x18 C:/SiliconLabs/SimplicityStudio/v4/developer/sdks/gecko_sdk_suite/v2.3//platform/radio/rail_lib/autogen/librail_release/librail_efr32xg1_gcc_release.a(synth.o)
                0x00007170                SYNTH_DCDCRetimeEnable
 .text.SYNTH_DCDCRetimeDisable
                0x00007188       0x18 C:/SiliconLabs/SimplicityStudio/v4/developer/sdks/gecko_sdk_suite/v2.3//platform/radio/rail_lib/autogen/librail_release/librail_efr32xg1_gcc_release.a(synth.o)
                0x00007188                SYNTH_DCDCRetimeDisable
 .text.SYNTH_KvnFreqCompensationEnable
                0x000071a0        0xc C:/SiliconLabs/SimplicityStudio/v4/developer/sdks/gecko_sdk_suite/v2.3//platform/radio/rail_lib/autogen/librail_release/librail_efr32xg1_gcc_release.a(synth.o)
                0x000071a0                SYNTH_KvnFreqCompensationEnable
 .text.TEMPCAL_Init
                0x000071ac       0x38 C:/SiliconLabs/SimplicityStudio/v4/developer/sdks/gecko_sdk_suite/v2.3//platform/radio/rail_lib/autogen/librail_release/librail_efr32xg1_gcc_release.a(tempcal.o)
                0x000071ac                TEMPCAL_Init
 .text.TIMING_NsToStimerTickCalc
                0x000071e4       0x2c C:/SiliconLabs/SimplicityStudio/v4/developer/sdks/gecko_sdk_suite/v2.3//platform/radio/rail_lib/autogen/librail_release/librail_efr32xg1_gcc_release.a(timings.o)
 .text.TIMING_Recalculate
                0x00007210      0x17c C:/SiliconLabs/SimplicityStudio/v4/developer/sdks/gecko_sdk_suite/v2.3//platform/radio/rail_lib/autogen/librail_release/librail_efr32xg1_gcc_release.a(timings.o)
 .text.TIMING_InitStimer
                0x0000738c       0x5c C:/SiliconLabs/SimplicityStudio/v4/developer/sdks/gecko_sdk_suite/v2.3//platform/radio/rail_lib/autogen/librail_release/librail_efr32xg1_gcc_release.a(timings.o)
                0x0000738c                TIMING_InitStimer
 .text.TIMING_SeqTimingInit
                0x000073e8        0x2 C:/SiliconLabs/SimplicityStudio/v4/developer/sdks/gecko_sdk_suite/v2.3//platform/radio/rail_lib/autogen/librail_release/librail_efr32xg1_gcc_release.a(timings.o)
                0x000073e8                TIMING_SeqTimingInit
 .text.TIMING_SetTransitionTime
                0x000073ea       0x18 C:/SiliconLabs/SimplicityStudio/v4/developer/sdks/gecko_sdk_suite/v2.3//platform/radio/rail_lib/autogen/librail_release/librail_efr32xg1_gcc_release.a(timings.o)
                0x000073ea                TIMING_SetTransitionTime
 .text.TIMING_RxSearchTimeSet
                0x00007402       0x10 C:/SiliconLabs/SimplicityStudio/v4/developer/sdks/gecko_sdk_suite/v2.3//platform/radio/rail_lib/autogen/librail_release/librail_efr32xg1_gcc_release.a(timings.o)
                0x00007402                TIMING_RxSearchTimeSet
 .text.TIMING_TxToRxSearchTimeSet
                0x00007412       0x10 C:/SiliconLabs/SimplicityStudio/v4/developer/sdks/gecko_sdk_suite/v2.3//platform/radio/rail_lib/autogen/librail_release/librail_efr32xg1_gcc_release.a(timings.o)
                0x00007412                TIMING_TxToRxSearchTimeSet
 .text.TIMING_RecalculateAll
                0x00007422        0x6 C:/SiliconLabs/SimplicityStudio/v4/developer/sdks/gecko_sdk_suite/v2.3//platform/radio/rail_lib/autogen/librail_release/librail_efr32xg1_gcc_release.a(timings.o)
                0x00007422                TIMING_RecalculateAll
 .text.TIMING_RecalculatePaRampChanged
                0x00007428        0x6 C:/SiliconLabs/SimplicityStudio/v4/developer/sdks/gecko_sdk_suite/v2.3//platform/radio/rail_lib/autogen/librail_release/librail_efr32xg1_gcc_release.a(timings.o)
                0x00007428                TIMING_RecalculatePaRampChanged
 .text.TIMING_SetChainDelays
                0x0000742e        0x8 C:/SiliconLabs/SimplicityStudio/v4/developer/sdks/gecko_sdk_suite/v2.3//platform/radio/rail_lib/autogen/librail_release/librail_efr32xg1_gcc_release.a(timings.o)
                0x0000742e                TIMING_SetChainDelays
 .text.TIMING_SetRxDoneDelay
                0x00007436        0x6 C:/SiliconLabs/SimplicityStudio/v4/developer/sdks/gecko_sdk_suite/v2.3//platform/radio/rail_lib/autogen/librail_release/librail_efr32xg1_gcc_release.a(timings.o)
                0x00007436                TIMING_SetRxDoneDelay
 .text.RFRAND_GetRadioEntropy
                0x0000743c      0x100 C:/SiliconLabs/SimplicityStudio/v4/developer/sdks/gecko_sdk_suite/v2.3//platform/radio/rail_lib/autogen/librail_release/librail_efr32xg1_gcc_release.a(rf_rand.o)
                0x0000743c                RFRAND_GetRadioEntropy
 .text.RFRAND_SeedProtimerRandom
                0x0000753c       0x3c C:/SiliconLabs/SimplicityStudio/v4/developer/sdks/gecko_sdk_suite/v2.3//platform/radio/rail_lib/autogen/librail_release/librail_efr32xg1_gcc_release.a(rf_rand.o)
                0x0000753c                RFRAND_SeedProtimerRandom
 .text.RADIO_RACStateGet
                0x00007578       0x10 C:/SiliconLabs/SimplicityStudio/v4/developer/sdks/gecko_sdk_suite/v2.3//platform/radio/rail_lib/autogen/librail_release/librail_efr32xg1_gcc_release.a(generic_phy.o)
 .text.GENERIC_PHY_EnableDisableInt
                0x00007588       0x22 C:/SiliconLabs/SimplicityStudio/v4/developer/sdks/gecko_sdk_suite/v2.3//platform/radio/rail_lib/autogen/librail_release/librail_efr32xg1_gcc_release.a(generic_phy.o)
 *fill*         0x000075aa        0x2 
 .text.GENERIC_PHY_DisableRadioIrqs
                0x000075ac       0x50 C:/SiliconLabs/SimplicityStudio/v4/developer/sdks/gecko_sdk_suite/v2.3//platform/radio/rail_lib/autogen/librail_release/librail_efr32xg1_gcc_release.a(generic_phy.o)
 .text.GENERIC_PHY_ConfigureRollbackReporting
                0x000075fc       0x68 C:/SiliconLabs/SimplicityStudio/v4/developer/sdks/gecko_sdk_suite/v2.3//platform/radio/rail_lib/autogen/librail_release/librail_efr32xg1_gcc_release.a(generic_phy.o)
 .text.GENERIC_PHY_ClearPendedRxWindowEnd
                0x00007664       0x1c C:/SiliconLabs/SimplicityStudio/v4/developer/sdks/gecko_sdk_suite/v2.3//platform/radio/rail_lib/autogen/librail_release/librail_efr32xg1_gcc_release.a(generic_phy.o)
 .text.RADIO_RACRxAbort
                0x00007680       0x38 C:/SiliconLabs/SimplicityStudio/v4/developer/sdks/gecko_sdk_suite/v2.3//platform/radio/rail_lib/autogen/librail_release/librail_efr32xg1_gcc_release.a(generic_phy.o)
 .text.GENERIC_PHY_RxOverflowHook
                0x000076b8       0x34 C:/SiliconLabs/SimplicityStudio/v4/developer/sdks/gecko_sdk_suite/v2.3//platform/radio/rail_lib/autogen/librail_release/librail_efr32xg1_gcc_release.a(generic_phy.o)
 .text.GENERIC_PHY_CheckPendedRxWindowEnd
                0x000076ec       0x44 C:/SiliconLabs/SimplicityStudio/v4/developer/sdks/gecko_sdk_suite/v2.3//platform/radio/rail_lib/autogen/librail_release/librail_efr32xg1_gcc_release.a(generic_phy.o)
 .text.GENERIC_PHY_ConfigureEvents
                0x00007730      0x2b8 C:/SiliconLabs/SimplicityStudio/v4/developer/sdks/gecko_sdk_suite/v2.3//platform/radio/rail_lib/autogen/librail_release/librail_efr32xg1_gcc_release.a(generic_phy.o)
                0x00007730                GENERIC_PHY_ConfigureEvents
 .text.GENERIC_PHY_PacketTxCommon
                0x000079e8       0x38 C:/SiliconLabs/SimplicityStudio/v4/developer/sdks/gecko_sdk_suite/v2.3//platform/radio/rail_lib/autogen/librail_release/librail_efr32xg1_gcc_release.a(generic_phy.o)
                0x000079e8                GENERIC_PHY_PacketTxCommon
 .text.GENERIC_PHY_StartRx
                0x00007a20       0x30 C:/SiliconLabs/SimplicityStudio/v4/developer/sdks/gecko_sdk_suite/v2.3//platform/radio/rail_lib/autogen/librail_release/librail_efr32xg1_gcc_release.a(generic_phy.o)
                0x00007a20                GENERIC_PHY_StartRx
 .text.GENERIC_PHY_SeqAtomicLock
                0x00007a50       0x30 C:/SiliconLabs/SimplicityStudio/v4/developer/sdks/gecko_sdk_suite/v2.3//platform/radio/rail_lib/autogen/librail_release/librail_efr32xg1_gcc_release.a(generic_phy.o)
                0x00007a50                GENERIC_PHY_SeqAtomicLock
 .text.GENERIC_PHY_RACConfig
                0x00007a80       0x78 C:/SiliconLabs/SimplicityStudio/v4/developer/sdks/gecko_sdk_suite/v2.3//platform/radio/rail_lib/autogen/librail_release/librail_efr32xg1_gcc_release.a(generic_phy.o)
                0x00007a80                GENERIC_PHY_RACConfig
 .text.GENERIC_PHY_Init
                0x00007af8       0x70 C:/SiliconLabs/SimplicityStudio/v4/developer/sdks/gecko_sdk_suite/v2.3//platform/radio/rail_lib/autogen/librail_release/librail_efr32xg1_gcc_release.a(generic_phy.o)
                0x00007af8                GENERIC_PHY_Init
 .text.GENERIC_PHY_ResetRxFifo
                0x00007b68       0x30 C:/SiliconLabs/SimplicityStudio/v4/developer/sdks/gecko_sdk_suite/v2.3//platform/radio/rail_lib/autogen/librail_release/librail_efr32xg1_gcc_release.a(generic_phy.o)
                0x00007b68                GENERIC_PHY_ResetRxFifo
 .text.GENERIC_PHY_RadioIdle
                0x00007b98      0x174 C:/SiliconLabs/SimplicityStudio/v4/developer/sdks/gecko_sdk_suite/v2.3//platform/radio/rail_lib/autogen/librail_release/librail_efr32xg1_gcc_release.a(generic_phy.o)
                0x00007b98                GENERIC_PHY_RadioIdle
 .text.FRC_IRQHandler
                0x00007d0c      0x458 C:/SiliconLabs/SimplicityStudio/v4/developer/sdks/gecko_sdk_suite/v2.3//platform/radio/rail_lib/autogen/librail_release/librail_efr32xg1_gcc_release.a(generic_phy.o)
                0x00007d0c                FRC_IRQHandler
 .text.FRC_PRI_IRQHandler
                0x00008164        0x4 C:/SiliconLabs/SimplicityStudio/v4/developer/sdks/gecko_sdk_suite/v2.3//platform/radio/rail_lib/autogen/librail_release/librail_efr32xg1_gcc_release.a(generic_phy.o)
                0x00008164                FRC_PRI_IRQHandler
 .text.BUFC_IRQHandler
                0x00008168        0x4 C:/SiliconLabs/SimplicityStudio/v4/developer/sdks/gecko_sdk_suite/v2.3//platform/radio/rail_lib/autogen/librail_release/librail_efr32xg1_gcc_release.a(generic_phy.o)
                0x00008168                BUFC_IRQHandler
 .text.PROTIMER_IRQHandler
                0x0000816c        0x4 C:/SiliconLabs/SimplicityStudio/v4/developer/sdks/gecko_sdk_suite/v2.3//platform/radio/rail_lib/autogen/librail_release/librail_efr32xg1_gcc_release.a(generic_phy.o)
                0x0000816c                PROTIMER_IRQHandler
 .text.RAC_SEQ_IRQHandler
                0x00008170        0x4 C:/SiliconLabs/SimplicityStudio/v4/developer/sdks/gecko_sdk_suite/v2.3//platform/radio/rail_lib/autogen/librail_release/librail_efr32xg1_gcc_release.a(generic_phy.o)
                0x00008170                RAC_SEQ_IRQHandler
 .text.RAILCb_RadioStateChanged
                0x00008174       0x14 C:/SiliconLabs/SimplicityStudio/v4/developer/sdks/gecko_sdk_suite/v2.3//platform/radio/rail_lib/autogen/librail_release/librail_efr32xg1_gcc_release.a(generic_phy.o)
                0x00008174                RAILCb_RadioStateChanged
 .text.RAC_RSM_IRQHandler
                0x00008188       0x48 C:/SiliconLabs/SimplicityStudio/v4/developer/sdks/gecko_sdk_suite/v2.3//platform/radio/rail_lib/autogen/librail_release/librail_efr32xg1_gcc_release.a(generic_phy.o)
                0x00008188                RAC_RSM_IRQHandler
 .text.MODEM_IRQHandler